22:22:53
              total        used        free      shared  buff/cache   available
Mem:            62G        1.1G         55G        168M        6.7G         60G
Swap:            0B          0B          0B
22:22:58
              total        used        free      shared  buff/cache   available
Mem:            62G        1.1G         55G        168M        6.7G         60G
Swap:            0B          0B          0B
22:23:03
              total        used        free      shared  buff/cache   available
Mem:            62G        522M         55G        168M        6.7G         61G
Swap:            0B          0B          0B
22:23:08
              total        used        free      shared  buff/cache   available
Mem:            62G        523M         55G        168M        6.7G         61G
Swap:            0B          0B          0B
22:23:13
              total        used        free      shared  buff/cache   available
Mem:            62G        523M         55G        168M        6.7G         61G
Swap:            0B          0B          0B
22:23:18
              total        used        free      shared  buff/cache   available
Mem:            62G        523M         55G        168M        6.7G         61G
Swap:            0B          0B          0B
22:23:23
              total        used        free      shared  buff/cache   available
Mem:            62G        524M         55G        168M        6.7G         61G
Swap:            0B          0B          0B
22:23:28
              total        used        free      shared  buff/cache   available
Mem:            62G        524M         55G        168M        6.7G         61G
Swap:            0B          0B          0B
22:23:33
              total        used        free      shared  buff/cache   available
Mem:            62G        524M         55G        168M        6.7G         61G
Swap:            0B          0B          0B
22:23:38
              total        used        free      shared  buff/cache   available
Mem:            62G        524M         55G        168M        6.7G         61G
Swap:            0B          0B          0B
22:23:43
              total        used        free      shared  buff/cache   available
Mem:            62G        4.8G         51G        168M        6.7G         57G
Swap:            0B          0B          0B
22:23:48
              total        used        free      shared  buff/cache   available
Mem:            62G        737M         55G        168M        6.8G         61G
Swap:            0B          0B          0B
22:23:53
              total        used        free      shared  buff/cache   available
Mem:            62G        1.1G         55G        168M        6.6G         60G
Swap:            0B          0B          0B
22:23:58
              total        used        free      shared  buff/cache   available
Mem:            62G        1.1G         55G        168M        6.6G         60G
Swap:            0B          0B          0B
22:24:03
              total        used        free      shared  buff/cache   available
Mem:            62G        1.1G         55G        168M        6.6G         60G
Swap:            0B          0B          0B
22:24:08
              total        used        free      shared  buff/cache   available
Mem:            62G        843M         55G        168M        6.6G         61G
Swap:            0B          0B          0B
22:24:13
              total        used        free      shared  buff/cache   available
Mem:            62G        1.1G         55G        168M        6.6G         60G
Swap:            0B          0B          0B
22:24:18
              total        used        free      shared  buff/cache   available
Mem:            62G        1.1G         55G        168M        6.6G         60G
Swap:            0B          0B          0B
22:24:23
              total        used        free      shared  buff/cache   available
Mem:            62G        1.1G         55G        168M        6.6G         60G
Swap:            0B          0B          0B
22:24:29
              total        used        free      shared  buff/cache   available
Mem:            62G        523M         55G        168M        6.7G         61G
Swap:            0B          0B          0B
22:24:34
              total        used        free      shared  buff/cache   available
Mem:            62G        524M         55G        168M        6.7G         61G
Swap:            0B          0B          0B
22:24:39
              total        used        free      shared  buff/cache   available
Mem:            62G        524M         55G        168M        6.7G         61G
Swap:            0B          0B          0B
22:24:44
              total        used        free      shared  buff/cache   available
Mem:            62G        524M         55G        168M        6.7G         61G
Swap:            0B          0B          0B
22:24:49
              total        used        free      shared  buff/cache   available
Mem:            62G        525M         55G        168M        6.7G         61G
Swap:            0B          0B          0B
22:24:54
              total        used        free      shared  buff/cache   available
Mem:            62G        526M         55G        168M        6.7G         61G
Swap:            0B          0B          0B
22:24:59
              total        used        free      shared  buff/cache   available
Mem:            62G        526M         55G        168M        6.7G         61G
Swap:            0B          0B          0B
22:25:04
              total        used        free      shared  buff/cache   available
Mem:            62G        524M         55G        168M        6.7G         61G
Swap:            0B          0B          0B
22:25:09
              total        used        free      shared  buff/cache   available
Mem:            62G        5.1G         51G        168M        6.7G         56G
Swap:            0B          0B          0B
22:25:14
              total        used        free      shared  buff/cache   available
Mem:            62G        421M         55G        168M        6.8G         61G
Swap:            0B          0B          0B
22:25:19
              total        used        free      shared  buff/cache   available
Mem:            62G        722M         55G        168M        6.8G         61G
Swap:            0B          0B          0B
22:25:24
              total        used        free      shared  buff/cache   available
Mem:            62G        1.1G         55G        168M        6.8G         60G
Swap:            0B          0B          0B
22:25:29
              total        used        free      shared  buff/cache   available
Mem:            62G        1.1G         55G        168M        6.8G         60G
Swap:            0B          0B          0B
22:25:34
              total        used        free      shared  buff/cache   available
Mem:            62G        1.1G         55G        168M        6.8G         60G
Swap:            0B          0B          0B
22:25:39
              total        used        free      shared  buff/cache   available
Mem:            62G        1.1G         55G        168M        6.8G         60G
Swap:            0B          0B          0B
22:25:44
              total        used        free      shared  buff/cache   available
Mem:            62G        1.1G         55G        168M        6.8G         60G
Swap:            0B          0B          0B
22:25:49
              total        used        free      shared  buff/cache   available
Mem:            62G        1.1G         55G        168M        6.8G         60G
Swap:            0B          0B          0B
22:25:54
              total        used        free      shared  buff/cache   available
Mem:            62G        522M         55G        168M        6.8G         61G
Swap:            0B          0B          0B
22:25:59
              total        used        free      shared  buff/cache   available
Mem:            62G        522M         55G        168M        6.8G         61G
Swap:            0B          0B          0B
22:26:05
              total        used        free      shared  buff/cache   available
Mem:            62G        522M         55G        168M        6.8G         61G
Swap:            0B          0B          0B
22:26:10
              total        used        free      shared  buff/cache   available
Mem:            62G        522M         55G        168M        6.8G         61G
Swap:            0B          0B          0B
22:26:15
              total        used        free      shared  buff/cache   available
Mem:            62G        522M         55G        168M        6.8G         61G
Swap:            0B          0B          0B
22:26:20
              total        used        free      shared  buff/cache   available
Mem:            62G        522M         55G        168M        6.8G         61G
Swap:            0B          0B          0B
22:26:25
              total        used        free      shared  buff/cache   available
Mem:            62G        523M         55G        168M        6.8G         61G
Swap:            0B          0B          0B
22:26:30
              total        used        free      shared  buff/cache   available
Mem:            62G        523M         55G        168M        6.8G         61G
Swap:            0B          0B          0B
22:26:35
              total        used        free      shared  buff/cache   available
Mem:            62G        4.3G         51G        168M        6.8G         57G
Swap:            0B          0B          0B
22:26:40
              total        used        free      shared  buff/cache   available
Mem:            62G        820M         55G        168M        6.7G         61G
Swap:            0B          0B          0B
22:26:45
              total        used        free      shared  buff/cache   available
Mem:            62G        1.1G         55G        168M        6.7G         60G
Swap:            0B          0B          0B
22:26:50
              total        used        free      shared  buff/cache   available
Mem:            62G        1.1G         55G        168M        6.7G         60G
Swap:            0B          0B          0B
22:26:55
              total        used        free      shared  buff/cache   available
Mem:            62G        1.1G         55G        168M        6.7G         60G
Swap:            0B          0B          0B
22:27:00
              total        used        free      shared  buff/cache   available
Mem:            62G        1.1G         55G        168M        6.7G         60G
Swap:            0B          0B          0B
22:27:05
              total        used        free      shared  buff/cache   available
Mem:            62G        1.1G         55G        168M        6.7G         60G
Swap:            0B          0B          0B
22:27:10
              total        used        free      shared  buff/cache   available
Mem:            62G        750M         55G        168M        6.7G         61G
Swap:            0B          0B          0B
22:27:15
              total        used        free      shared  buff/cache   available
Mem:            62G        420M         55G        168M        6.8G         61G
Swap:            0B          0B          0B
22:27:20
              total        used        free      shared  buff/cache   available
Mem:            62G        521M         55G        168M        6.8G         61G
Swap:            0B          0B          0B
22:27:25
              total        used        free      shared  buff/cache   available
Mem:            62G        521M         55G        168M        6.8G         61G
Swap:            0B          0B          0B
22:27:30
              total        used        free      shared  buff/cache   available
Mem:            62G        522M         55G        168M        6.8G         61G
Swap:            0B          0B          0B
22:27:35
              total        used        free      shared  buff/cache   available
Mem:            62G        522M         55G        168M        6.8G         61G
Swap:            0B          0B          0B
22:27:41
              total        used        free      shared  buff/cache   available
Mem:            62G        522M         55G        168M        6.8G         61G
Swap:            0B          0B          0B
22:27:46
              total        used        free      shared  buff/cache   available
Mem:            62G        522M         55G        168M        6.8G         61G
Swap:            0B          0B          0B
22:27:51
              total        used        free      shared  buff/cache   available
Mem:            62G        523M         55G        168M        6.8G         61G
Swap:            0B          0B          0B
22:27:56
              total        used        free      shared  buff/cache   available
Mem:            62G        2.1G         54G        168M        6.8G         59G
Swap:            0B          0B          0B
22:28:01
              total        used        free      shared  buff/cache   available
Mem:            62G        674M         55G        168M        6.9G         61G
Swap:            0B          0B          0B
22:28:06
              total        used        free      shared  buff/cache   available
Mem:            62G        1.1G         54G        168M        6.9G         60G
Swap:            0B          0B          0B
22:28:11
              total        used        free      shared  buff/cache   available
Mem:            62G        1.1G         54G        168M        6.9G         60G
Swap:            0B          0B          0B
22:28:16
              total        used        free      shared  buff/cache   available
Mem:            62G        1.1G         54G        168M        6.9G         60G
Swap:            0B          0B          0B
22:28:21
              total        used        free      shared  buff/cache   available
Mem:            62G        1.1G         54G        168M        6.9G         60G
Swap:            0B          0B          0B
22:28:26
              total        used        free      shared  buff/cache   available
Mem:            62G        1.1G         54G        168M        6.9G         60G
Swap:            0B          0B          0B
22:28:31
              total        used        free      shared  buff/cache   available
Mem:            62G        1.1G         54G        168M        6.9G         60G
Swap:            0B          0B          0B
22:28:36
              total        used        free      shared  buff/cache   available
Mem:            62G        1.1G         54G        168M        6.9G         60G
Swap:            0B          0B          0B
22:28:41
              total        used        free      shared  buff/cache   available
Mem:            62G        521M         55G        168M        6.9G         61G
Swap:            0B          0B          0B
22:28:46
              total        used        free      shared  buff/cache   available
Mem:            62G        521M         55G        168M        6.9G         61G
Swap:            0B          0B          0B
22:28:51
              total        used        free      shared  buff/cache   available
Mem:            62G        522M         55G        168M        6.9G         61G
Swap:            0B          0B          0B
22:28:56
              total        used        free      shared  buff/cache   available
Mem:            62G        522M         55G        168M        6.9G         61G
Swap:            0B          0B          0B
22:29:01
              total        used        free      shared  buff/cache   available
Mem:            62G        522M         55G        168M        6.9G         61G
Swap:            0B          0B          0B
22:29:06
              total        used        free      shared  buff/cache   available
Mem:            62G        523M         55G        168M        6.9G         61G
Swap:            0B          0B          0B
22:29:11
              total        used        free      shared  buff/cache   available
Mem:            62G        523M         55G        168M        6.9G         61G
Swap:            0B          0B          0B
22:29:16
              total        used        free      shared  buff/cache   available
Mem:            62G        523M         55G        168M        6.9G         61G
Swap:            0B          0B          0B
22:29:22
              total        used        free      shared  buff/cache   available
Mem:            62G        4.8G         51G        168M        6.9G         57G
Swap:            0B          0B          0B
22:29:27
              total        used        free      shared  buff/cache   available
Mem:            62G        4.9G         50G        168M        7.0G         57G
Swap:            0B          0B          0B
22:29:32
              total        used        free      shared  buff/cache   available
Mem:            62G        1.1G         54G        168M        6.8G         60G
Swap:            0B          0B          0B
22:29:37
              total        used        free      shared  buff/cache   available
Mem:            62G        1.1G         55G        168M        6.8G         60G
Swap:            0B          0B          0B
22:29:42
              total        used        free      shared  buff/cache   available
Mem:            62G        1.1G         55G        168M        6.8G         60G
Swap:            0B          0B          0B
22:29:47
              total        used        free      shared  buff/cache   available
Mem:            62G        766M         55G        168M        6.8G         61G
Swap:            0B          0B          0B
22:29:52
              total        used        free      shared  buff/cache   available
Mem:            62G        1.0G         55G        168M        6.8G         60G
Swap:            0B          0B          0B
22:29:57
              total        used        free      shared  buff/cache   available
Mem:            62G        1.1G         55G        168M        6.8G         60G
Swap:            0B          0B          0B
22:30:02
              total        used        free      shared  buff/cache   available
Mem:            62G        1.1G         55G        168M        6.8G         60G
Swap:            0B          0B          0B
22:30:07
              total        used        free      shared  buff/cache   available
Mem:            62G        521M         55G        168M        6.9G         61G
Swap:            0B          0B          0B
22:30:12
              total        used        free      shared  buff/cache   available
Mem:            62G        521M         55G        168M        6.9G         61G
Swap:            0B          0B          0B
22:30:17
              total        used        free      shared  buff/cache   available
Mem:            62G        521M         55G        168M        6.9G         61G
Swap:            0B          0B          0B
22:30:22
              total        used        free      shared  buff/cache   available
Mem:            62G        521M         55G        168M        6.9G         61G
Swap:            0B          0B          0B
22:30:27
              total        used        free      shared  buff/cache   available
Mem:            62G        521M         55G        168M        6.9G         61G
Swap:            0B          0B          0B
22:30:32
              total        used        free      shared  buff/cache   available
Mem:            62G        521M         55G        168M        6.9G         61G
Swap:            0B          0B          0B
22:30:37
              total        used        free      shared  buff/cache   available
Mem:            62G        522M         55G        168M        6.9G         61G
Swap:            0B          0B          0B
22:30:42
              total        used        free      shared  buff/cache   available
Mem:            62G        522M         55G        168M        6.9G         61G
Swap:            0B          0B          0B
22:30:47
              total        used        free      shared  buff/cache   available
Mem:            62G        5.1G         50G        168M        6.9G         56G
Swap:            0B          0B          0B
22:30:52
              total        used        free      shared  buff/cache   available
Mem:            62G        797M         55G        168M        7.0G         61G
Swap:            0B          0B          0B
22:30:57
              total        used        free      shared  buff/cache   available
Mem:            62G        1.1G         54G        168M        7.0G         60G
Swap:            0B          0B          0B
22:31:02
              total        used        free      shared  buff/cache   available
Mem:            62G        1.0G         54G        168M        7.0G         60G
Swap:            0B          0B          0B
22:31:07
              total        used        free      shared  buff/cache   available
Mem:            62G        1.1G         54G        168M        7.0G         60G
Swap:            0B          0B          0B
22:31:13
              total        used        free      shared  buff/cache   available
Mem:            62G        1.1G         54G        168M        7.0G         60G
Swap:            0B          0B          0B
22:31:18
              total        used        free      shared  buff/cache   available
Mem:            62G        1.1G         54G        168M        7.0G         60G
Swap:            0B          0B          0B
22:31:23
              total        used        free      shared  buff/cache   available
Mem:            62G        1.1G         54G        168M        7.0G         60G
Swap:            0B          0B          0B
22:31:28
              total        used        free      shared  buff/cache   available
Mem:            62G        1.1G         54G        168M        7.0G         60G
Swap:            0B          0B          0B
22:31:33
              total        used        free      shared  buff/cache   available
Mem:            62G        519M         55G        168M        7.0G         61G
Swap:            0B          0B          0B
22:31:38
              total        used        free      shared  buff/cache   available
Mem:            62G        520M         55G        168M        7.0G         61G
Swap:            0B          0B          0B
22:31:43
              total        used        free      shared  buff/cache   available
Mem:            62G        520M         55G        168M        7.0G         61G
Swap:            0B          0B          0B
22:31:48
              total        used        free      shared  buff/cache   available
Mem:            62G        520M         55G        168M        7.0G         61G
Swap:            0B          0B          0B
22:31:53
              total        used        free      shared  buff/cache   available
Mem:            62G        521M         55G        168M        7.0G         61G
Swap:            0B          0B          0B
22:31:58
              total        used        free      shared  buff/cache   available
Mem:            62G        521M         55G        168M        7.0G         61G
Swap:            0B          0B          0B
22:32:03
              total        used        free      shared  buff/cache   available
Mem:            62G        522M         55G        168M        7.0G         61G
Swap:            0B          0B          0B
22:32:08
              total        used        free      shared  buff/cache   available
Mem:            62G        522M         55G        168M        7.0G         61G
Swap:            0B          0B          0B
22:32:13
              total        used        free      shared  buff/cache   available
Mem:            62G        4.7G         51G        168M        7.0G         57G
Swap:            0B          0B          0B
22:32:18
              total        used        free      shared  buff/cache   available
Mem:            62G        1.0G         55G        168M        6.9G         60G
Swap:            0B          0B          0B
22:32:23
              total        used        free      shared  buff/cache   available
Mem:            62G        984M         55G        168M        6.9G         60G
Swap:            0B          0B          0B
22:32:28
              total        used        free      shared  buff/cache   available
Mem:            62G        444M         55G        168M        6.9G         61G
Swap:            0B          0B          0B
22:32:33
              total        used        free      shared  buff/cache   available
Mem:            62G        445M         55G        168M        6.9G         61G
Swap:            0B          0B          0B
22:32:38
              total        used        free      shared  buff/cache   available
Mem:            62G        563M         55G        168M        6.9G         61G
Swap:            0B          0B          0B
22:32:43
              total        used        free      shared  buff/cache   available
Mem:            62G        981M         55G        168M        6.9G         60G
Swap:            0B          0B          0B
22:32:48
              total        used        free      shared  buff/cache   available
Mem:            62G        448M         55G        168M        6.9G         61G
Swap:            0B          0B          0B
22:32:54
              total        used        free      shared  buff/cache   available
Mem:            62G        449M         55G        168M        6.9G         61G
Swap:            0B          0B          0B
22:32:59
              total        used        free      shared  buff/cache   available
Mem:            62G        604M         55G        168M        6.9G         61G
Swap:            0B          0B          0B
22:33:04
              total        used        free      shared  buff/cache   available
Mem:            62G        1.0G         55G        168M        6.9G         60G
Swap:            0B          0B          0B
22:33:09
              total        used        free      shared  buff/cache   available
Mem:            62G        446M         55G        168M        6.9G         61G
Swap:            0B          0B          0B
22:33:14
              total        used        free      shared  buff/cache   available
Mem:            62G        447M         55G        168M        6.9G         61G
Swap:            0B          0B          0B
22:33:19
              total        used        free      shared  buff/cache   available
Mem:            62G        449M         55G        168M        6.9G         61G
Swap:            0B          0B          0B
22:33:24
              total        used        free      shared  buff/cache   available
Mem:            62G        1.0G         55G        168M        6.9G         60G
Swap:            0B          0B          0B
22:33:29
              total        used        free      shared  buff/cache   available
Mem:            62G        986M         55G        168M        6.9G         60G
Swap:            0B          0B          0B
22:33:34
              total        used        free      shared  buff/cache   available
Mem:            62G        447M         55G        168M        6.9G         61G
Swap:            0B          0B          0B
22:33:39
              total        used        free      shared  buff/cache   available
Mem:            62G        448M         55G        168M        6.9G         61G
Swap:            0B          0B          0B
22:33:44
              total        used        free      shared  buff/cache   available
Mem:            62G        1.0G         55G        168M        6.9G         60G
Swap:            0B          0B          0B
22:33:49
              total        used        free      shared  buff/cache   available
Mem:            62G        989M         55G        168M        6.9G         60G
Swap:            0B          0B          0B
22:33:54
              total        used        free      shared  buff/cache   available
Mem:            62G        447M         55G        168M        6.9G         61G
Swap:            0B          0B          0B
22:33:59
              total        used        free      shared  buff/cache   available
Mem:            62G        447M         55G        168M        6.9G         61G
Swap:            0B          0B          0B
22:34:04
              total        used        free      shared  buff/cache   available
Mem:            62G        828M         55G        168M        7.0G         61G
Swap:            0B          0B          0B
22:34:09
              total        used        free      shared  buff/cache   available
Mem:            62G        987M         54G        168M        7.0G         60G
Swap:            0B          0B          0B
22:34:14
              total        used        free      shared  buff/cache   available
Mem:            62G        448M         55G        168M        7.0G         61G
Swap:            0B          0B          0B
22:34:19
              total        used        free      shared  buff/cache   available
Mem:            62G        449M         55G        168M        7.0G         61G
Swap:            0B          0B          0B
22:34:24
              total        used        free      shared  buff/cache   available
Mem:            62G        1.6G         54G        168M        7.0G         60G
Swap:            0B          0B          0B
22:34:29
              total        used        free      shared  buff/cache   available
Mem:            62G        1.0G         54G        168M        6.9G         60G
Swap:            0B          0B          0B
22:34:34
              total        used        free      shared  buff/cache   available
Mem:            62G        449M         55G        168M        6.9G         61G
Swap:            0B          0B          0B
22:34:39
              total        used        free      shared  buff/cache   available
Mem:            62G        448M         55G        168M        7.0G         61G
Swap:            0B          0B          0B
22:34:45
              total        used        free      shared  buff/cache   available
Mem:            62G        923M         55G        168M        7.0G         60G
Swap:            0B          0B          0B
22:34:50
              total        used        free      shared  buff/cache   available
Mem:            62G        1.0G         54G        168M        7.0G         60G
Swap:            0B          0B          0B
22:34:55
              total        used        free      shared  buff/cache   available
Mem:            62G        986M         54G        168M        7.0G         60G
Swap:            0B          0B          0B
22:35:00
              total        used        free      shared  buff/cache   available
Mem:            62G        447M         55G        168M        7.0G         61G
Swap:            0B          0B          0B
22:35:05
              total        used        free      shared  buff/cache   available
Mem:            62G        448M         55G        168M        7.0G         61G
Swap:            0B          0B          0B
22:35:10
              total        used        free      shared  buff/cache   available
Mem:            62G        427M         55G        168M        6.9G         61G
Swap:            0B          0B          0B
22:35:15
              total        used        free      shared  buff/cache   available
Mem:            62G        441M         55G        168M        6.9G         61G
Swap:            0B          0B          0B
22:35:20
              total        used        free      shared  buff/cache   available
Mem:            62G        454M         55G        168M        6.9G         61G
Swap:            0B          0B          0B
22:35:25
              total        used        free      shared  buff/cache   available
Mem:            62G        468M         55G        168M        6.9G         61G
Swap:            0B          0B          0B
22:35:30
              total        used        free      shared  buff/cache   available
Mem:            62G        480M         55G        168M        6.9G         61G
Swap:            0B          0B          0B
22:35:35
              total        used        free      shared  buff/cache   available
Mem:            62G        493M         55G        168M        6.9G         61G
Swap:            0B          0B          0B
22:35:40
              total        used        free      shared  buff/cache   available
Mem:            62G        506M         55G        168M        6.9G         61G
Swap:            0B          0B          0B
22:35:45
              total        used        free      shared  buff/cache   available
Mem:            62G        518M         55G        168M        6.9G         61G
Swap:            0B          0B          0B
22:35:50
              total        used        free      shared  buff/cache   available
Mem:            62G        457M         55G        168M        7.0G         61G
Swap:            0B          0B          0B
22:35:55
              total        used        free      shared  buff/cache   available
Mem:            62G        464M         55G        168M        7.0G         61G
Swap:            0B          0B          0B
22:36:00
              total        used        free      shared  buff/cache   available
Mem:            62G        471M         55G        168M        7.0G         61G
Swap:            0B          0B          0B
22:36:05
              total        used        free      shared  buff/cache   available
Mem:            62G        480M         55G        168M        7.0G         61G
Swap:            0B          0B          0B
22:36:10
              total        used        free      shared  buff/cache   available
Mem:            62G        488M         55G        168M        7.0G         61G
Swap:            0B          0B          0B
22:36:15
              total        used        free      shared  buff/cache   available
Mem:            62G        499M         55G        168M        7.0G         61G
Swap:            0B          0B          0B
22:36:20
              total        used        free      shared  buff/cache   available
Mem:            62G        509M         55G        168M        7.0G         61G
Swap:            0B          0B          0B
22:36:26
              total        used        free      shared  buff/cache   available
Mem:            62G        520M         55G        168M        7.0G         61G
Swap:            0B          0B          0B
22:36:31
              total        used        free      shared  buff/cache   available
Mem:            62G        625M         55G        168M        7.1G         61G
Swap:            0B          0B          0B
22:36:36
              total        used        free      shared  buff/cache   available
Mem:            62G        625M         55G        168M        7.1G         61G
Swap:            0B          0B          0B
22:36:41
              total        used        free      shared  buff/cache   available
Mem:            62G        626M         55G        168M        7.1G         61G
Swap:            0B          0B          0B
22:36:46
              total        used        free      shared  buff/cache   available
Mem:            62G        626M         55G        168M        7.1G         61G
Swap:            0B          0B          0B
22:36:51
              total        used        free      shared  buff/cache   available
Mem:            62G        626M         55G        168M        7.1G         61G
Swap:            0B          0B          0B
22:36:56
              total        used        free      shared  buff/cache   available
Mem:            62G        626M         55G        168M        7.1G         61G
Swap:            0B          0B          0B
22:37:01
              total        used        free      shared  buff/cache   available
Mem:            62G        626M         55G        168M        7.1G         61G
Swap:            0B          0B          0B
22:37:06
              total        used        free      shared  buff/cache   available
Mem:            62G        626M         55G        168M        7.1G         61G
Swap:            0B          0B          0B
22:37:11
              total        used        free      shared  buff/cache   available
Mem:            62G        726M         54G        168M        7.2G         61G
Swap:            0B          0B          0B
22:37:16
              total        used        free      shared  buff/cache   available
Mem:            62G        726M         54G        168M        7.2G         61G
Swap:            0B          0B          0B
22:37:21
              total        used        free      shared  buff/cache   available
Mem:            62G        726M         54G        168M        7.2G         61G
Swap:            0B          0B          0B
22:37:26
              total        used        free      shared  buff/cache   available
Mem:            62G        726M         54G        168M        7.2G         61G
Swap:            0B          0B          0B
22:37:31
              total        used        free      shared  buff/cache   available
Mem:            62G        727M         54G        168M        7.2G         61G
Swap:            0B          0B          0B
22:37:36
              total        used        free      shared  buff/cache   available
Mem:            62G        727M         54G        168M        7.2G         61G
Swap:            0B          0B          0B
22:37:41
              total        used        free      shared  buff/cache   available
Mem:            62G        727M         54G        168M        7.2G         61G
Swap:            0B          0B          0B
22:37:46
              total        used        free      shared  buff/cache   available
Mem:            62G        752M         54G        168M        7.3G         61G
Swap:            0B          0B          0B
22:37:51
              total        used        free      shared  buff/cache   available
Mem:            62G        752M         54G        168M        7.3G         61G
Swap:            0B          0B          0B
22:37:56
              total        used        free      shared  buff/cache   available
Mem:            62G        750M         54G        168M        7.3G         61G
Swap:            0B          0B          0B
22:38:02
              total        used        free      shared  buff/cache   available
Mem:            62G        751M         54G        168M        7.3G         61G
Swap:            0B          0B          0B
22:38:07
              total        used        free      shared  buff/cache   available
Mem:            62G        751M         54G        168M        7.4G         61G
Swap:            0B          0B          0B
22:38:12
              total        used        free      shared  buff/cache   available
Mem:            62G        751M         54G        168M        7.4G         61G
Swap:            0B          0B          0B
22:38:17
              total        used        free      shared  buff/cache   available
Mem:            62G        751M         54G        168M        7.4G         61G
Swap:            0B          0B          0B
22:38:22
              total        used        free      shared  buff/cache   available
Mem:            62G        751M         54G        168M        7.4G         61G
Swap:            0B          0B          0B
22:38:27
              total        used        free      shared  buff/cache   available
Mem:            62G        422M         55G        168M        7.4G         61G
Swap:            0B          0B          0B
22:38:32
              total        used        free      shared  buff/cache   available
Mem:            62G        1.1G         54G        168M        7.4G         60G
Swap:            0B          0B          0B
22:38:37
              total        used        free      shared  buff/cache   available
Mem:            62G        1.1G         54G        168M        7.4G         60G
Swap:            0B          0B          0B
22:38:42
              total        used        free      shared  buff/cache   available
Mem:            62G        1.1G         54G        168M        7.4G         60G
Swap:            0B          0B          0B
22:38:47
              total        used        free      shared  buff/cache   available
Mem:            62G        1.1G         54G        168M        7.4G         60G
Swap:            0B          0B          0B
22:38:52
              total        used        free      shared  buff/cache   available
Mem:            62G        1.1G         54G        168M        7.4G         60G
Swap:            0B          0B          0B
22:38:57
              total        used        free      shared  buff/cache   available
Mem:            62G        1.1G         54G        168M        7.4G         60G
Swap:            0B          0B          0B
22:39:02
              total        used        free      shared  buff/cache   available
Mem:            62G        1.1G         54G        168M        7.4G         60G
Swap:            0B          0B          0B
22:39:07
              total        used        free      shared  buff/cache   available
Mem:            62G        1.1G         54G        168M        7.5G         60G
Swap:            0B          0B          0B
22:39:12
              total        used        free      shared  buff/cache   available
Mem:            62G        1.1G         54G        168M        7.5G         60G
Swap:            0B          0B          0B
22:39:17
              total        used        free      shared  buff/cache   available
Mem:            62G        1.1G         54G        168M        7.5G         60G
Swap:            0B          0B          0B
22:39:22
              total        used        free      shared  buff/cache   available
Mem:            62G        1.1G         54G        168M        7.5G         60G
Swap:            0B          0B          0B
22:39:27
              total        used        free      shared  buff/cache   available
Mem:            62G        1.1G         54G        168M        7.5G         60G
Swap:            0B          0B          0B
22:39:32
              total        used        free      shared  buff/cache   available
Mem:            62G        1.1G         54G        168M        7.5G         60G
Swap:            0B          0B          0B
22:39:37
              total        used        free      shared  buff/cache   available
Mem:            62G        1.1G         54G        168M        7.5G         60G
Swap:            0B          0B          0B
22:39:42
              total        used        free      shared  buff/cache   available
Mem:            62G        1.0G         54G        168M        7.5G         60G
Swap:            0B          0B          0B
22:39:48
              total        used        free      shared  buff/cache   available
Mem:            62G        1.1G         54G        168M        7.5G         60G
Swap:            0B          0B          0B
22:39:53
              total        used        free      shared  buff/cache   available
Mem:            62G        1.1G         54G        168M        7.5G         60G
Swap:            0B          0B          0B
22:39:58
              total        used        free      shared  buff/cache   available
Mem:            62G        1.1G         54G        168M        7.5G         60G
Swap:            0B          0B          0B
22:40:03
              total        used        free      shared  buff/cache   available
Mem:            62G        1.1G         54G        168M        7.5G         60G
Swap:            0B          0B          0B
22:40:08
              total        used        free      shared  buff/cache   available
Mem:            62G        1.1G         54G        168M        7.5G         60G
Swap:            0B          0B          0B
22:40:13
              total        used        free      shared  buff/cache   available
Mem:            62G        1.1G         54G        168M        7.5G         60G
Swap:            0B          0B          0B
22:40:18
              total        used        free      shared  buff/cache   available
Mem:            62G        1.1G         54G        168M        7.6G         60G
Swap:            0B          0B          0B
22:40:23
              total        used        free      shared  buff/cache   available
Mem:            62G        1.1G         54G        168M        7.6G         60G
Swap:            0B          0B          0B
22:40:28
              total        used        free      shared  buff/cache   available
Mem:            62G        1.1G         54G        168M        7.6G         60G
Swap:            0B          0B          0B
22:40:33
              total        used        free      shared  buff/cache   available
Mem:            62G        1.1G         54G        168M        7.6G         60G
Swap:            0B          0B          0B
22:40:38
              total        used        free      shared  buff/cache   available
Mem:            62G        1.1G         54G        168M        7.6G         60G
Swap:            0B          0B          0B
22:40:43
              total        used        free      shared  buff/cache   available
Mem:            62G        1.1G         54G        168M        7.6G         60G
Swap:            0B          0B          0B
22:40:48
              total        used        free      shared  buff/cache   available
Mem:            62G        863M         54G        168M        7.6G         61G
Swap:            0B          0B          0B
22:40:53
              total        used        free      shared  buff/cache   available
Mem:            62G        1.0G         54G        168M        7.6G         60G
Swap:            0B          0B          0B
22:40:58
              total        used        free      shared  buff/cache   available
Mem:            62G        1.0G         54G        168M        7.6G         60G
Swap:            0B          0B          0B
22:41:03
              total        used        free      shared  buff/cache   available
Mem:            62G        1.0G         54G        168M        7.6G         60G
Swap:            0B          0B          0B
22:41:08
              total        used        free      shared  buff/cache   available
Mem:            62G        1.0G         54G        168M        7.6G         60G
Swap:            0B          0B          0B
22:41:13
              total        used        free      shared  buff/cache   available
Mem:            62G        1.0G         54G        168M        7.6G         60G
Swap:            0B          0B          0B
22:41:18
              total        used        free      shared  buff/cache   available
Mem:            62G        1.0G         54G        168M        7.6G         60G
Swap:            0B          0B          0B
22:41:23
              total        used        free      shared  buff/cache   available
Mem:            62G        951M         54G        168M        7.7G         60G
Swap:            0B          0B          0B
22:41:28
              total        used        free      shared  buff/cache   available
Mem:            62G        523M         54G        168M        7.7G         61G
Swap:            0B          0B          0B
22:41:33
              total        used        free      shared  buff/cache   available
Mem:            62G        523M         54G        168M        7.7G         61G
Swap:            0B          0B          0B
22:41:39
              total        used        free      shared  buff/cache   available
Mem:            62G        524M         54G        168M        7.7G         61G
Swap:            0B          0B          0B
22:41:44
              total        used        free      shared  buff/cache   available
Mem:            62G        525M         54G        168M        7.7G         61G
Swap:            0B          0B          0B
22:41:49
              total        used        free      shared  buff/cache   available
Mem:            62G        525M         54G        168M        7.7G         61G
Swap:            0B          0B          0B
22:41:54
              total        used        free      shared  buff/cache   available
Mem:            62G        525M         54G        168M        7.7G         61G
Swap:            0B          0B          0B
22:41:59
              total        used        free      shared  buff/cache   available
Mem:            62G        525M         54G        168M        7.7G         61G
Swap:            0B          0B          0B
22:42:04
              total        used        free      shared  buff/cache   available
Mem:            62G        524M         54G        168M        7.7G         61G
Swap:            0B          0B          0B
22:42:09
              total        used        free      shared  buff/cache   available
Mem:            62G        4.7G         50G        168M        7.7G         57G
Swap:            0B          0B          0B
22:42:14
              total        used        free      shared  buff/cache   available
Mem:            62G        528M         54G        168M        7.8G         61G
Swap:            0B          0B          0B
22:42:19
              total        used        free      shared  buff/cache   available
Mem:            62G        529M         54G        168M        7.8G         61G
Swap:            0B          0B          0B
22:42:24
              total        used        free      shared  buff/cache   available
Mem:            62G        529M         54G        168M        7.8G         61G
Swap:            0B          0B          0B
22:42:29
              total        used        free      shared  buff/cache   available
Mem:            62G        529M         54G        168M        7.8G         61G
Swap:            0B          0B          0B
22:42:34
              total        used        free      shared  buff/cache   available
Mem:            62G        529M         54G        168M        7.8G         61G
Swap:            0B          0B          0B
22:42:39
              total        used        free      shared  buff/cache   available
Mem:            62G        529M         54G        168M        7.8G         61G
Swap:            0B          0B          0B
22:42:44
              total        used        free      shared  buff/cache   available
Mem:            62G        530M         54G        168M        7.8G         61G
Swap:            0B          0B          0B
22:42:49
              total        used        free      shared  buff/cache   available
Mem:            62G        530M         54G        168M        7.8G         61G
Swap:            0B          0B          0B
22:42:54
              total        used        free      shared  buff/cache   available
Mem:            62G        6.4G         48G        168M        7.8G         55G
Swap:            0B          0B          0B
22:42:59
              total        used        free      shared  buff/cache   available
Mem:            62G        839M         54G        168M        7.9G         61G
Swap:            0B          0B          0B
22:43:04
              total        used        free      shared  buff/cache   available
Mem:            62G        839M         54G        168M        7.9G         61G
Swap:            0B          0B          0B
22:43:10
              total        used        free      shared  buff/cache   available
Mem:            62G        840M         54G        168M        7.9G         61G
Swap:            0B          0B          0B
22:43:15
              total        used        free      shared  buff/cache   available
Mem:            62G        840M         54G        168M        7.9G         61G
Swap:            0B          0B          0B
22:43:20
              total        used        free      shared  buff/cache   available
Mem:            62G        840M         54G        168M        7.9G         61G
Swap:            0B          0B          0B
22:43:25
              total        used        free      shared  buff/cache   available
Mem:            62G        840M         54G        168M        7.9G         61G
Swap:            0B          0B          0B
22:43:30
              total        used        free      shared  buff/cache   available
Mem:            62G        840M         54G        168M        7.9G         61G
Swap:            0B          0B          0B
22:43:35
              total        used        free      shared  buff/cache   available
Mem:            62G        841M         54G        168M        7.9G         61G
Swap:            0B          0B          0B
22:43:40
              total        used        free      shared  buff/cache   available
Mem:            62G        6.2G         48G        168M        7.9G         55G
Swap:            0B          0B          0B
22:43:45
              total        used        free      shared  buff/cache   available
Mem:            62G        1.4G         53G        168M        8.0G         60G
Swap:            0B          0B          0B
22:43:50
              total        used        free      shared  buff/cache   available
Mem:            62G        1.4G         53G        168M        8.0G         60G
Swap:            0B          0B          0B
22:43:55
              total        used        free      shared  buff/cache   available
Mem:            62G        1.4G         53G        168M        8.0G         60G
Swap:            0B          0B          0B
22:44:00
              total        used        free      shared  buff/cache   available
Mem:            62G        1.4G         53G        168M        8.0G         60G
Swap:            0B          0B          0B
22:44:05
              total        used        free      shared  buff/cache   available
Mem:            62G        1.4G         53G        168M        8.0G         60G
Swap:            0B          0B          0B
22:44:10
              total        used        free      shared  buff/cache   available
Mem:            62G        1.4G         53G        168M        8.0G         60G
Swap:            0B          0B          0B
22:44:15
              total        used        free      shared  buff/cache   available
Mem:            62G        1.4G         53G        168M        8.0G         60G
Swap:            0B          0B          0B
22:44:20
              total        used        free      shared  buff/cache   available
Mem:            62G        1.4G         53G        168M        8.0G         60G
Swap:            0B          0B          0B
22:44:25
              total        used        free      shared  buff/cache   available
Mem:            62G        4.6G         50G        168M        8.0G         57G
Swap:            0B          0B          0B
22:44:30
              total        used        free      shared  buff/cache   available
Mem:            62G        2.1G         52G        168M        8.0G         59G
Swap:            0B          0B          0B
22:44:36
              total        used        free      shared  buff/cache   available
Mem:            62G        2.1G         52G        168M        8.0G         59G
Swap:            0B          0B          0B
22:44:41
              total        used        free      shared  buff/cache   available
Mem:            62G        2.0G         52G        168M        8.1G         59G
Swap:            0B          0B          0B
22:44:46
              total        used        free      shared  buff/cache   available
Mem:            62G        2.1G         52G        168M        8.1G         59G
Swap:            0B          0B          0B
22:44:51
              total        used        free      shared  buff/cache   available
Mem:            62G        2.0G         52G        168M        8.1G         59G
Swap:            0B          0B          0B
22:44:56
              total        used        free      shared  buff/cache   available
Mem:            62G        2.0G         52G        168M        8.1G         59G
Swap:            0B          0B          0B
22:45:01
              total        used        free      shared  buff/cache   available
Mem:            62G        2.0G         52G        168M        8.1G         59G
Swap:            0B          0B          0B
22:45:06
              total        used        free      shared  buff/cache   available
Mem:            62G        2.0G         52G        168M        8.1G         59G
Swap:            0B          0B          0B
22:45:11
              total        used        free      shared  buff/cache   available
Mem:            62G        3.3G         51G        168M        8.1G         58G
Swap:            0B          0B          0B
22:45:16
              total        used        free      shared  buff/cache   available
Mem:            62G        618M         54G        168M        8.1G         61G
Swap:            0B          0B          0B
22:45:21
              total        used        free      shared  buff/cache   available
Mem:            62G        623M         54G        168M        8.1G         61G
Swap:            0B          0B          0B
22:45:26
              total        used        free      shared  buff/cache   available
Mem:            62G        623M         54G        168M        8.1G         61G
Swap:            0B          0B          0B
22:45:31
              total        used        free      shared  buff/cache   available
Mem:            62G        621M         54G        168M        8.1G         61G
Swap:            0B          0B          0B
22:45:36
              total        used        free      shared  buff/cache   available
Mem:            62G        622M         54G        168M        8.1G         61G
Swap:            0B          0B          0B
22:45:41
              total        used        free      shared  buff/cache   available
Mem:            62G        622M         54G        168M        8.1G         61G
Swap:            0B          0B          0B
22:45:46
              total        used        free      shared  buff/cache   available
Mem:            62G        622M         54G        168M        8.1G         61G
Swap:            0B          0B          0B
22:45:51
              total        used        free      shared  buff/cache   available
Mem:            62G        624M         54G        168M        8.1G         61G
Swap:            0B          0B          0B
22:45:56
              total        used        free      shared  buff/cache   available
Mem:            62G        623M         54G        168M        8.1G         61G
Swap:            0B          0B          0B
22:46:02
              total        used        free      shared  buff/cache   available
Mem:            62G        622M         54G        168M        8.1G         61G
Swap:            0B          0B          0B
22:46:07
              total        used        free      shared  buff/cache   available
Mem:            62G        654M         54G        168M        8.1G         61G
Swap:            0B          0B          0B
22:46:12
              total        used        free      shared  buff/cache   available
Mem:            62G        654M         54G        168M        8.1G         61G
Swap:            0B          0B          0B
22:46:17
              total        used        free      shared  buff/cache   available
Mem:            62G        654M         54G        168M        8.1G         61G
Swap:            0B          0B          0B
22:46:22
              total        used        free      shared  buff/cache   available
Mem:            62G        654M         54G        168M        8.1G         61G
Swap:            0B          0B          0B
22:46:27
              total        used        free      shared  buff/cache   available
Mem:            62G        653M         54G        168M        8.1G         61G
Swap:            0B          0B          0B
22:46:32
              total        used        free      shared  buff/cache   available
Mem:            62G        684M         54G        168M        8.1G         61G
Swap:            0B          0B          0B
22:46:37
              total        used        free      shared  buff/cache   available
Mem:            62G        685M         54G        168M        8.1G         61G
Swap:            0B          0B          0B
22:46:42
              total        used        free      shared  buff/cache   available
Mem:            62G        684M         54G        168M        8.1G         61G
Swap:            0B          0B          0B
22:46:47
              total        used        free      shared  buff/cache   available
Mem:            62G        685M         54G        168M        8.1G         61G
Swap:            0B          0B          0B
22:46:52
              total        used        free      shared  buff/cache   available
Mem:            62G        684M         54G        168M        8.1G         61G
Swap:            0B          0B          0B
22:46:57
              total        used        free      shared  buff/cache   available
Mem:            62G        684M         54G        168M        8.1G         61G
Swap:            0B          0B          0B
22:47:02
              total        used        free      shared  buff/cache   available
Mem:            62G        687M         54G        168M        8.1G         61G
Swap:            0B          0B          0B
22:47:07
              total        used        free      shared  buff/cache   available
Mem:            62G        686M         54G        168M        8.1G         61G
Swap:            0B          0B          0B
22:47:12
              total        used        free      shared  buff/cache   available
Mem:            62G        686M         54G        168M        8.1G         61G
Swap:            0B          0B          0B
22:47:17
              total        used        free      shared  buff/cache   available
Mem:            62G        686M         54G        168M        8.1G         61G
Swap:            0B          0B          0B
22:47:22
              total        used        free      shared  buff/cache   available
Mem:            62G        686M         54G        168M        8.1G         61G
Swap:            0B          0B          0B
22:47:27
              total        used        free      shared  buff/cache   available
Mem:            62G        425M         54G        168M        8.1G         61G
Swap:            0B          0B          0B
22:47:33
              total        used        free      shared  buff/cache   available
Mem:            62G        429M         54G        168M        8.1G         61G
Swap:            0B          0B          0B
22:47:38
              total        used        free      shared  buff/cache   available
Mem:            62G        432M         54G        168M        8.1G         61G
Swap:            0B          0B          0B
22:47:43
              total        used        free      shared  buff/cache   available
Mem:            62G        436M         54G        168M        8.1G         61G
Swap:            0B          0B          0B
22:47:48
              total        used        free      shared  buff/cache   available
Mem:            62G        440M         54G        168M        8.1G         61G
Swap:            0B          0B          0B
22:47:53
              total        used        free      shared  buff/cache   available
Mem:            62G        444M         54G        168M        8.1G         61G
Swap:            0B          0B          0B
22:47:58
              total        used        free      shared  buff/cache   available
Mem:            62G        448M         54G        168M        8.1G         61G
Swap:            0B          0B          0B
22:48:03
              total        used        free      shared  buff/cache   available
Mem:            62G        453M         54G        168M        8.1G         61G
Swap:            0B          0B          0B
22:48:08
              total        used        free      shared  buff/cache   available
Mem:            62G        457M         54G        168M        8.1G         61G
Swap:            0B          0B          0B
22:48:13
              total        used        free      shared  buff/cache   available
Mem:            62G        461M         54G        168M        8.1G         61G
Swap:            0B          0B          0B
22:48:18
              total        used        free      shared  buff/cache   available
Mem:            62G        465M         54G        168M        8.1G         61G
Swap:            0B          0B          0B
22:48:23
              total        used        free      shared  buff/cache   available
Mem:            62G        469M         54G        168M        8.1G         61G
Swap:            0B          0B          0B
22:48:28
              total        used        free      shared  buff/cache   available
Mem:            62G        473M         54G        168M        8.1G         61G
Swap:            0B          0B          0B
22:48:33
              total        used        free      shared  buff/cache   available
Mem:            62G        477M         54G        168M        8.1G         61G
Swap:            0B          0B          0B
22:48:38
              total        used        free      shared  buff/cache   available
Mem:            62G        481M         54G        168M        8.1G         61G
Swap:            0B          0B          0B
22:48:43
              total        used        free      shared  buff/cache   available
Mem:            62G        484M         54G        168M        8.1G         61G
Swap:            0B          0B          0B
22:48:48
              total        used        free      shared  buff/cache   available
Mem:            62G        490M         54G        168M        8.1G         61G
Swap:            0B          0B          0B
22:48:53
              total        used        free      shared  buff/cache   available
Mem:            62G        493M         54G        168M        8.1G         61G
Swap:            0B          0B          0B
22:48:58
              total        used        free      shared  buff/cache   available
Mem:            62G        497M         54G        168M        8.1G         61G
Swap:            0B          0B          0B
22:49:03
              total        used        free      shared  buff/cache   available
Mem:            62G        503M         54G        168M        8.1G         61G
Swap:            0B          0B          0B
22:49:08
              total        used        free      shared  buff/cache   available
Mem:            62G        506M         54G        168M        8.1G         61G
Swap:            0B          0B          0B
22:49:14
              total        used        free      shared  buff/cache   available
Mem:            62G        509M         54G        168M        8.1G         61G
Swap:            0B          0B          0B
22:49:19
              total        used        free      shared  buff/cache   available
Mem:            62G        513M         54G        168M        8.1G         61G
Swap:            0B          0B          0B
22:49:24
              total        used        free      shared  buff/cache   available
Mem:            62G        517M         54G        168M        8.1G         61G
Swap:            0B          0B          0B
22:49:29
              total        used        free      shared  buff/cache   available
Mem:            62G        521M         54G        168M        8.1G         61G
Swap:            0B          0B          0B
22:49:34
              total        used        free      shared  buff/cache   available
Mem:            62G        526M         54G        168M        8.1G         61G
Swap:            0B          0B          0B
22:49:39
              total        used        free      shared  buff/cache   available
Mem:            62G        530M         54G        168M        8.1G         61G
Swap:            0B          0B          0B
22:49:44
              total        used        free      shared  buff/cache   available
Mem:            62G        534M         54G        168M        8.1G         61G
Swap:            0B          0B          0B
22:49:49
              total        used        free      shared  buff/cache   available
Mem:            62G        539M         54G        168M        8.1G         61G
Swap:            0B          0B          0B
22:49:54
              total        used        free      shared  buff/cache   available
Mem:            62G        543M         54G        168M        8.1G         61G
Swap:            0B          0B          0B
22:49:59
              total        used        free      shared  buff/cache   available
Mem:            62G        546M         54G        168M        8.1G         61G
Swap:            0B          0B          0B
22:50:04
              total        used        free      shared  buff/cache   available
Mem:            62G        551M         54G        168M        8.1G         61G
Swap:            0B          0B          0B
22:50:09
              total        used        free      shared  buff/cache   available
Mem:            62G        556M         54G        168M        8.1G         61G
Swap:            0B          0B          0B
22:50:14
              total        used        free      shared  buff/cache   available
Mem:            62G        559M         54G        168M        8.1G         61G
Swap:            0B          0B          0B
22:50:19
              total        used        free      shared  buff/cache   available
Mem:            62G        563M         54G        168M        8.1G         61G
Swap:            0B          0B          0B
22:50:24
              total        used        free      shared  buff/cache   available
Mem:            62G        567M         54G        168M        8.1G         61G
Swap:            0B          0B          0B
22:50:29
              total        used        free      shared  buff/cache   available
Mem:            62G        571M         54G        168M        8.1G         61G
Swap:            0B          0B          0B
22:50:34
              total        used        free      shared  buff/cache   available
Mem:            62G        575M         54G        168M        8.1G         61G
Swap:            0B          0B          0B
22:50:39
              total        used        free      shared  buff/cache   available
Mem:            62G        579M         54G        168M        8.1G         61G
Swap:            0B          0B          0B
22:50:45
              total        used        free      shared  buff/cache   available
Mem:            62G        583M         54G        168M        8.1G         61G
Swap:            0B          0B          0B
22:50:50
              total        used        free      shared  buff/cache   available
Mem:            62G        588M         54G        168M        8.1G         61G
Swap:            0B          0B          0B
22:50:55
              total        used        free      shared  buff/cache   available
Mem:            62G        591M         54G        168M        8.1G         61G
Swap:            0B          0B          0B
22:51:00
              total        used        free      shared  buff/cache   available
Mem:            62G        595M         54G        168M        8.1G         61G
Swap:            0B          0B          0B
22:51:05
              total        used        free      shared  buff/cache   available
Mem:            62G        600M         54G        168M        8.1G         61G
Swap:            0B          0B          0B
22:51:10
              total        used        free      shared  buff/cache   available
Mem:            62G        605M         54G        168M        8.1G         61G
Swap:            0B          0B          0B
22:51:15
              total        used        free      shared  buff/cache   available
Mem:            62G        609M         54G        168M        8.1G         61G
Swap:            0B          0B          0B
22:51:20
              total        used        free      shared  buff/cache   available
Mem:            62G        612M         54G        168M        8.1G         61G
Swap:            0B          0B          0B
22:51:25
              total        used        free      shared  buff/cache   available
Mem:            62G        616M         54G        168M        8.1G         61G
Swap:            0B          0B          0B
22:51:30
              total        used        free      shared  buff/cache   available
Mem:            62G        621M         54G        168M        8.1G         61G
Swap:            0B          0B          0B
22:51:35
              total        used        free      shared  buff/cache   available
Mem:            62G        627M         54G        168M        8.1G         61G
Swap:            0B          0B          0B
22:51:40
              total        used        free      shared  buff/cache   available
Mem:            62G        629M         54G        168M        8.1G         61G
Swap:            0B          0B          0B
22:51:45
              total        used        free      shared  buff/cache   available
Mem:            62G        631M         54G        168M        8.1G         61G
Swap:            0B          0B          0B
22:51:50
              total        used        free      shared  buff/cache   available
Mem:            62G        636M         54G        168M        8.1G         61G
Swap:            0B          0B          0B
22:51:55
              total        used        free      shared  buff/cache   available
Mem:            62G        639M         54G        168M        8.1G         61G
Swap:            0B          0B          0B
22:52:00
              total        used        free      shared  buff/cache   available
Mem:            62G        643M         54G        168M        8.1G         61G
Swap:            0B          0B          0B
22:52:05
              total        used        free      shared  buff/cache   available
Mem:            62G        647M         54G        168M        8.1G         61G
Swap:            0B          0B          0B
22:52:10
              total        used        free      shared  buff/cache   available
Mem:            62G        651M         54G        168M        8.1G         61G
Swap:            0B          0B          0B
22:52:15
              total        used        free      shared  buff/cache   available
Mem:            62G        656M         54G        168M        8.1G         61G
Swap:            0B          0B          0B
22:52:20
              total        used        free      shared  buff/cache   available
Mem:            62G        660M         54G        168M        8.1G         61G
Swap:            0B          0B          0B
22:52:26
              total        used        free      shared  buff/cache   available
Mem:            62G        663M         54G        168M        8.1G         61G
Swap:            0B          0B          0B
22:52:31
              total        used        free      shared  buff/cache   available
Mem:            62G        668M         54G        168M        8.1G         61G
Swap:            0B          0B          0B
22:52:36
              total        used        free      shared  buff/cache   available
Mem:            62G        672M         54G        168M        8.1G         61G
Swap:            0B          0B          0B
22:52:41
              total        used        free      shared  buff/cache   available
Mem:            62G        676M         54G        168M        8.1G         61G
Swap:            0B          0B          0B
22:52:46
              total        used        free      shared  buff/cache   available
Mem:            62G        681M         54G        168M        8.1G         61G
Swap:            0B          0B          0B
22:52:51
              total        used        free      shared  buff/cache   available
Mem:            62G        685M         54G        168M        8.1G         61G
Swap:            0B          0B          0B
22:52:56
              total        used        free      shared  buff/cache   available
Mem:            62G        688M         54G        168M        8.1G         61G
Swap:            0B          0B          0B
22:53:01
              total        used        free      shared  buff/cache   available
Mem:            62G        693M         54G        168M        8.1G         61G
Swap:            0B          0B          0B
22:53:06
              total        used        free      shared  buff/cache   available
Mem:            62G        697M         54G        168M        8.1G         61G
Swap:            0B          0B          0B
22:53:11
              total        used        free      shared  buff/cache   available
Mem:            62G        701M         54G        168M        8.1G         61G
Swap:            0B          0B          0B
22:53:16
              total        used        free      shared  buff/cache   available
Mem:            62G        706M         54G        168M        8.1G         61G
Swap:            0B          0B          0B
22:53:21
              total        used        free      shared  buff/cache   available
Mem:            62G        709M         54G        168M        8.1G         61G
Swap:            0B          0B          0B
22:53:26
              total        used        free      shared  buff/cache   available
Mem:            62G        713M         54G        168M        8.1G         61G
Swap:            0B          0B          0B
22:53:31
              total        used        free      shared  buff/cache   available
Mem:            62G        718M         54G        168M        8.1G         61G
Swap:            0B          0B          0B
22:53:36
              total        used        free      shared  buff/cache   available
Mem:            62G        723M         54G        168M        8.1G         61G
Swap:            0B          0B          0B
22:53:41
              total        used        free      shared  buff/cache   available
Mem:            62G        725M         54G        168M        8.1G         61G
Swap:            0B          0B          0B
22:53:46
              total        used        free      shared  buff/cache   available
Mem:            62G        729M         54G        168M        8.1G         61G
Swap:            0B          0B          0B
22:53:51
              total        used        free      shared  buff/cache   available
Mem:            62G        733M         54G        168M        8.1G         61G
Swap:            0B          0B          0B
22:53:56
              total        used        free      shared  buff/cache   available
Mem:            62G        740M         54G        168M        8.1G         61G
Swap:            0B          0B          0B
22:54:02
              total        used        free      shared  buff/cache   available
Mem:            62G        744M         54G        168M        8.1G         61G
Swap:            0B          0B          0B
22:54:07
              total        used        free      shared  buff/cache   available
Mem:            62G        748M         54G        168M        8.1G         61G
Swap:            0B          0B          0B
22:54:12
              total        used        free      shared  buff/cache   available
Mem:            62G        752M         54G        168M        8.1G         61G
Swap:            0B          0B          0B
22:54:17
              total        used        free      shared  buff/cache   available
Mem:            62G        757M         54G        168M        8.1G         61G
Swap:            0B          0B          0B
22:54:22
              total        used        free      shared  buff/cache   available
Mem:            62G        762M         54G        168M        8.1G         61G
Swap:            0B          0B          0B
22:54:27
              total        used        free      shared  buff/cache   available
Mem:            62G        766M         54G        168M        8.1G         61G
Swap:            0B          0B          0B
22:54:32
              total        used        free      shared  buff/cache   available
Mem:            62G        770M         54G        168M        8.1G         61G
Swap:            0B          0B          0B
22:54:37
              total        used        free      shared  buff/cache   available
Mem:            62G        774M         54G        168M        8.1G         61G
Swap:            0B          0B          0B
22:54:42
              total        used        free      shared  buff/cache   available
Mem:            62G        778M         54G        168M        8.1G         61G
Swap:            0B          0B          0B
22:54:47
              total        used        free      shared  buff/cache   available
Mem:            62G        782M         54G        168M        8.1G         61G
Swap:            0B          0B          0B
22:54:52
              total        used        free      shared  buff/cache   available
Mem:            62G        786M         54G        168M        8.1G         61G
Swap:            0B          0B          0B
22:54:57
              total        used        free      shared  buff/cache   available
Mem:            62G        790M         53G        168M        8.1G         61G
Swap:            0B          0B          0B
22:55:02
              total        used        free      shared  buff/cache   available
Mem:            62G        794M         53G        168M        8.1G         61G
Swap:            0B          0B          0B
22:55:07
              total        used        free      shared  buff/cache   available
Mem:            62G        799M         53G        168M        8.1G         61G
Swap:            0B          0B          0B
22:55:12
              total        used        free      shared  buff/cache   available
Mem:            62G        803M         53G        168M        8.1G         61G
Swap:            0B          0B          0B
22:55:17
              total        used        free      shared  buff/cache   available
Mem:            62G        807M         53G        168M        8.1G         61G
Swap:            0B          0B          0B
22:55:22
              total        used        free      shared  buff/cache   available
Mem:            62G        812M         53G        168M        8.1G         61G
Swap:            0B          0B          0B
22:55:27
              total        used        free      shared  buff/cache   available
Mem:            62G        815M         53G        168M        8.1G         61G
Swap:            0B          0B          0B
22:55:33
              total        used        free      shared  buff/cache   available
Mem:            62G        819M         53G        168M        8.1G         61G
Swap:            0B          0B          0B
22:55:38
              total        used        free      shared  buff/cache   available
Mem:            62G        829M         53G        168M        8.1G         61G
Swap:            0B          0B          0B
22:55:43
              total        used        free      shared  buff/cache   available
Mem:            62G        828M         53G        168M        8.1G         61G
Swap:            0B          0B          0B
22:55:48
              total        used        free      shared  buff/cache   available
Mem:            62G        831M         53G        168M        8.1G         61G
Swap:            0B          0B          0B
22:55:53
              total        used        free      shared  buff/cache   available
Mem:            62G        834M         53G        168M        8.1G         61G
Swap:            0B          0B          0B
22:55:58
              total        used        free      shared  buff/cache   available
Mem:            62G        838M         53G        168M        8.1G         61G
Swap:            0B          0B          0B
22:56:03
              total        used        free      shared  buff/cache   available
Mem:            62G        843M         53G        168M        8.1G         61G
Swap:            0B          0B          0B
22:56:08
              total        used        free      shared  buff/cache   available
Mem:            62G        847M         53G        168M        8.1G         61G
Swap:            0B          0B          0B
22:56:13
              total        used        free      shared  buff/cache   available
Mem:            62G        851M         53G        168M        8.1G         61G
Swap:            0B          0B          0B
22:56:18
              total        used        free      shared  buff/cache   available
Mem:            62G        855M         53G        168M        8.1G         61G
Swap:            0B          0B          0B
22:56:23
              total        used        free      shared  buff/cache   available
Mem:            62G        860M         53G        168M        8.1G         61G
Swap:            0B          0B          0B
22:56:28
              total        used        free      shared  buff/cache   available
Mem:            62G        864M         53G        168M        8.1G         61G
Swap:            0B          0B          0B
22:56:33
              total        used        free      shared  buff/cache   available
Mem:            62G        868M         53G        168M        8.1G         61G
Swap:            0B          0B          0B
22:56:38
              total        used        free      shared  buff/cache   available
Mem:            62G        872M         53G        168M        8.1G         61G
Swap:            0B          0B          0B
22:56:43
              total        used        free      shared  buff/cache   available
Mem:            62G        876M         53G        168M        8.1G         61G
Swap:            0B          0B          0B
22:56:48
              total        used        free      shared  buff/cache   available
Mem:            62G        881M         53G        168M        8.1G         61G
Swap:            0B          0B          0B
22:56:53
              total        used        free      shared  buff/cache   available
Mem:            62G        884M         53G        168M        8.1G         61G
Swap:            0B          0B          0B
22:56:58
              total        used        free      shared  buff/cache   available
Mem:            62G        887M         53G        168M        8.1G         61G
Swap:            0B          0B          0B
22:57:03
              total        used        free      shared  buff/cache   available
Mem:            62G        891M         53G        168M        8.1G         61G
Swap:            0B          0B          0B
22:57:08
              total        used        free      shared  buff/cache   available
Mem:            62G        895M         53G        168M        8.1G         61G
Swap:            0B          0B          0B
22:57:14
              total        used        free      shared  buff/cache   available
Mem:            62G        899M         53G        168M        8.1G         61G
Swap:            0B          0B          0B
22:57:19
              total        used        free      shared  buff/cache   available
Mem:            62G        904M         53G        168M        8.1G         61G
Swap:            0B          0B          0B
22:57:24
              total        used        free      shared  buff/cache   available
Mem:            62G        908M         53G        168M        8.1G         61G
Swap:            0B          0B          0B
22:57:29
              total        used        free      shared  buff/cache   available
Mem:            62G        914M         53G        168M        8.1G         61G
Swap:            0B          0B          0B
22:57:34
              total        used        free      shared  buff/cache   available
Mem:            62G        917M         53G        168M        8.1G         61G
Swap:            0B          0B          0B
22:57:39
              total        used        free      shared  buff/cache   available
Mem:            62G        921M         53G        168M        8.1G         61G
Swap:            0B          0B          0B
22:57:44
              total        used        free      shared  buff/cache   available
Mem:            62G        2.7G         52G        168M        8.1G         59G
Swap:            0B          0B          0B
22:57:49
              total        used        free      shared  buff/cache   available
Mem:            62G        2.7G         52G        168M        8.1G         59G
Swap:            0B          0B          0B
22:57:54
              total        used        free      shared  buff/cache   available
Mem:            62G        2.7G         52G        168M        8.1G         59G
Swap:            0B          0B          0B
22:57:59
              total        used        free      shared  buff/cache   available
Mem:            62G        2.7G         52G        168M        8.1G         59G
Swap:            0B          0B          0B
22:58:04
              total        used        free      shared  buff/cache   available
Mem:            62G        2.7G         52G        168M        8.1G         59G
Swap:            0B          0B          0B
22:58:09
              total        used        free      shared  buff/cache   available
Mem:            62G        2.7G         52G        168M        8.1G         59G
Swap:            0B          0B          0B
22:58:14
              total        used        free      shared  buff/cache   available
Mem:            62G        2.7G         52G        168M        8.1G         59G
Swap:            0B          0B          0B
22:58:19
              total        used        free      shared  buff/cache   available
Mem:            62G        2.7G         52G        168M        8.1G         59G
Swap:            0B          0B          0B
22:58:24
              total        used        free      shared  buff/cache   available
Mem:            62G        2.7G         52G        168M        8.1G         59G
Swap:            0B          0B          0B
22:58:29
              total        used        free      shared  buff/cache   available
Mem:            62G        2.7G         52G        168M        8.1G         59G
Swap:            0B          0B          0B
22:58:34
              total        used        free      shared  buff/cache   available
Mem:            62G        2.7G         52G        168M        8.1G         59G
Swap:            0B          0B          0B
22:58:39
              total        used        free      shared  buff/cache   available
Mem:            62G        2.7G         52G        168M        8.1G         59G
Swap:            0B          0B          0B
22:58:44
              total        used        free      shared  buff/cache   available
Mem:            62G        2.7G         52G        168M        8.1G         59G
Swap:            0B          0B          0B
22:58:49
              total        used        free      shared  buff/cache   available
Mem:            62G        2.7G         52G        168M        8.1G         59G
Swap:            0B          0B          0B
22:58:55
              total        used        free      shared  buff/cache   available
Mem:            62G        2.7G         52G        168M        8.1G         59G
Swap:            0B          0B          0B
22:59:00
              total        used        free      shared  buff/cache   available
Mem:            62G        2.7G         52G        168M        8.1G         59G
Swap:            0B          0B          0B
22:59:05
              total        used        free      shared  buff/cache   available
Mem:            62G        2.7G         52G        168M        8.1G         59G
Swap:            0B          0B          0B
22:59:10
              total        used        free      shared  buff/cache   available
Mem:            62G        2.7G         52G        168M        8.1G         59G
Swap:            0B          0B          0B
22:59:15
              total        used        free      shared  buff/cache   available
Mem:            62G        2.7G         52G        168M        8.1G         59G
Swap:            0B          0B          0B
22:59:20
              total        used        free      shared  buff/cache   available
Mem:            62G        2.7G         52G        168M        8.1G         59G
Swap:            0B          0B          0B
22:59:25
              total        used        free      shared  buff/cache   available
Mem:            62G        2.7G         52G        168M        8.1G         59G
Swap:            0B          0B          0B
22:59:30
              total        used        free      shared  buff/cache   available
Mem:            62G        2.7G         52G        168M        8.1G         59G
Swap:            0B          0B          0B
22:59:35
              total        used        free      shared  buff/cache   available
Mem:            62G        2.7G         52G        168M        8.1G         59G
Swap:            0B          0B          0B
22:59:40
              total        used        free      shared  buff/cache   available
Mem:            62G        2.7G         52G        168M        8.1G         59G
Swap:            0B          0B          0B
22:59:45
              total        used        free      shared  buff/cache   available
Mem:            62G        2.7G         52G        168M        8.1G         59G
Swap:            0B          0B          0B
22:59:50
              total        used        free      shared  buff/cache   available
Mem:            62G        2.7G         52G        168M        8.1G         59G
Swap:            0B          0B          0B
22:59:55
              total        used        free      shared  buff/cache   available
Mem:            62G        2.7G         52G        168M        8.1G         59G
Swap:            0B          0B          0B
23:00:00
              total        used        free      shared  buff/cache   available
Mem:            62G        2.7G         52G        168M        8.1G         59G
Swap:            0B          0B          0B
23:00:05
              total        used        free      shared  buff/cache   available
Mem:            62G        2.7G         52G        168M        8.1G         59G
Swap:            0B          0B          0B
23:00:10
              total        used        free      shared  buff/cache   available
Mem:            62G        2.7G         52G        168M        8.1G         59G
Swap:            0B          0B          0B
23:00:15
              total        used        free      shared  buff/cache   available
Mem:            62G        2.7G         52G        168M        8.1G         59G
Swap:            0B          0B          0B
23:00:20
              total        used        free      shared  buff/cache   available
Mem:            62G        2.7G         52G        168M        8.1G         59G
Swap:            0B          0B          0B
23:00:25
              total        used        free      shared  buff/cache   available
Mem:            62G        2.7G         52G        168M        8.1G         59G
Swap:            0B          0B          0B
23:00:30
              total        used        free      shared  buff/cache   available
Mem:            62G        2.7G         52G        168M        8.1G         59G
Swap:            0B          0B          0B
23:00:36
              total        used        free      shared  buff/cache   available
Mem:            62G        2.7G         52G        168M        8.1G         59G
Swap:            0B          0B          0B
23:00:41
              total        used        free      shared  buff/cache   available
Mem:            62G        2.7G         52G        168M        8.1G         59G
Swap:            0B          0B          0B
23:00:46
              total        used        free      shared  buff/cache   available
Mem:            62G        2.7G         52G        168M        8.1G         59G
Swap:            0B          0B          0B
23:00:51
              total        used        free      shared  buff/cache   available
Mem:            62G        2.7G         52G        168M        8.1G         59G
Swap:            0B          0B          0B
23:00:56
              total        used        free      shared  buff/cache   available
Mem:            62G        2.7G         52G        168M        8.1G         59G
Swap:            0B          0B          0B
23:01:01
              total        used        free      shared  buff/cache   available
Mem:            62G        2.7G         52G        168M        8.1G         59G
Swap:            0B          0B          0B
23:01:06
              total        used        free      shared  buff/cache   available
Mem:            62G        2.7G         52G        168M        8.1G         59G
Swap:            0B          0B          0B
23:01:11
              total        used        free      shared  buff/cache   available
Mem:            62G        2.7G         52G        168M        8.1G         59G
Swap:            0B          0B          0B
23:01:16
              total        used        free      shared  buff/cache   available
Mem:            62G        2.7G         52G        168M        8.1G         59G
Swap:            0B          0B          0B
23:01:21
              total        used        free      shared  buff/cache   available
Mem:            62G        2.7G         52G        168M        8.1G         59G
Swap:            0B          0B          0B
23:01:26
              total        used        free      shared  buff/cache   available
Mem:            62G        2.7G         52G        168M        8.1G         59G
Swap:            0B          0B          0B
23:01:31
              total        used        free      shared  buff/cache   available
Mem:            62G        2.7G         52G        168M        8.1G         59G
Swap:            0B          0B          0B
23:01:36
              total        used        free      shared  buff/cache   available
Mem:            62G        2.7G         52G        168M        8.1G         59G
Swap:            0B          0B          0B
23:01:41
              total        used        free      shared  buff/cache   available
Mem:            62G        2.7G         52G        168M        8.1G         59G
Swap:            0B          0B          0B
23:01:46
              total        used        free      shared  buff/cache   available
Mem:            62G        2.7G         52G        168M        8.1G         59G
Swap:            0B          0B          0B
23:01:51
              total        used        free      shared  buff/cache   available
Mem:            62G        2.7G         52G        168M        8.1G         59G
Swap:            0B          0B          0B
23:01:56
              total        used        free      shared  buff/cache   available
Mem:            62G        2.7G         52G        168M        8.1G         59G
Swap:            0B          0B          0B
23:02:01
              total        used        free      shared  buff/cache   available
Mem:            62G        2.7G         52G        168M        8.1G         59G
Swap:            0B          0B          0B
23:02:06
              total        used        free      shared  buff/cache   available
Mem:            62G        2.7G         52G        168M        8.1G         59G
Swap:            0B          0B          0B
23:02:11
              total        used        free      shared  buff/cache   available
Mem:            62G        2.7G         52G        168M        8.1G         59G
Swap:            0B          0B          0B
23:02:17
              total        used        free      shared  buff/cache   available
Mem:            62G        2.7G         52G        168M        8.1G         59G
Swap:            0B          0B          0B
23:02:22
              total        used        free      shared  buff/cache   available
