23:16:56
              total        used        free      shared  buff/cache   available
Mem:            62G        408M         55G        136M        7.5G         61G
Swap:            0B          0B          0B
23:17:01
              total        used        free      shared  buff/cache   available
Mem:            62G        408M         55G        136M        7.5G         61G
Swap:            0B          0B          0B
23:17:06
              total        used        free      shared  buff/cache   available
Mem:            62G        427M         54G        136M        7.5G         61G
Swap:            0B          0B          0B
23:17:11
              total        used        free      shared  buff/cache   available
Mem:            62G        767M         54G        136M        7.5G         61G
Swap:            0B          0B          0B
23:17:16
              total        used        free      shared  buff/cache   available
Mem:            62G        1.0G         54G        136M        7.5G         61G
Swap:            0B          0B          0B
23:17:21
              total        used        free      shared  buff/cache   available
Mem:            62G        1.0G         54G        136M        7.5G         60G
Swap:            0B          0B          0B
23:17:26
              total        used        free      shared  buff/cache   available
Mem:            62G        1.1G         54G        136M        7.5G         60G
Swap:            0B          0B          0B
23:17:31
              total        used        free      shared  buff/cache   available
Mem:            62G        617M         54G        136M        7.5G         61G
Swap:            0B          0B          0B
23:17:36
              total        used        free      shared  buff/cache   available
Mem:            62G        727M         54G        136M        7.5G         61G
Swap:            0B          0B          0B
23:17:41
              total        used        free      shared  buff/cache   available
Mem:            62G        407M         55G        136M        7.5G         61G
Swap:            0B          0B          0B
23:17:46
              total        used        free      shared  buff/cache   available
Mem:            62G        407M         55G        136M        7.5G         61G
Swap:            0B          0B          0B
23:17:51
              total        used        free      shared  buff/cache   available
Mem:            62G        473M         56G        136M        6.4G         61G
Swap:            0B          0B          0B
23:17:56
              total        used        free      shared  buff/cache   available
Mem:            62G        811M         55G        136M        6.4G         61G
Swap:            0B          0B          0B
23:18:01
              total        used        free      shared  buff/cache   available
Mem:            62G        1.0G         55G        136M        6.4G         61G
Swap:            0B          0B          0B
23:18:06
              total        used        free      shared  buff/cache   available
Mem:            62G        1.0G         55G        136M        6.4G         60G
Swap:            0B          0B          0B
23:18:11
              total        used        free      shared  buff/cache   available
Mem:            62G        1.1G         55G        136M        6.4G         60G
Swap:            0B          0B          0B
23:18:16
              total        used        free      shared  buff/cache   available
Mem:            62G        617M         55G        136M        6.4G         61G
Swap:            0B          0B          0B
23:18:21
              total        used        free      shared  buff/cache   available
Mem:            62G        726M         55G        136M        6.4G         61G
Swap:            0B          0B          0B
23:18:26
              total        used        free      shared  buff/cache   available
Mem:            62G        405M         56G        136M        6.4G         61G
Swap:            0B          0B          0B
23:18:31
              total        used        free      shared  buff/cache   available
Mem:            62G        406M         56G        136M        6.4G         61G
Swap:            0B          0B          0B
23:18:36
              total        used        free      shared  buff/cache   available
Mem:            62G        405M         56G        136M        6.4G         61G
Swap:            0B          0B          0B
23:18:41
              total        used        free      shared  buff/cache   available
Mem:            62G        494M         56G        136M        6.4G         61G
Swap:            0B          0B          0B
23:18:46
              total        used        free      shared  buff/cache   available
Mem:            62G        816M         55G        136M        6.4G         61G
Swap:            0B          0B          0B
23:18:51
              total        used        free      shared  buff/cache   available
Mem:            62G        1.0G         55G        136M        6.4G         61G
Swap:            0B          0B          0B
23:18:56
              total        used        free      shared  buff/cache   available
Mem:            62G        1.0G         55G        136M        6.4G         60G
Swap:            0B          0B          0B
23:19:01
              total        used        free      shared  buff/cache   available
Mem:            62G        427M         56G        136M        6.4G         61G
Swap:            0B          0B          0B
23:19:06
              total        used        free      shared  buff/cache   available
Mem:            62G        704M         55G        136M        6.4G         61G
Swap:            0B          0B          0B
23:19:11
              total        used        free      shared  buff/cache   available
Mem:            62G        762M         55G        136M        6.4G         61G
Swap:            0B          0B          0B
23:19:16
              total        used        free      shared  buff/cache   available
Mem:            62G        406M         56G        136M        6.4G         61G
Swap:            0B          0B          0B
23:19:21
              total        used        free      shared  buff/cache   available
Mem:            62G        406M         56G        136M        6.4G         61G
Swap:            0B          0B          0B
23:19:26
              total        used        free      shared  buff/cache   available
Mem:            62G        410M         56G        136M        6.4G         61G
Swap:            0B          0B          0B
23:19:31
              total        used        free      shared  buff/cache   available
Mem:            62G        409M         56G        136M        6.4G         61G
Swap:            0B          0B          0B
23:19:36
              total        used        free      shared  buff/cache   available
Mem:            62G        409M         56G        136M        6.4G         61G
Swap:            0B          0B          0B
23:19:41
              total        used        free      shared  buff/cache   available
Mem:            62G        497M         56G        136M        6.4G         61G
Swap:            0B          0B          0B
23:19:46
              total        used        free      shared  buff/cache   available
Mem:            62G        808M         55G        136M        6.4G         61G
Swap:            0B          0B          0B
23:19:51
              total        used        free      shared  buff/cache   available
Mem:            62G        1.0G         55G        136M        6.4G         61G
Swap:            0B          0B          0B
23:19:56
              total        used        free      shared  buff/cache   available
Mem:            62G        1.0G         55G        136M        6.4G         60G
Swap:            0B          0B          0B
23:20:01
              total        used        free      shared  buff/cache   available
Mem:            62G        451M         56G        136M        6.4G         61G
Swap:            0B          0B          0B
23:20:06
              total        used        free      shared  buff/cache   available
Mem:            62G        697M         55G        136M        6.4G         61G
Swap:            0B          0B          0B
23:20:11
              total        used        free      shared  buff/cache   available
Mem:            62G        731M         55G        136M        6.4G         61G
Swap:            0B          0B          0B
23:20:16
              total        used        free      shared  buff/cache   available
Mem:            62G        1.1G         55G        136M        6.5G         60G
Swap:            0B          0B          0B
23:20:21
              total        used        free      shared  buff/cache   available
Mem:            62G        1.0G         55G        136M        6.5G         60G
Swap:            0B          0B          0B
23:20:26
              total        used        free      shared  buff/cache   available
Mem:            62G        1.0G         55G        136M        6.5G         60G
Swap:            0B          0B          0B
23:20:32
              total        used        free      shared  buff/cache   available
Mem:            62G        784M         55G        136M        6.5G         61G
Swap:            0B          0B          0B
23:20:37
              total        used        free      shared  buff/cache   available
Mem:            62G        1.0G         55G        136M        6.5G         60G
Swap:            0B          0B          0B
23:20:42
              total        used        free      shared  buff/cache   available
Mem:            62G        1.0G         55G        136M        6.5G         60G
Swap:            0B          0B          0B
23:20:47
              total        used        free      shared  buff/cache   available
Mem:            62G        1.0G         55G        136M        6.5G         60G
Swap:            0B          0B          0B
23:20:52
              total        used        free      shared  buff/cache   available
Mem:            62G        512M         55G        136M        6.6G         61G
Swap:            0B          0B          0B
23:20:57
              total        used        free      shared  buff/cache   available
Mem:            62G        514M         55G        136M        6.6G         61G
Swap:            0B          0B          0B
23:21:02
              total        used        free      shared  buff/cache   available
Mem:            62G        513M         55G        136M        6.6G         61G
Swap:            0B          0B          0B
23:21:07
              total        used        free      shared  buff/cache   available
Mem:            62G        514M         55G        136M        6.6G         61G
Swap:            0B          0B          0B
23:21:12
              total        used        free      shared  buff/cache   available
Mem:            62G        513M         55G        136M        6.6G         61G
Swap:            0B          0B          0B
23:21:17
              total        used        free      shared  buff/cache   available
Mem:            62G        513M         55G        136M        6.6G         61G
Swap:            0B          0B          0B
23:21:22
              total        used        free      shared  buff/cache   available
Mem:            62G        513M         55G        136M        6.6G         61G
Swap:            0B          0B          0B
23:21:27
              total        used        free      shared  buff/cache   available
Mem:            62G        514M         55G        136M        6.6G         61G
Swap:            0B          0B          0B
23:21:32
              total        used        free      shared  buff/cache   available
Mem:            62G        4.8G         51G        136M        6.6G         57G
Swap:            0B          0B          0B
23:21:37
              total        used        free      shared  buff/cache   available
Mem:            62G        1.0G         55G        136M        6.7G         60G
Swap:            0B          0B          0B
23:21:42
              total        used        free      shared  buff/cache   available
Mem:            62G        1.1G         55G        136M        6.7G         60G
Swap:            0B          0B          0B
23:21:47
              total        used        free      shared  buff/cache   available
Mem:            62G        949M         55G        136M        6.7G         61G
Swap:            0B          0B          0B
23:21:52
              total        used        free      shared  buff/cache   available
Mem:            62G        1.0G         55G        136M        6.7G         60G
Swap:            0B          0B          0B
23:21:57
              total        used        free      shared  buff/cache   available
Mem:            62G        1.0G         55G        136M        6.7G         60G
Swap:            0B          0B          0B
23:22:02
              total        used        free      shared  buff/cache   available
Mem:            62G        1.0G         55G        136M        6.7G         60G
Swap:            0B          0B          0B
23:22:08
              total        used        free      shared  buff/cache   available
Mem:            62G        1.0G         55G        136M        6.7G         60G
Swap:            0B          0B          0B
23:22:13
              total        used        free      shared  buff/cache   available
Mem:            62G        1.0G         55G        136M        6.7G         60G
Swap:            0B          0B          0B
23:22:18
              total        used        free      shared  buff/cache   available
Mem:            62G        511M         55G        136M        6.7G         61G
Swap:            0B          0B          0B
23:22:23
              total        used        free      shared  buff/cache   available
Mem:            62G        511M         55G        136M        6.7G         61G
Swap:            0B          0B          0B
23:22:28
              total        used        free      shared  buff/cache   available
Mem:            62G        512M         55G        136M        6.7G         61G
Swap:            0B          0B          0B
23:22:33
              total        used        free      shared  buff/cache   available
Mem:            62G        512M         55G        136M        6.7G         61G
Swap:            0B          0B          0B
23:22:38
              total        used        free      shared  buff/cache   available
Mem:            62G        512M         55G        136M        6.7G         61G
Swap:            0B          0B          0B
23:22:43
              total        used        free      shared  buff/cache   available
Mem:            62G        512M         55G        136M        6.7G         61G
Swap:            0B          0B          0B
23:22:48
              total        used        free      shared  buff/cache   available
Mem:            62G        513M         55G        136M        6.7G         61G
Swap:            0B          0B          0B
23:22:53
              total        used        free      shared  buff/cache   available
Mem:            62G        523M         55G        136M        6.7G         61G
Swap:            0B          0B          0B
23:22:58
              total        used        free      shared  buff/cache   available
Mem:            62G        4.7G         51G        136M        6.7G         57G
Swap:            0B          0B          0B
23:23:03
              total        used        free      shared  buff/cache   available
Mem:            62G        416M         55G        136M        6.6G         61G
Swap:            0B          0B          0B
23:23:08
              total        used        free      shared  buff/cache   available
Mem:            62G        1.1G         55G        136M        6.6G         60G
Swap:            0B          0B          0B
23:23:13
              total        used        free      shared  buff/cache   available
Mem:            62G        1.0G         55G        136M        6.6G         60G
Swap:            0B          0B          0B
23:23:18
              total        used        free      shared  buff/cache   available
Mem:            62G        1.1G         55G        136M        6.6G         60G
Swap:            0B          0B          0B
23:23:23
              total        used        free      shared  buff/cache   available
Mem:            62G        1.1G         55G        136M        6.6G         60G
Swap:            0B          0B          0B
23:23:28
              total        used        free      shared  buff/cache   available
Mem:            62G        1.1G         55G        136M        6.6G         60G
Swap:            0B          0B          0B
23:23:33
              total        used        free      shared  buff/cache   available
Mem:            62G        1.1G         55G        136M        6.6G         60G
Swap:            0B          0B          0B
23:23:38
              total        used        free      shared  buff/cache   available
Mem:            62G        1.1G         55G        136M        6.6G         60G
Swap:            0B          0B          0B
23:23:43
              total        used        free      shared  buff/cache   available
Mem:            62G        518M         55G        136M        6.7G         61G
Swap:            0B          0B          0B
23:23:49
              total        used        free      shared  buff/cache   available
Mem:            62G        518M         55G        136M        6.7G         61G
Swap:            0B          0B          0B
23:23:54
              total        used        free      shared  buff/cache   available
Mem:            62G        518M         55G        136M        6.7G         61G
Swap:            0B          0B          0B
23:23:59
              total        used        free      shared  buff/cache   available
Mem:            62G        518M         55G        136M        6.7G         61G
Swap:            0B          0B          0B
23:24:04
              total        used        free      shared  buff/cache   available
Mem:            62G        519M         55G        136M        6.7G         61G
Swap:            0B          0B          0B
23:24:09
              total        used        free      shared  buff/cache   available
Mem:            62G        519M         55G        136M        6.7G         61G
Swap:            0B          0B          0B
23:24:14
              total        used        free      shared  buff/cache   available
Mem:            62G        519M         55G        136M        6.7G         61G
Swap:            0B          0B          0B
23:24:19
              total        used        free      shared  buff/cache   available
Mem:            62G        519M         55G        136M        6.7G         61G
Swap:            0B          0B          0B
23:24:24
              total        used        free      shared  buff/cache   available
Mem:            62G        4.1G         52G        136M        6.7G         57G
Swap:            0B          0B          0B
23:24:29
              total        used        free      shared  buff/cache   available
Mem:            62G        1.1G         55G        136M        6.8G         60G
Swap:            0B          0B          0B
23:24:34
              total        used        free      shared  buff/cache   available
Mem:            62G        1.1G         55G        136M        6.8G         60G
Swap:            0B          0B          0B
23:24:39
              total        used        free      shared  buff/cache   available
Mem:            62G        1.0G         55G        136M        6.8G         60G
Swap:            0B          0B          0B
23:24:44
              total        used        free      shared  buff/cache   available
Mem:            62G        1.0G         55G        136M        6.8G         60G
Swap:            0B          0B          0B
23:24:49
              total        used        free      shared  buff/cache   available
Mem:            62G        1.1G         55G        136M        6.8G         60G
Swap:            0B          0B          0B
23:24:54
              total        used        free      shared  buff/cache   available
Mem:            62G        1.0G         55G        136M        6.8G         60G
Swap:            0B          0B          0B
23:24:59
              total        used        free      shared  buff/cache   available
Mem:            62G        1.1G         55G        136M        6.8G         60G
Swap:            0B          0B          0B
23:25:04
              total        used        free      shared  buff/cache   available
Mem:            62G        519M         55G        136M        6.8G         61G
Swap:            0B          0B          0B
23:25:09
              total        used        free      shared  buff/cache   available
Mem:            62G        522M         55G        136M        6.8G         61G
Swap:            0B          0B          0B
23:25:14
              total        used        free      shared  buff/cache   available
Mem:            62G        522M         55G        136M        6.8G         61G
Swap:            0B          0B          0B
23:25:19
              total        used        free      shared  buff/cache   available
Mem:            62G        522M         55G        136M        6.8G         61G
Swap:            0B          0B          0B
23:25:25
              total        used        free      shared  buff/cache   available
Mem:            62G        522M         55G        136M        6.8G         61G
Swap:            0B          0B          0B
23:25:30
              total        used        free      shared  buff/cache   available
Mem:            62G        522M         55G        136M        6.8G         61G
Swap:            0B          0B          0B
23:25:35
              total        used        free      shared  buff/cache   available
Mem:            62G        522M         55G        136M        6.8G         61G
Swap:            0B          0B          0B
23:25:40
              total        used        free      shared  buff/cache   available
Mem:            62G        522M         55G        136M        6.8G         61G
Swap:            0B          0B          0B
23:25:45
              total        used        free      shared  buff/cache   available
Mem:            62G        4.7G         51G        136M        6.8G         57G
Swap:            0B          0B          0B
23:25:50
              total        used        free      shared  buff/cache   available
Mem:            62G        5.2G         50G        136M        6.9G         56G
Swap:            0B          0B          0B
23:25:55
              total        used        free      shared  buff/cache   available
Mem:            62G        1.0G         55G        136M        6.6G         60G
Swap:            0B          0B          0B
23:26:00
              total        used        free      shared  buff/cache   available
Mem:            62G        984M         55G        136M        6.6G         60G
Swap:            0B          0B          0B
23:26:05
              total        used        free      shared  buff/cache   available
Mem:            62G        445M         55G        136M        6.6G         61G
Swap:            0B          0B          0B
23:26:10
              total        used        free      shared  buff/cache   available
Mem:            62G        446M         55G        136M        6.6G         61G
Swap:            0B          0B          0B
23:26:15
              total        used        free      shared  buff/cache   available
Mem:            62G        1.0G         55G        136M        6.7G         60G
Swap:            0B          0B          0B
23:26:20
              total        used        free      shared  buff/cache   available
Mem:            62G        984M         55G        136M        6.7G         60G
Swap:            0B          0B          0B
23:26:25
              total        used        free      shared  buff/cache   available
Mem:            62G        445M         55G        136M        6.7G         61G
Swap:            0B          0B          0B
23:26:30
              total        used        free      shared  buff/cache   available
Mem:            62G        446M         55G        136M        6.7G         61G
Swap:            0B          0B          0B
23:26:35
              total        used        free      shared  buff/cache   available
Mem:            62G        1.0G         55G        136M        6.7G         60G
Swap:            0B          0B          0B
23:26:40
              total        used        free      shared  buff/cache   available
Mem:            62G        984M         55G        136M        6.7G         60G
Swap:            0B          0B          0B
23:26:45
              total        used        free      shared  buff/cache   available
Mem:            62G        446M         55G        136M        6.7G         61G
Swap:            0B          0B          0B
23:26:50
              total        used        free      shared  buff/cache   available
Mem:            62G        447M         55G        136M        6.7G         61G
Swap:            0B          0B          0B
23:26:55
              total        used        free      shared  buff/cache   available
Mem:            62G        492M         55G        136M        6.7G         61G
Swap:            0B          0B          0B
23:27:00
              total        used        free      shared  buff/cache   available
Mem:            62G        981M         55G        136M        6.7G         60G
Swap:            0B          0B          0B
23:27:05
              total        used        free      shared  buff/cache   available
Mem:            62G        445M         55G        136M        6.7G         61G
Swap:            0B          0B          0B
23:27:11
              total        used        free      shared  buff/cache   available
Mem:            62G        446M         55G        136M        6.7G         61G
Swap:            0B          0B          0B
23:27:16
              total        used        free      shared  buff/cache   available
Mem:            62G        1.1G         55G        136M        6.7G         60G
Swap:            0B          0B          0B
23:27:21
              total        used        free      shared  buff/cache   available
Mem:            62G        428M         55G        136M        6.7G         61G
Swap:            0B          0B          0B
23:27:26
              total        used        free      shared  buff/cache   available
Mem:            62G        442M         55G        136M        6.7G         61G
Swap:            0B          0B          0B
23:27:31
              total        used        free      shared  buff/cache   available
Mem:            62G        455M         55G        136M        6.7G         61G
Swap:            0B          0B          0B
23:27:36
              total        used        free      shared  buff/cache   available
Mem:            62G        469M         55G        136M        6.7G         61G
Swap:            0B          0B          0B
23:27:41
              total        used        free      shared  buff/cache   available
Mem:            62G        481M         55G        136M        6.7G         61G
Swap:            0B          0B          0B
23:27:46
              total        used        free      shared  buff/cache   available
Mem:            62G        494M         55G        136M        6.7G         61G
Swap:            0B          0B          0B
23:27:51
              total        used        free      shared  buff/cache   available
Mem:            62G        507M         55G        144M        6.7G         61G
Swap:            0B          0B          0B
23:27:56
              total        used        free      shared  buff/cache   available
Mem:            62G        457M         55G        144M        6.8G         61G
Swap:            0B          0B          0B
23:28:01
              total        used        free      shared  buff/cache   available
Mem:            62G        460M         55G        144M        6.8G         61G
Swap:            0B          0B          0B
23:28:06
              total        used        free      shared  buff/cache   available
Mem:            62G        466M         55G        144M        6.8G         61G
Swap:            0B          0B          0B
23:28:11
              total        used        free      shared  buff/cache   available
Mem:            62G        474M         55G        144M        6.8G         61G
Swap:            0B          0B          0B
23:28:16
              total        used        free      shared  buff/cache   available
Mem:            62G        485M         55G        144M        6.8G         61G
Swap:            0B          0B          0B
23:28:21
              total        used        free      shared  buff/cache   available
Mem:            62G        494M         55G        144M        6.8G         61G
Swap:            0B          0B          0B
23:28:26
              total        used        free      shared  buff/cache   available
Mem:            62G        503M         55G        144M        6.8G         61G
Swap:            0B          0B          0B
23:28:31
              total        used        free      shared  buff/cache   available
Mem:            62G        513M         55G        144M        6.8G         61G
Swap:            0B          0B          0B
23:28:36
              total        used        free      shared  buff/cache   available
Mem:            62G        624M         55G        144M        6.9G         61G
Swap:            0B          0B          0B
23:28:41
              total        used        free      shared  buff/cache   available
Mem:            62G        624M         55G        144M        6.9G         61G
Swap:            0B          0B          0B
23:28:47
              total        used        free      shared  buff/cache   available
Mem:            62G        647M         55G        144M        6.9G         61G
Swap:            0B          0B          0B
23:28:52
              total        used        free      shared  buff/cache   available
Mem:            62G        648M         55G        144M        6.9G         61G
Swap:            0B          0B          0B
23:28:57
              total        used        free      shared  buff/cache   available
Mem:            62G        711M         55G        144M        6.9G         61G
Swap:            0B          0B          0B
23:29:02
              total        used        free      shared  buff/cache   available
Mem:            62G        1.1G         54G        144M        6.9G         60G
Swap:            0B          0B          0B
23:29:07
              total        used        free      shared  buff/cache   available
Mem:            62G        1.1G         54G        144M        6.9G         60G
Swap:            0B          0B          0B
23:29:12
              total        used        free      shared  buff/cache   available
Mem:            62G        1.1G         54G        144M        6.9G         60G
Swap:            0B          0B          0B
23:29:17
              total        used        free      shared  buff/cache   available
Mem:            62G        1.1G         54G        144M        6.9G         60G
Swap:            0B          0B          0B
23:29:22
              total        used        free      shared  buff/cache   available
Mem:            62G        1.1G         54G        144M        6.9G         60G
Swap:            0B          0B          0B
23:29:27
              total        used        free      shared  buff/cache   available
Mem:            62G        754M         55G        144M        6.9G         61G
Swap:            0B          0B          0B
23:29:32
              total        used        free      shared  buff/cache   available
Mem:            62G        1.1G         54G        144M        7.0G         60G
Swap:            0B          0B          0B
23:29:37
              total        used        free      shared  buff/cache   available
Mem:            62G        1.1G         54G        144M        7.0G         60G
Swap:            0B          0B          0B
23:29:42
              total        used        free      shared  buff/cache   available
Mem:            62G        1.1G         54G        144M        7.0G         60G
Swap:            0B          0B          0B
23:29:47
              total        used        free      shared  buff/cache   available
Mem:            62G        1.1G         54G        144M        7.0G         60G
Swap:            0B          0B          0B
23:29:52
              total        used        free      shared  buff/cache   available
Mem:            62G        1.1G         54G        144M        7.0G         60G
Swap:            0B          0B          0B
23:29:57
              total        used        free      shared  buff/cache   available
Mem:            62G        1.1G         54G        144M        7.0G         60G
Swap:            0B          0B          0B
23:30:02
              total        used        free      shared  buff/cache   available
Mem:            62G        1.1G         54G        144M        7.0G         60G
Swap:            0B          0B          0B
23:30:07
              total        used        free      shared  buff/cache   available
Mem:            62G        987M         54G        144M        7.0G         60G
Swap:            0B          0B          0B
23:30:12
              total        used        free      shared  buff/cache   available
Mem:            62G        988M         54G        144M        7.0G         60G
Swap:            0B          0B          0B
23:30:17
              total        used        free      shared  buff/cache   available
Mem:            62G        988M         54G        144M        7.0G         60G
Swap:            0B          0B          0B
23:30:22
              total        used        free      shared  buff/cache   available
Mem:            62G        988M         54G        144M        7.0G         60G
Swap:            0B          0B          0B
23:30:28
              total        used        free      shared  buff/cache   available
Mem:            62G        520M         55G        144M        7.0G         61G
Swap:            0B          0B          0B
23:30:33
              total        used        free      shared  buff/cache   available
Mem:            62G        520M         55G        144M        7.0G         61G
Swap:            0B          0B          0B
23:30:38
              total        used        free      shared  buff/cache   available
Mem:            62G        521M         55G        144M        7.0G         61G
Swap:            0B          0B          0B
23:30:43
              total        used        free      shared  buff/cache   available
Mem:            62G        521M         55G        144M        7.0G         61G
Swap:            0B          0B          0B
23:30:48
              total        used        free      shared  buff/cache   available
Mem:            62G        521M         55G        144M        7.0G         61G
Swap:            0B          0B          0B
23:30:53
              total        used        free      shared  buff/cache   available
Mem:            62G        522M         55G        144M        7.0G         61G
Swap:            0B          0B          0B
23:30:58
              total        used        free      shared  buff/cache   available
Mem:            62G        522M         55G        144M        7.0G         61G
Swap:            0B          0B          0B
23:31:03
              total        used        free      shared  buff/cache   available
Mem:            62G        522M         55G        144M        7.0G         61G
Swap:            0B          0B          0B
23:31:08
              total        used        free      shared  buff/cache   available
Mem:            62G        5.2G         50G        144M        7.0G         56G
Swap:            0B          0B          0B
23:31:13
              total        used        free      shared  buff/cache   available
Mem:            62G        526M         55G        144M        7.1G         61G
Swap:            0B          0B          0B
23:31:18
              total        used        free      shared  buff/cache   available
Mem:            62G        526M         55G        144M        7.1G         61G
Swap:            0B          0B          0B
23:31:23
              total        used        free      shared  buff/cache   available
Mem:            62G        527M         55G        144M        7.1G         61G
Swap:            0B          0B          0B
23:31:28
              total        used        free      shared  buff/cache   available
Mem:            62G        529M         55G        144M        7.1G         61G
Swap:            0B          0B          0B
23:31:33
              total        used        free      shared  buff/cache   available
Mem:            62G        529M         55G        144M        7.1G         61G
Swap:            0B          0B          0B
23:31:38
              total        used        free      shared  buff/cache   available
Mem:            62G        529M         55G        144M        7.1G         61G
Swap:            0B          0B          0B
23:31:43
              total        used        free      shared  buff/cache   available
Mem:            62G        528M         55G        144M        7.1G         61G
Swap:            0B          0B          0B
23:31:48
              total        used        free      shared  buff/cache   available
Mem:            62G        531M         55G        144M        7.1G         61G
Swap:            0B          0B          0B
23:31:54
              total        used        free      shared  buff/cache   available
Mem:            62G        6.0G         49G        144M        7.1G         55G
Swap:            0B          0B          0B
23:31:59
              total        used        free      shared  buff/cache   available
Mem:            62G        777M         54G        144M        7.2G         61G
Swap:            0B          0B          0B
23:32:04
              total        used        free      shared  buff/cache   available
Mem:            62G        777M         54G        144M        7.2G         61G
Swap:            0B          0B          0B
23:32:09
              total        used        free      shared  buff/cache   available
Mem:            62G        797M         54G        144M        7.2G         61G
Swap:            0B          0B          0B
23:32:14
              total        used        free      shared  buff/cache   available
Mem:            62G        797M         54G        144M        7.2G         61G
Swap:            0B          0B          0B
23:32:19
              total        used        free      shared  buff/cache   available
Mem:            62G        830M         54G        144M        7.3G         61G
Swap:            0B          0B          0B
23:32:24
              total        used        free      shared  buff/cache   available
Mem:            62G        622M         55G        144M        7.3G         61G
Swap:            0B          0B          0B
23:32:29
              total        used        free      shared  buff/cache   available
Mem:            62G        624M         55G        144M        7.3G         61G
Swap:            0B          0B          0B
23:32:34
              total        used        free      shared  buff/cache   available
Mem:            62G        624M         55G        144M        7.3G         61G
Swap:            0B          0B          0B
23:32:39
              total        used        free      shared  buff/cache   available
Mem:            62G        624M         55G        144M        7.3G         61G
Swap:            0B          0B          0B
23:32:44
              total        used        free      shared  buff/cache   available
Mem:            62G        624M         55G        144M        7.3G         61G
Swap:            0B          0B          0B
23:32:49
              total        used        free      shared  buff/cache   available
Mem:            62G        623M         55G        144M        7.3G         61G
Swap:            0B          0B          0B
23:32:54
              total        used        free      shared  buff/cache   available
Mem:            62G        624M         55G        144M        7.3G         61G
Swap:            0B          0B          0B
23:32:59
              total        used        free      shared  buff/cache   available
Mem:            62G        623M         55G        144M        7.3G         61G
Swap:            0B          0B          0B
23:33:04
              total        used        free      shared  buff/cache   available
Mem:            62G        624M         55G        144M        7.3G         61G
Swap:            0B          0B          0B
23:33:09
              total        used        free      shared  buff/cache   available
Mem:            62G        624M         55G        144M        7.3G         61G
Swap:            0B          0B          0B
23:33:14
              total        used        free      shared  buff/cache   available
Mem:            62G        656M         55G        144M        7.3G         61G
Swap:            0B          0B          0B
23:33:19
              total        used        free      shared  buff/cache   available
Mem:            62G        656M         55G        144M        7.3G         61G
Swap:            0B          0B          0B
23:33:24
              total        used        free      shared  buff/cache   available
Mem:            62G        657M         55G        144M        7.3G         61G
Swap:            0B          0B          0B
23:33:30
              total        used        free      shared  buff/cache   available
Mem:            62G        427M         55G        144M        7.3G         61G
Swap:            0B          0B          0B
23:33:35
              total        used        free      shared  buff/cache   available
Mem:            62G        431M         55G        144M        7.3G         61G
Swap:            0B          0B          0B
23:33:40
              total        used        free      shared  buff/cache   available
Mem:            62G        434M         55G        144M        7.3G         61G
Swap:            0B          0B          0B
23:33:45
              total        used        free      shared  buff/cache   available
Mem:            62G        439M         55G        144M        7.3G         61G
Swap:            0B          0B          0B
23:33:50
              total        used        free      shared  buff/cache   available
Mem:            62G        444M         55G        144M        7.3G         61G
Swap:            0B          0B          0B
23:33:55
              total        used        free      shared  buff/cache   available
Mem:            62G        448M         55G        144M        7.3G         61G
Swap:            0B          0B          0B
23:34:00
              total        used        free      shared  buff/cache   available
Mem:            62G        452M         55G        144M        7.3G         61G
Swap:            0B          0B          0B
23:34:05
              total        used        free      shared  buff/cache   available
Mem:            62G        456M         55G        144M        7.3G         61G
Swap:            0B          0B          0B
23:34:10
              total        used        free      shared  buff/cache   available
Mem:            62G        460M         55G        144M        7.3G         61G
Swap:            0B          0B          0B
23:34:15
              total        used        free      shared  buff/cache   available
Mem:            62G        464M         55G        144M        7.3G         61G
Swap:            0B          0B          0B
23:34:20
              total        used        free      shared  buff/cache   available
Mem:            62G        468M         55G        144M        7.3G         61G
Swap:            0B          0B          0B
23:34:25
              total        used        free      shared  buff/cache   available
Mem:            62G        472M         55G        144M        7.3G         61G
Swap:            0B          0B          0B
23:34:30
              total        used        free      shared  buff/cache   available
Mem:            62G        476M         55G        144M        7.3G         61G
Swap:            0B          0B          0B
23:34:35
              total        used        free      shared  buff/cache   available
Mem:            62G        481M         55G        144M        7.3G         61G
Swap:            0B          0B          0B
23:34:40
              total        used        free      shared  buff/cache   available
Mem:            62G        484M         55G        144M        7.3G         61G
Swap:            0B          0B          0B
23:34:45
              total        used        free      shared  buff/cache   available
Mem:            62G        488M         55G        144M        7.3G         61G
Swap:            0B          0B          0B
23:34:50
              total        used        free      shared  buff/cache   available
Mem:            62G        492M         55G        144M        7.3G         61G
Swap:            0B          0B          0B
23:34:55
              total        used        free      shared  buff/cache   available
Mem:            62G        496M         55G        144M        7.3G         61G
Swap:            0B          0B          0B
23:35:00
              total        used        free      shared  buff/cache   available
Mem:            62G        499M         55G        144M        7.3G         61G
Swap:            0B          0B          0B
23:35:06
              total        used        free      shared  buff/cache   available
Mem:            62G        503M         55G        144M        7.3G         61G
Swap:            0B          0B          0B
23:35:11
              total        used        free      shared  buff/cache   available
Mem:            62G        508M         55G        144M        7.3G         61G
Swap:            0B          0B          0B
23:35:16
              total        used        free      shared  buff/cache   available
Mem:            62G        512M         55G        144M        7.3G         61G
Swap:            0B          0B          0B
23:35:21
              total        used        free      shared  buff/cache   available
Mem:            62G        516M         55G        144M        7.3G         61G
Swap:            0B          0B          0B
23:35:26
              total        used        free      shared  buff/cache   available
Mem:            62G        520M         55G        144M        7.3G         61G
Swap:            0B          0B          0B
23:35:31
              total        used        free      shared  buff/cache   available
Mem:            62G        528M         55G        144M        7.3G         61G
Swap:            0B          0B          0B
23:35:36
              total        used        free      shared  buff/cache   available
Mem:            62G        530M         55G        144M        7.3G         61G
Swap:            0B          0B          0B
23:35:41
              total        used        free      shared  buff/cache   available
Mem:            62G        533M         55G        144M        7.3G         61G
Swap:            0B          0B          0B
23:35:46
              total        used        free      shared  buff/cache   available
Mem:            62G        536M         55G        144M        7.3G         61G
Swap:            0B          0B          0B
23:35:51
              total        used        free      shared  buff/cache   available
Mem:            62G        540M         55G        144M        7.3G         61G
Swap:            0B          0B          0B
23:35:56
              total        used        free      shared  buff/cache   available
Mem:            62G        543M         55G        144M        7.3G         61G
Swap:            0B          0B          0B
23:36:01
              total        used        free      shared  buff/cache   available
Mem:            62G        548M         55G        144M        7.3G         61G
Swap:            0B          0B          0B
23:36:06
              total        used        free      shared  buff/cache   available
Mem:            62G        552M         55G        144M        7.3G         61G
Swap:            0B          0B          0B
23:36:11
              total        used        free      shared  buff/cache   available
Mem:            62G        556M         55G        144M        7.3G         61G
Swap:            0B          0B          0B
23:36:16
              total        used        free      shared  buff/cache   available
Mem:            62G        560M         55G        144M        7.3G         61G
Swap:            0B          0B          0B
23:36:21
              total        used        free      shared  buff/cache   available
Mem:            62G        564M         55G        144M        7.3G         61G
Swap:            0B          0B          0B
23:36:26
              total        used        free      shared  buff/cache   available
Mem:            62G        568M         55G        144M        7.3G         61G
Swap:            0B          0B          0B
23:36:31
              total        used        free      shared  buff/cache   available
Mem:            62G        577M         55G        144M        7.3G         61G
Swap:            0B          0B          0B
23:36:36
              total        used        free      shared  buff/cache   available
Mem:            62G        578M         55G        144M        7.3G         61G
Swap:            0B          0B          0B
23:36:42
              total        used        free      shared  buff/cache   available
Mem:            62G        581M         55G        144M        7.3G         61G
Swap:            0B          0B          0B
23:36:47
              total        used        free      shared  buff/cache   available
Mem:            62G        584M         55G        144M        7.3G         61G
Swap:            0B          0B          0B
23:36:52
              total        used        free      shared  buff/cache   available
Mem:            62G        589M         55G        144M        7.3G         61G
Swap:            0B          0B          0B
23:36:57
              total        used        free      shared  buff/cache   available
Mem:            62G        593M         55G        144M        7.3G         61G
Swap:            0B          0B          0B
23:37:02
              total        used        free      shared  buff/cache   available
Mem:            62G        597M         55G        144M        7.3G         61G
Swap:            0B          0B          0B
23:37:07
              total        used        free      shared  buff/cache   available
Mem:            62G        602M         55G        144M        7.3G         61G
Swap:            0B          0B          0B
23:37:12
              total        used        free      shared  buff/cache   available
Mem:            62G        606M         55G        144M        7.3G         61G
Swap:            0B          0B          0B
23:37:17
              total        used        free      shared  buff/cache   available
Mem:            62G        610M         55G        144M        7.3G         61G
Swap:            0B          0B          0B
23:37:22
              total        used        free      shared  buff/cache   available
Mem:            62G        614M         55G        144M        7.3G         61G
Swap:            0B          0B          0B
23:37:27
              total        used        free      shared  buff/cache   available
Mem:            62G        618M         55G        144M        7.3G         61G
Swap:            0B          0B          0B
23:37:32
              total        used        free      shared  buff/cache   available
Mem:            62G        623M         55G        144M        7.3G         61G
Swap:            0B          0B          0B
23:37:37
              total        used        free      shared  buff/cache   available
Mem:            62G        628M         55G        144M        7.3G         61G
Swap:            0B          0B          0B
23:37:42
              total        used        free      shared  buff/cache   available
Mem:            62G        630M         55G        144M        7.3G         61G
Swap:            0B          0B          0B
23:37:47
              total        used        free      shared  buff/cache   available
Mem:            62G        633M         55G        144M        7.3G         61G
Swap:            0B          0B          0B
23:37:52
              total        used        free      shared  buff/cache   available
Mem:            62G        637M         55G        144M        7.3G         61G
Swap:            0B          0B          0B
23:37:57
              total        used        free      shared  buff/cache   available
Mem:            62G        641M         55G        144M        7.3G         61G
Swap:            0B          0B          0B
23:38:02
              total        used        free      shared  buff/cache   available
Mem:            62G        647M         55G        144M        7.3G         61G
Swap:            0B          0B          0B
23:38:07
              total        used        free      shared  buff/cache   available
Mem:            62G        650M         55G        144M        7.3G         61G
Swap:            0B          0B          0B
23:38:12
              total        used        free      shared  buff/cache   available
Mem:            62G        654M         55G        144M        7.3G         61G
Swap:            0B          0B          0B
23:38:18
              total        used        free      shared  buff/cache   available
Mem:            62G        658M         54G        144M        7.3G         61G
Swap:            0B          0B          0B
23:38:23
              total        used        free      shared  buff/cache   available
Mem:            62G        662M         54G        144M        7.3G         61G
Swap:            0B          0B          0B
23:38:28
              total        used        free      shared  buff/cache   available
Mem:            62G        666M         54G        144M        7.3G         61G
Swap:            0B          0B          0B
23:38:33
              total        used        free      shared  buff/cache   available
Mem:            62G        671M         54G        144M        7.3G         61G
Swap:            0B          0B          0B
23:38:38
              total        used        free      shared  buff/cache   available
Mem:            62G        1.6G         54G        144M        7.3G         60G
Swap:            0B          0B          0B
23:38:43
              total        used        free      shared  buff/cache   available
Mem:            62G        1.6G         54G        144M        7.3G         60G
Swap:            0B          0B          0B
23:38:48
              total        used        free      shared  buff/cache   available
Mem:            62G        1.6G         54G        144M        7.3G         60G
Swap:            0B          0B          0B
23:38:53
              total        used        free      shared  buff/cache   available
Mem:            62G        1.6G         54G        144M        7.3G         60G
Swap:            0B          0B          0B
23:38:58
              total        used        free      shared  buff/cache   available
Mem:            62G        1.6G         54G        144M        7.3G         60G
Swap:            0B          0B          0B
23:39:03
              total        used        free      shared  buff/cache   available
Mem:            62G        1.6G         54G        144M        7.3G         60G
Swap:            0B          0B          0B
23:39:08
              total        used        free      shared  buff/cache   available
Mem:            62G        1.6G         54G        144M        7.3G         60G
Swap:            0B          0B          0B
23:39:13
              total        used        free      shared  buff/cache   available
Mem:            62G        1.6G         54G        144M        7.3G         60G
Swap:            0B          0B          0B
23:39:18
              total        used        free      shared  buff/cache   available
Mem:            62G        1.6G         54G        144M        7.3G         60G
Swap:            0B          0B          0B
23:39:23
              total        used        free      shared  buff/cache   available
Mem:            62G        1.6G         54G        144M        7.3G         60G
Swap:            0B          0B          0B
23:39:28
              total        used        free      shared  buff/cache   available
Mem:            62G        1.6G         54G        144M        7.3G         60G
Swap:            0B          0B          0B
23:39:33
              total        used        free      shared  buff/cache   available
Mem:            62G        1.6G         54G        144M        7.3G         60G
Swap:            0B          0B          0B
23:39:38
              total        used        free      shared  buff/cache   available
Mem:            62G        1.6G         54G        144M        7.3G         60G
Swap:            0B          0B          0B
23:39:43
              total        used        free      shared  buff/cache   available
Mem:            62G        1.6G         54G        144M        7.3G         60G
Swap:            0B          0B          0B
23:39:48
              total        used        free      shared  buff/cache   available
Mem:            62G        1.6G         54G        144M        7.3G         60G
Swap:            0B          0B          0B
23:39:53
              total        used        free      shared  buff/cache   available
Mem:            62G        1.6G         54G        144M        7.3G         60G
Swap:            0B          0B          0B
23:39:59
              total        used        free      shared  buff/cache   available
Mem:            62G        1.6G         54G        144M        7.3G         60G
Swap:            0B          0B          0B
23:40:04
              total        used        free      shared  buff/cache   available
Mem:            62G        1.6G         54G        144M        7.3G         60G
Swap:            0B          0B          0B
23:40:09
              total        used        free      shared  buff/cache   available
Mem:            62G        1.6G         54G        144M        7.3G         60G
Swap:            0B          0B          0B
23:40:14
              total        used        free      shared  buff/cache   available
Mem:            62G        1.6G         54G        144M        7.3G         60G
Swap:            0B          0B          0B
23:40:19
              total        used        free      shared  buff/cache   available
Mem:            62G        1.6G         54G        144M        7.3G         60G
Swap:            0B          0B          0B
23:40:24
              total        used        free      shared  buff/cache   available
Mem:            62G        1.6G         54G        144M        7.3G         60G
Swap:            0B          0B          0B
23:40:29
              total        used        free      shared  buff/cache   available
Mem:            62G        1.6G         54G        144M        7.3G         60G
Swap:            0B          0B          0B
23:40:34
              total        used        free      shared  buff/cache   available
Mem:            62G        1.6G         54G        144M        7.3G         60G
Swap:            0B          0B          0B
23:40:39
              total        used        free      shared  buff/cache   available
Mem:            62G        1.6G         54G        144M        7.3G         60G
Swap:            0B          0B          0B
23:40:44
              total        used        free      shared  buff/cache   available
Mem:            62G        1.6G         54G        144M        7.3G         60G
Swap:            0B          0B          0B
23:40:49
              total        used        free      shared  buff/cache   available
Mem:            62G        1.6G         54G        144M        7.3G         60G
Swap:            0B          0B          0B
23:40:54
              total        used        free      shared  buff/cache   available
Mem:            62G        1.6G         54G        144M        7.3G         60G
Swap:            0B          0B          0B
23:40:59
              total        used        free      shared  buff/cache   available
Mem:            62G        1.6G         54G        144M        7.3G         60G
Swap:            0B          0B          0B
23:41:04
              total        used        free      shared  buff/cache   available
Mem:            62G        1.6G         54G        144M        7.3G         60G
Swap:            0B          0B          0B
23:41:09
              total        used        free      shared  buff/cache   available
Mem:            62G        1.6G         54G        144M        7.3G         60G
Swap:            0B          0B          0B
23:41:14
              total        used        free      shared  buff/cache   available
Mem:            62G        1.6G         54G        144M        7.3G         60G
Swap:            0B          0B          0B
23:41:19
              total        used        free      shared  buff/cache   available
Mem:            62G        1.6G         54G        144M        7.3G         60G
Swap:            0B          0B          0B
23:41:24
              total        used        free      shared  buff/cache   available
Mem:            62G        1.6G         54G        144M        7.3G         60G
Swap:            0B          0B          0B
23:41:29
              total        used        free      shared  buff/cache   available
Mem:            62G        1.6G         54G        144M        7.3G         60G
Swap:            0B          0B          0B
23:41:34
              total        used        free      shared  buff/cache   available
Mem:            62G        1.6G         54G        144M        7.3G         60G
Swap:            0B          0B          0B
23:41:40
              total        used        free      shared  buff/cache   available
Mem:            62G        1.6G         54G        144M        7.3G         60G
Swap:            0B          0B          0B
23:41:45
              total        used        free      shared  buff/cache   available
Mem:            62G        1.6G         54G        144M        7.3G         60G
Swap:            0B          0B          0B
23:41:50
              total        used        free      shared  buff/cache   available
Mem:            62G        1.6G         54G        144M        7.3G         60G
Swap:            0B          0B          0B
23:41:55
              total        used        free      shared  buff/cache   available
Mem:            62G        1.6G         54G        144M        7.3G         60G
Swap:            0B          0B          0B
23:42:00
              total        used        free      shared  buff/cache   available
Mem:            62G        1.6G         54G        144M        7.3G         60G
Swap:            0B          0B          0B
23:42:05
              total        used        free      shared  buff/cache   available
Mem:            62G        1.6G         54G        144M        7.3G         60G
Swap:            0B          0B          0B
23:42:10
              total        used        free      shared  buff/cache   available
Mem:            62G        1.6G         54G        144M        7.3G         60G
Swap:            0B          0B          0B
23:42:15
              total        used        free      shared  buff/cache   available
Mem:            62G        1.6G         54G        144M        7.3G         60G
Swap:            0B          0B          0B
23:42:20
              total        used        free      shared  buff/cache   available
Mem:            62G        1.6G         54G        144M        7.3G         60G
Swap:            0B          0B          0B
23:42:25
              total        used        free      shared  buff/cache   available
Mem:            62G        1.6G         54G        144M        7.3G         60G
Swap:            0B          0B          0B
23:42:30
              total        used        free      shared  buff/cache   available
Mem:            62G        1.6G         54G        144M        7.3G         60G
Swap:            0B          0B          0B
23:42:35
              total        used        free      shared  buff/cache   available
Mem:            62G        1.6G         54G        144M        7.3G         60G
Swap:            0B          0B          0B
23:42:40
              total        used        free      shared  buff/cache   available
Mem:            62G        1.6G         54G        144M        7.3G         60G
Swap:            0B          0B          0B
23:42:45
              total        used        free      shared  buff/cache   available
Mem:            62G        1.6G         54G        144M        7.3G         60G
Swap:            0B          0B          0B
23:42:50
              total        used        free      shared  buff/cache   available
Mem:            62G        1.6G         54G        144M        7.3G         60G
Swap:            0B          0B          0B
23:42:55
              total        used        free      shared  buff/cache   available
Mem:            62G        1.6G         54G        144M        7.3G         60G
Swap:            0B          0B          0B
23:43:00
              total        used        free      shared  buff/cache   available
Mem:            62G        1.6G         54G        144M        7.3G         60G
Swap:            0B          0B          0B
23:43:05
              total        used        free      shared  buff/cache   available
Mem:            62G        1.6G         54G        144M        7.3G         60G
Swap:            0B          0B          0B
23:43:10
              total        used        free      shared  buff/cache   available
Mem:            62G        1.6G         54G        144M        7.3G         60G
Swap:            0B          0B          0B
23:43:16
              total        used        free      shared  buff/cache   available
Mem:            62G        1.6G         54G        144M        7.3G         60G
Swap:            0B          0B          0B
23:43:21
              total        used        free      shared  buff/cache   available
Mem:            62G        1.6G         54G        144M        7.3G         60G
Swap:            0B          0B          0B
23:43:26
              total        used        free      shared  buff/cache   available
Mem:            62G        1.6G         54G        144M        7.3G         60G
Swap:            0B          0B          0B
23:43:31
              total        used        free      shared  buff/cache   available
Mem:            62G        1.6G         54G        144M        7.3G         60G
Swap:            0B          0B          0B
23:43:36
              total        used        free      shared  buff/cache   available
Mem:            62G        1.6G         54G        144M        7.3G         60G
Swap:            0B          0B          0B
23:43:41
              total        used        free      shared  buff/cache   available
Mem:            62G        1.6G         54G        144M        7.3G         60G
Swap:            0B          0B          0B
23:43:46
              total        used        free      shared  buff/cache   available
Mem:            62G        1.6G         54G        144M        7.3G         60G
Swap:            0B          0B          0B
23:43:51
              total        used        free      shared  buff/cache   available
Mem:            62G        1.6G         54G        144M        7.3G         60G
Swap:            0B          0B          0B
23:43:56
              total        used        free      shared  buff/cache   available
Mem:            62G        1.6G         54G        144M        7.3G         60G
Swap:            0B          0B          0B
23:44:01
              total        used        free      shared  buff/cache   available
Mem:            62G        1.6G         54G        144M        7.3G         60G
Swap:            0B          0B          0B
23:44:06
              total        used        free      shared  buff/cache   available
Mem:            62G        1.6G         54G        144M        7.3G         60G
Swap:            0B          0B          0B
23:44:11
              total        used        free      shared  buff/cache   available
Mem:            62G        1.6G         54G        144M        7.3G         60G
Swap:            0B          0B          0B
23:44:16
              total        used        free      shared  buff/cache   available
Mem:            62G        1.6G         54G        144M        7.3G         60G
Swap:            0B          0B          0B
23:44:21
              total        used        free      shared  buff/cache   available
Mem:            62G        1.6G         54G        144M        7.3G         60G
Swap:            0B          0B          0B
23:44:26
              total        used        free      shared  buff/cache   available
Mem:            62G        1.6G         54G        144M        7.3G         60G
Swap:            0B          0B          0B
23:44:31
              total        used        free      shared  buff/cache   available
Mem:            62G        1.6G         54G        144M        7.3G         60G
Swap:            0B          0B          0B
23:44:36
              total        used        free      shared  buff/cache   available
Mem:            62G        1.6G         54G        144M        7.3G         60G
Swap:            0B          0B          0B
23:44:41
              total        used        free      shared  buff/cache   available
Mem:            62G        1.6G         54G        144M        7.3G         60G
Swap:            0B          0B          0B
23:44:46
              total        used        free      shared  buff/cache   available
Mem:            62G        1.6G         54G        144M        7.3G         60G
Swap:            0B          0B          0B
23:44:52
              total        used        free      shared  buff/cache   available
Mem:            62G        1.6G         54G        144M        7.3G         60G
Swap:            0B          0B          0B
23:44:57
              total        used        free      shared  buff/cache   available
Mem:            62G        1.6G         54G        144M        7.3G         60G
Swap:            0B          0B          0B
23:45:02
              total        used        free      shared  buff/cache   available
Mem:            62G        1.6G         54G        144M        7.3G         60G
Swap:            0B          0B          0B
23:45:07
              total        used        free      shared  buff/cache   available
Mem:            62G        1.6G         54G        144M        7.3G         60G
Swap:            0B          0B          0B
23:45:12
              total        used        free      shared  buff/cache   available
Mem:            62G        1.6G         54G        144M        7.3G         60G
Swap:            0B          0B          0B
23:45:17
              total        used        free      shared  buff/cache   available
Mem:            62G        1.6G         54G        144M        7.3G         60G
Swap:            0B          0B          0B
23:45:22
              total        used        free      shared  buff/cache   available
Mem:            62G        1.6G         54G        144M        7.3G         60G
Swap:            0B          0B          0B
23:45:27
              total        used        free      shared  buff/cache   available
Mem:            62G        1.6G         54G        144M        7.3G         60G
Swap:            0B          0B          0B
23:45:32
              total        used        free      shared  buff/cache   available
Mem:            62G        1.6G         54G        144M        7.3G         60G
Swap:            0B          0B          0B
23:45:37
              total        used        free      shared  buff/cache   available
Mem:            62G        1.6G         54G        144M        7.3G         60G
Swap:            0B          0B          0B
23:45:42
              total        used        free      shared  buff/cache   available
Mem:            62G        1.6G         54G        144M        7.3G         60G
Swap:            0B          0B          0B
23:45:47
              total        used        free      shared  buff/cache   available
Mem:            62G        1.6G         54G        144M        7.3G         60G
Swap:            0B          0B          0B
23:45:52
              total        used        free      shared  buff/cache   available
Mem:            62G        1.6G         54G        144M        7.3G         60G
Swap:            0B          0B          0B
23:45:57
              total        used        free      shared  buff/cache   available
Mem:            62G        1.6G         54G        144M        7.3G         60G
Swap:            0B          0B          0B
23:46:02
              total        used        free      shared  buff/cache   available
Mem:            62G        1.6G         54G        144M        7.3G         60G
Swap:            0B          0B          0B
23:46:07
              total        used        free      shared  buff/cache   available
Mem:            62G        1.6G         54G        144M        7.3G         60G
Swap:            0B          0B          0B
23:46:12
              total        used        free      shared  buff/cache   available
Mem:            62G        1.6G         54G        144M        7.3G         60G
Swap:            0B          0B          0B
23:46:17
              total        used        free      shared  buff/cache   available
Mem:            62G        1.6G         54G        144M        7.3G         60G
Swap:            0B          0B          0B
23:46:22
              total        used        free      shared  buff/cache   available
Mem:            62G        1.6G         54G        144M        7.3G         60G
Swap:            0B          0B          0B
23:46:27
              total        used        free      shared  buff/cache   available
Mem:            62G        1.6G         54G        144M        7.3G         60G
Swap:            0B          0B          0B
23:46:33
              total        used        free      shared  buff/cache   available
Mem:            62G        1.6G         54G        144M        7.3G         60G
Swap:            0B          0B          0B
23:46:38
              total        used        free      shared  buff/cache   available
Mem:            62G        1.6G         54G        144M        7.3G         60G
Swap:            0B          0B          0B
23:46:43
              total        used        free      shared  buff/cache   available
Mem:            62G        1.6G         54G        144M        7.3G         60G
Swap:            0B          0B          0B
23:46:48
              total        used        free      shared  buff/cache   available
Mem:            62G        1.6G         54G        144M        7.3G         60G
Swap:            0B          0B          0B
23:46:53
              total        used        free      shared  buff/cache   available
Mem:            62G        1.6G         54G        144M        7.3G         60G
Swap:            0B          0B          0B
23:46:58
              total        used        free      shared  buff/cache   available
Mem:            62G        1.6G         54G        144M        7.3G         60G
Swap:            0B          0B          0B
23:47:03
              total        used        free      shared  buff/cache   available
Mem:            62G        1.6G         54G        144M        7.3G         60G
Swap:            0B          0B          0B
23:47:08
              total        used        free      shared  buff/cache   available
Mem:            62G        1.6G         54G        144M        7.3G         60G
Swap:            0B          0B          0B
23:47:13
              total        used        free      shared  buff/cache   available
Mem:            62G        1.6G         54G        144M        7.3G         60G
Swap:            0B          0B          0B
23:47:18
              total        used        free      shared  buff/cache   available
Mem:            62G        1.6G         54G        144M        7.3G         60G
Swap:            0B          0B          0B
23:47:23
              total        used        free      shared  buff/cache   available
Mem:            62G        1.6G         54G        144M        7.3G         60G
Swap:            0B          0B          0B
23:47:28
              total        used        free      shared  buff/cache   available
Mem:            62G        1.6G         54G        144M        7.3G         60G
Swap:            0B          0B          0B
23:47:33
              total        used        free      shared  buff/cache   available
Mem:            62G        1.6G         54G        144M        7.3G         60G
Swap:            0B          0B          0B
23:47:38
              total        used        free      shared  buff/cache   available
Mem:            62G        1.6G         54G        144M        7.3G         60G
Swap:            0B          0B          0B
23:47:43
              total        used        free      shared  buff/cache   available
Mem:            62G        1.6G         54G        144M        7.3G         60G
Swap:            0B          0B          0B
23:47:48
              total        used        free      shared  buff/cache   available
Mem:            62G        1.6G         54G        144M        7.3G         60G
Swap:            0B          0B          0B
23:47:53
              total        used        free      shared  buff/cache   available
Mem:            62G        1.6G         54G        144M        7.3G         60G
Swap:            0B          0B          0B
23:47:58
              total        used        free      shared  buff/cache   available
Mem:            62G        1.6G         54G        144M        7.3G         60G
Swap:            0B          0B          0B
23:48:03
              total        used        free      shared  buff/cache   available
Mem:            62G        1.6G         54G        144M        7.3G         60G
Swap:            0B          0B          0B
23:48:09
              total        used        free      shared  buff/cache   available
Mem:            62G        1.6G         54G        144M        7.3G         60G
Swap:            0B          0B          0B
23:48:14
              total        used        free      shared  buff/cache   available
Mem:            62G        1.6G         54G        144M        7.3G         60G
Swap:            0B          0B          0B
23:48:19
              total        used        free      shared  buff/cache   available
Mem:            62G        1.6G         54G        144M        7.3G         60G
Swap:            0B          0B          0B
23:48:24
              total        used        free      shared  buff/cache   available
Mem:            62G        1.6G         54G        144M        7.3G         60G
Swap:            0B          0B          0B
23:48:29
              total        used        free      shared  buff/cache   available
Mem:            62G        1.6G         54G        144M        7.3G         60G
Swap:            0B          0B          0B
23:48:34
              total        used        free      shared  buff/cache   available
Mem:            62G        1.6G         54G        144M        7.3G         60G
Swap:            0B          0B          0B
23:48:39
              total        used        free      shared  buff/cache   available
Mem:            62G        1.6G         54G        144M        7.3G         60G
Swap:            0B          0B          0B
23:48:44
              total        used        free      shared  buff/cache   available
Mem:            62G        1.6G         54G        144M        7.3G         60G
Swap:            0B          0B          0B
23:48:49
              total        used        free      shared  buff/cache   available
Mem:            62G        1.6G         54G        144M        7.3G         60G
Swap:            0B          0B          0B
23:48:54
              total        used        free      shared  buff/cache   available
Mem:            62G        1.6G         54G        144M        7.3G         60G
Swap:            0B          0B          0B
23:48:59
              total        used        free      shared  buff/cache   available
Mem:            62G        1.6G         54G        144M        7.3G         60G
Swap:            0B          0B          0B
23:49:04
              total        used        free      shared  buff/cache   available
Mem:            62G        1.6G         54G        144M        7.3G         60G
Swap:            0B          0B          0B
23:49:09
              total        used        free      shared  buff/cache   available
Mem:            62G        1.6G         54G        144M        7.3G         60G
Swap:            0B          0B          0B
23:49:14
              total        used        free      shared  buff/cache   available
Mem:            62G        1.6G         54G        144M        7.3G         60G
Swap:            0B          0B          0B
23:49:19
              total        used        free      shared  buff/cache   available
Mem:            62G        1.6G         54G        144M        7.3G         60G
Swap:            0B          0B          0B
23:49:24
              total        used        free      shared  buff/cache   available
Mem:            62G        1.6G         54G        144M        7.3G         60G
Swap:            0B          0B          0B
23:49:29
              total        used        free      shared  buff/cache   available
Mem:            62G        1.6G         54G        144M        7.3G         60G
Swap:            0B          0B          0B
23:49:34
              total        used        free      shared  buff/cache   available
Mem:            62G        1.6G         54G        144M        7.3G         60G
Swap:            0B          0B          0B
23:49:39
              total        used        free      shared  buff/cache   available
Mem:            62G        1.6G         54G        144M        7.3G         60G
Swap:            0B          0B          0B
23:49:44
              total        used        free      shared  buff/cache   available
Mem:            62G        1.6G         54G        144M        7.3G         60G
Swap:            0B          0B          0B
23:49:50
              total        used        free      shared  buff/cache   available
Mem:            62G        1.6G         54G        144M        7.3G         60G
Swap:            0B          0B          0B
23:49:55
              total        used        free      shared  buff/cache   available
Mem:            62G        1.6G         54G        144M        7.3G         60G
Swap:            0B          0B          0B
23:50:00
              total        used        free      shared  buff/cache   available
Mem:            62G        1.6G         54G        144M        7.3G         60G
Swap:            0B          0B          0B
23:50:05
              total        used        free      shared  buff/cache   available
Mem:            62G        1.6G         54G        144M        7.3G         60G
Swap:            0B          0B          0B
23:50:10
              total        used        free      shared  buff/cache   available
Mem:            62G        1.6G         54G        144M        7.3G         60G
Swap:            0B          0B          0B
23:50:15
              total        used        free      shared  buff/cache   available
Mem:            62G        1.6G         54G        144M        7.3G         60G
Swap:            0B          0B          0B
23:50:20
              total        used        free      shared  buff/cache   available
Mem:            62G        1.6G         54G        144M        7.3G         60G
Swap:            0B          0B          0B
23:50:25
              total        used        free      shared  buff/cache   available
Mem:            62G        1.6G         54G        144M        7.3G         60G
Swap:            0B          0B          0B
23:50:30
              total        used        free      shared  buff/cache   available
Mem:            62G        1.6G         54G        144M        7.3G         60G
Swap:            0B          0B          0B
23:50:35
              total        used        free      shared  buff/cache   available
Mem:            62G        1.6G         54G        144M        7.3G         60G
Swap:            0B          0B          0B
23:50:40
              total        used        free      shared  buff/cache   available
Mem:            62G        1.6G         54G        144M        7.3G         60G
Swap:            0B          0B          0B
23:50:45
              total        used        free      shared  buff/cache   available
Mem:            62G        1.6G         54G        144M        7.3G         60G
Swap:            0B          0B          0B
23:50:50
              total        used        free      shared  buff/cache   available
Mem:            62G        1.6G         54G        144M        7.3G         60G
Swap:            0B          0B          0B
23:50:55
              total        used        free      shared  buff/cache   available
Mem:            62G        1.6G         54G        144M        7.3G         60G
Swap:            0B          0B          0B
23:51:00
              total        used        free      shared  buff/cache   available
Mem:            62G        1.6G         54G        144M        7.3G         60G
Swap:            0B          0B          0B
23:51:05
              total        used        free      shared  buff/cache   available
Mem:            62G        1.6G         54G        144M        7.3G         60G
Swap:            0B          0B          0B
23:51:10
              total        used        free      shared  buff/cache   available
Mem:            62G        1.6G         54G        144M        7.3G         60G
Swap:            0B          0B          0B
23:51:15
              total        used        free      shared  buff/cache   available
Mem:            62G        1.6G         54G        144M        7.3G         60G
Swap:            0B          0B          0B
23:51:20
              total        used        free      shared  buff/cache   available
Mem:            62G        1.6G         54G        144M        7.3G         60G
Swap:            0B          0B          0B
23:51:25
              total        used        free      shared  buff/cache   available
Mem:            62G        1.6G         54G        144M        7.3G         60G
Swap:            0B          0B          0B
23:51:31
              total        used        free      shared  buff/cache   available
Mem:            62G        1.6G         54G        144M        7.3G         60G
Swap:            0B          0B          0B
23:51:36
              total        used        free      shared  buff/cache   available
Mem:            62G        1.6G         54G        144M        7.3G         60G
Swap:            0B          0B          0B
23:51:41
              total        used        free      shared  buff/cache   available
Mem:            62G        1.6G         54G        144M        7.3G         60G
Swap:            0B          0B          0B
23:51:46
              total        used        free      shared  buff/cache   available
Mem:            62G        1.6G         54G        144M        7.3G         60G
Swap:            0B          0B          0B
23:51:51
              total        used        free      shared  buff/cache   available
Mem:            62G        1.6G         54G        144M        7.3G         60G
Swap:            0B          0B          0B
23:51:56
              total        used        free      shared  buff/cache   available
Mem:            62G        1.6G         54G        144M        7.3G         60G
Swap:            0B          0B          0B
23:52:01
              total        used        free      shared  buff/cache   available
Mem:            62G        1.6G         54G        144M        7.3G         60G
Swap:            0B          0B          0B
23:52:06
              total        used        free      shared  buff/cache   available
Mem:            62G        1.6G         54G        144M        7.3G         60G
Swap:            0B          0B          0B
23:52:11
              total        used        free      shared  buff/cache   available
Mem:            62G        1.6G         54G        144M        7.3G         60G
Swap:            0B          0B          0B
23:52:16
              total        used        free      shared  buff/cache   available
Mem:            62G        1.6G         54G        144M        7.3G         60G
Swap:            0B          0B          0B
23:52:21
              total        used        free      shared  buff/cache   available
Mem:            62G        1.6G         54G        144M        7.3G         60G
Swap:            0B          0B          0B
23:52:26
              total        used        free      shared  buff/cache   available
Mem:            62G        1.6G         54G        144M        7.3G         60G
Swap:            0B          0B          0B
23:52:31
              total        used        free      shared  buff/cache   available
Mem:            62G        1.6G         54G        144M        7.3G         60G
Swap:            0B          0B          0B
23:52:36
              total        used        free      shared  buff/cache   available
Mem:            62G        1.6G         54G        144M        7.3G         60G
Swap:            0B          0B          0B
23:52:41
              total        used        free      shared  buff/cache   available
Mem:            62G        1.6G         54G        144M        7.3G         60G
Swap:            0B          0B          0B
23:52:46
              total        used        free      shared  buff/cache   available
Mem:            62G        1.6G         54G        144M        7.3G         60G
Swap:            0B          0B          0B
23:52:51
              total        used        free      shared  buff/cache   available
Mem:            62G        1.6G         54G        144M        7.3G         60G
Swap:            0B          0B          0B
23:52:56
              total        used        free      shared  buff/cache   available
Mem:            62G        1.6G         54G        144M        7.3G         60G
Swap:            0B          0B          0B
23:53:01
              total        used        free      shared  buff/cache   available
Mem:            62G        1.6G         54G        144M        7.3G         60G
Swap:            0B          0B          0B
23:53:06
              total        used        free      shared  buff/cache   available
Mem:            62G        1.6G         54G        144M        7.3G         60G
Swap:            0B          0B          0B
23:53:12
              total        used        free      shared  buff/cache   available
Mem:            62G        1.6G         54G        144M        7.3G         60G
Swap:            0B          0B          0B
23:53:17
              total        used        free      shared  buff/cache   available
Mem:            62G        1.6G         54G        144M        7.3G         60G
Swap:            0B          0B          0B
23:53:22
              total        used        free      shared  buff/cache   available
Mem:            62G        1.6G         54G        144M        7.3G         60G
Swap:            0B          0B          0B
23:53:27
              total        used        free      shared  buff/cache   available
Mem:            62G        1.6G         54G        144M        7.3G         60G
Swap:            0B          0B          0B
23:53:32
              total        used        free      shared  buff/cache   available
Mem:            62G        1.6G         54G        144M        7.3G         60G
Swap:            0B          0B          0B
23:53:37
              total        used        free      shared  buff/cache   available
Mem:            62G        1.6G         54G        144M        7.3G         60G
Swap:            0B          0B          0B
23:53:42
              total        used        free      shared  buff/cache   available
Mem:            62G        1.6G         54G        144M        7.3G         60G
Swap:            0B          0B          0B
23:53:47
              total        used        free      shared  buff/cache   available
Mem:            62G        1.6G         54G        144M        7.3G         60G
Swap:            0B          0B          0B
23:53:52
              total        used        free      shared  buff/cache   available
Mem:            62G        1.6G         54G        144M        7.3G         60G
Swap:            0B          0B          0B
23:53:57
              total        used        free      shared  buff/cache   available
Mem:            62G        1.6G         54G        144M        7.3G         60G
Swap:            0B          0B          0B
23:54:02
              total        used        free      shared  buff/cache   available
Mem:            62G        1.6G         54G        144M        7.3G         60G
Swap:            0B          0B          0B
23:54:07
              total        used        free      shared  buff/cache   available
Mem:            62G        1.6G         54G        144M        7.3G         60G
Swap:            0B          0B          0B
23:54:12
              total        used        free      shared  buff/cache   available
Mem:            62G        1.6G         54G        144M        7.3G         60G
Swap:            0B          0B          0B
23:54:17
              total        used        free      shared  buff/cache   available
Mem:            62G        1.6G         54G        144M        7.3G         60G
Swap:            0B          0B          0B
23:54:22
              total        used        free      shared  buff/cache   available
Mem:            62G        1.6G         54G        144M        7.3G         60G
Swap:            0B          0B          0B
23:54:27
              total        used        free      shared  buff/cache   available
Mem:            62G        1.6G         54G        144M        7.3G         60G
Swap:            0B          0B          0B
23:54:32
              total        used        free      shared  buff/cache   available
Mem:            62G        1.6G         54G        144M        7.3G         60G
Swap:            0B          0B          0B
23:54:37
              total        used        free      shared  buff/cache   available
Mem:            62G        1.6G         54G        144M        7.3G         60G
Swap:            0B          0B          0B
23:54:42
              total        used        free      shared  buff/cache   available
Mem:            62G        1.6G         54G        144M        7.3G         60G
Swap:            0B          0B          0B
23:54:47
              total        used        free      shared  buff/cache   available
Mem:            62G        1.6G         54G        144M        7.3G         60G
Swap:            0B          0B          0B
23:54:53
              total        used        free      shared  buff/cache   available
Mem:            62G        1.6G         54G        144M        7.3G         60G
Swap:            0B          0B          0B
23:54:58
              total        used        free      shared  buff/cache   available
Mem:            62G        1.6G         54G        144M        7.3G         60G
Swap:            0B          0B          0B
23:55:03
              total        used        free      shared  buff/cache   available
Mem:            62G        1.6G         54G        144M        7.3G         60G
Swap:            0B          0B          0B
23:55:08
              total        used        free      shared  buff/cache   available
Mem:            62G        1.6G         54G        144M        7.3G         60G
Swap:            0B          0B          0B
23:55:13
              total        used        free      shared  buff/cache   available
Mem:            62G        1.6G         54G        144M        7.3G         60G
Swap:            0B          0B          0B
23:55:18
              total        used        free      shared  buff/cache   available
Mem:            62G        1.6G         54G        144M        7.3G         60G
Swap:            0B          0B          0B
23:55:23
              total        used        free      shared  buff/cache   available
Mem:            62G        1.6G         54G        144M        7.3G         60G
Swap:            0B          0B          0B
23:55:28
              total        used        free      shared  buff/cache   available
Mem:            62G        1.6G         54G        144M        7.3G         60G
Swap:            0B          0B          0B
23:55:33
              total        used        free      shared  buff/cache   available
Mem:            62G        1.6G         54G        144M        7.3G         60G
Swap:            0B          0B          0B
23:55:38
              total        used        free      shared  buff/cache   available
Mem:            62G        1.6G         54G        144M        7.3G         60G
Swap:            0B          0B          0B
23:55:43
              total        used        free      shared  buff/cache   available
Mem:            62G        1.6G         54G        144M        7.3G         60G
Swap:            0B          0B          0B
23:55:48
              total        used        free      shared  buff/cache   available
Mem:            62G        1.6G         54G        144M        7.3G         60G
Swap:            0B          0B          0B
23:55:53
              total        used        free      shared  buff/cache   available
Mem:            62G        1.6G         54G        144M        7.3G         60G
Swap:            0B          0B          0B
23:55:58
              total        used        free      shared  buff/cache   available
Mem:            62G        1.6G         54G        144M        7.3G         60G
Swap:            0B          0B          0B
23:56:03
              total        used        free      shared  buff/cache   available
Mem:            62G        1.6G         54G        144M        7.3G         60G
Swap:            0B          0B          0B
23:56:08
              total        used        free      shared  buff/cache   available
Mem:            62G        1.6G         54G        144M        7.3G         60G
Swap:            0B          0B          0B
23:56:13
              total        used        free      shared  buff/cache   available
Mem:            62G        1.6G         54G        144M        7.3G         60G
Swap:            0B          0B          0B
23:56:18
              total        used        free      shared  buff/cache   available
Mem:            62G        1.6G         54G        144M        7.3G         60G
Swap:            0B          0B          0B
23:56:23
              total        used        free      shared  buff/cache   available
