03:15:32
              total        used        free      shared  buff/cache   available
Mem:            62G        1.1G         55G        168M        6.6G         60G
Swap:            0B          0B          0B
03:15:37
              total        used        free      shared  buff/cache   available
Mem:            62G        524M         55G        168M        6.6G         61G
Swap:            0B          0B          0B
03:15:42
              total        used        free      shared  buff/cache   available
Mem:            62G        524M         55G        168M        6.6G         61G
Swap:            0B          0B          0B
03:15:47
              total        used        free      shared  buff/cache   available
Mem:            62G        524M         55G        168M        6.6G         61G
Swap:            0B          0B          0B
03:15:52
              total        used        free      shared  buff/cache   available
Mem:            62G        525M         55G        168M        6.6G         61G
Swap:            0B          0B          0B
03:15:57
              total        used        free      shared  buff/cache   available
Mem:            62G        525M         55G        168M        6.6G         61G
Swap:            0B          0B          0B
03:16:02
              total        used        free      shared  buff/cache   available
Mem:            62G        526M         55G        168M        6.6G         61G
Swap:            0B          0B          0B
03:16:07
              total        used        free      shared  buff/cache   available
Mem:            62G        526M         55G        168M        6.6G         61G
Swap:            0B          0B          0B
03:16:12
              total        used        free      shared  buff/cache   available
Mem:            62G        526M         55G        168M        6.6G         61G
Swap:            0B          0B          0B
03:16:17
              total        used        free      shared  buff/cache   available
Mem:            62G        4.7G         51G        168M        6.6G         57G
Swap:            0B          0B          0B
03:16:22
              total        used        free      shared  buff/cache   available
Mem:            62G        499M         55G        168M        6.7G         61G
Swap:            0B          0B          0B
03:16:27
              total        used        free      shared  buff/cache   available
Mem:            62G        1.1G         55G        168M        6.7G         60G
Swap:            0B          0B          0B
03:16:32
              total        used        free      shared  buff/cache   available
Mem:            62G        1.0G         55G        168M        6.7G         60G
Swap:            0B          0B          0B
03:16:37
              total        used        free      shared  buff/cache   available
Mem:            62G        1.1G         55G        168M        6.7G         60G
Swap:            0B          0B          0B
03:16:43
              total        used        free      shared  buff/cache   available
Mem:            62G        1.1G         55G        168M        6.7G         60G
Swap:            0B          0B          0B
03:16:48
              total        used        free      shared  buff/cache   available
Mem:            62G        1.1G         55G        168M        6.7G         60G
Swap:            0B          0B          0B
03:16:53
              total        used        free      shared  buff/cache   available
Mem:            62G        1.1G         55G        168M        6.7G         60G
Swap:            0B          0B          0B
03:16:58
              total        used        free      shared  buff/cache   available
Mem:            62G        1.1G         55G        168M        6.7G         60G
Swap:            0B          0B          0B
03:17:03
              total        used        free      shared  buff/cache   available
Mem:            62G        524M         55G        168M        6.7G         61G
Swap:            0B          0B          0B
03:17:08
              total        used        free      shared  buff/cache   available
Mem:            62G        525M         55G        168M        6.7G         61G
Swap:            0B          0B          0B
03:17:13
              total        used        free      shared  buff/cache   available
Mem:            62G        525M         55G        168M        6.7G         61G
Swap:            0B          0B          0B
03:17:18
              total        used        free      shared  buff/cache   available
Mem:            62G        525M         55G        168M        6.7G         61G
Swap:            0B          0B          0B
03:17:23
              total        used        free      shared  buff/cache   available
Mem:            62G        525M         55G        168M        6.7G         61G
Swap:            0B          0B          0B
03:17:28
              total        used        free      shared  buff/cache   available
Mem:            62G        525M         55G        168M        6.7G         61G
Swap:            0B          0B          0B
03:17:33
              total        used        free      shared  buff/cache   available
Mem:            62G        525M         55G        168M        6.7G         61G
Swap:            0B          0B          0B
03:17:38
              total        used        free      shared  buff/cache   available
Mem:            62G        525M         55G        168M        6.7G         61G
Swap:            0B          0B          0B
03:17:43
              total        used        free      shared  buff/cache   available
Mem:            62G        4.4G         51G        168M        6.7G         57G
Swap:            0B          0B          0B
03:17:48
              total        used        free      shared  buff/cache   available
Mem:            62G        423M         55G        168M        6.6G         61G
Swap:            0B          0B          0B
03:17:53
              total        used        free      shared  buff/cache   available
Mem:            62G        1.1G         55G        168M        6.6G         60G
Swap:            0B          0B          0B
03:17:58
              total        used        free      shared  buff/cache   available
Mem:            62G        1.1G         55G        168M        6.6G         60G
Swap:            0B          0B          0B
03:18:03
              total        used        free      shared  buff/cache   available
Mem:            62G        1.1G         55G        168M        6.6G         60G
Swap:            0B          0B          0B
03:18:08
              total        used        free      shared  buff/cache   available
Mem:            62G        1.1G         55G        168M        6.6G         60G
Swap:            0B          0B          0B
03:18:14
              total        used        free      shared  buff/cache   available
Mem:            62G        1.1G         55G        168M        6.6G         60G
Swap:            0B          0B          0B
03:18:19
              total        used        free      shared  buff/cache   available
Mem:            62G        1.1G         55G        168M        6.6G         60G
Swap:            0B          0B          0B
03:18:24
              total        used        free      shared  buff/cache   available
Mem:            62G        951M         55G        168M        6.6G         60G
Swap:            0B          0B          0B
03:18:29
              total        used        free      shared  buff/cache   available
Mem:            62G        523M         55G        168M        6.7G         61G
Swap:            0B          0B          0B
03:18:34
              total        used        free      shared  buff/cache   available
Mem:            62G        523M         55G        168M        6.7G         61G
Swap:            0B          0B          0B
03:18:39
              total        used        free      shared  buff/cache   available
Mem:            62G        524M         55G        168M        6.7G         61G
Swap:            0B          0B          0B
03:18:44
              total        used        free      shared  buff/cache   available
Mem:            62G        524M         55G        168M        6.7G         61G
Swap:            0B          0B          0B
03:18:49
              total        used        free      shared  buff/cache   available
Mem:            62G        526M         55G        168M        6.7G         61G
Swap:            0B          0B          0B
03:18:54
              total        used        free      shared  buff/cache   available
Mem:            62G        525M         55G        168M        6.7G         61G
Swap:            0B          0B          0B
03:18:59
              total        used        free      shared  buff/cache   available
Mem:            62G        526M         55G        168M        6.7G         61G
Swap:            0B          0B          0B
03:19:04
              total        used        free      shared  buff/cache   available
Mem:            62G        526M         55G        168M        6.7G         61G
Swap:            0B          0B          0B
03:19:09
              total        used        free      shared  buff/cache   available
Mem:            62G        3.1G         53G        168M        6.7G         58G
Swap:            0B          0B          0B
03:19:14
              total        used        free      shared  buff/cache   available
Mem:            62G        1.1G         55G        168M        6.8G         60G
Swap:            0B          0B          0B
03:19:19
              total        used        free      shared  buff/cache   available
Mem:            62G        1.1G         55G        168M        6.8G         60G
Swap:            0B          0B          0B
03:19:24
              total        used        free      shared  buff/cache   available
Mem:            62G        1.1G         55G        168M        6.8G         60G
Swap:            0B          0B          0B
03:19:29
              total        used        free      shared  buff/cache   available
Mem:            62G        1.1G         55G        168M        6.8G         60G
Swap:            0B          0B          0B
03:19:34
              total        used        free      shared  buff/cache   available
Mem:            62G        771M         55G        168M        6.8G         61G
Swap:            0B          0B          0B
03:19:39
              total        used        free      shared  buff/cache   available
Mem:            62G        1.1G         55G        168M        6.8G         60G
Swap:            0B          0B          0B
03:19:44
              total        used        free      shared  buff/cache   available
Mem:            62G        1.1G         55G        168M        6.8G         60G
Swap:            0B          0B          0B
03:19:49
              total        used        free      shared  buff/cache   available
Mem:            62G        523M         55G        168M        6.8G         61G
Swap:            0B          0B          0B
03:19:55
              total        used        free      shared  buff/cache   available
Mem:            62G        523M         55G        168M        6.8G         61G
Swap:            0B          0B          0B
03:20:00
              total        used        free      shared  buff/cache   available
Mem:            62G        524M         55G        168M        6.8G         61G
Swap:            0B          0B          0B
03:20:05
              total        used        free      shared  buff/cache   available
Mem:            62G        524M         55G        168M        6.8G         61G
Swap:            0B          0B          0B
03:20:10
              total        used        free      shared  buff/cache   available
Mem:            62G        524M         55G        168M        6.8G         61G
Swap:            0B          0B          0B
03:20:15
              total        used        free      shared  buff/cache   available
Mem:            62G        524M         55G        168M        6.8G         61G
Swap:            0B          0B          0B
03:20:20
              total        used        free      shared  buff/cache   available
Mem:            62G        525M         55G        168M        6.8G         61G
Swap:            0B          0B          0B
03:20:25
              total        used        free      shared  buff/cache   available
Mem:            62G        526M         55G        168M        6.8G         61G
Swap:            0B          0B          0B
03:20:30
              total        used        free      shared  buff/cache   available
Mem:            62G        4.8G         51G        168M        6.8G         57G
Swap:            0B          0B          0B
03:20:35
              total        used        free      shared  buff/cache   available
Mem:            62G        1.3G         54G        168M        6.9G         60G
Swap:            0B          0B          0B
03:20:40
              total        used        free      shared  buff/cache   available
Mem:            62G        1.1G         55G        168M        6.7G         60G
Swap:            0B          0B          0B
03:20:45
              total        used        free      shared  buff/cache   available
Mem:            62G        1.1G         55G        168M        6.7G         60G
Swap:            0B          0B          0B
03:20:50
              total        used        free      shared  buff/cache   available
Mem:            62G        1.1G         55G        168M        6.7G         60G
Swap:            0B          0B          0B
03:20:55
              total        used        free      shared  buff/cache   available
Mem:            62G        1.0G         55G        168M        6.7G         60G
Swap:            0B          0B          0B
03:21:00
              total        used        free      shared  buff/cache   available
Mem:            62G        1.0G         55G        168M        6.7G         60G
Swap:            0B          0B          0B
03:21:05
              total        used        free      shared  buff/cache   available
Mem:            62G        989M         55G        168M        6.8G         60G
Swap:            0B          0B          0B
03:21:10
              total        used        free      shared  buff/cache   available
Mem:            62G        990M         55G        168M        6.8G         60G
Swap:            0B          0B          0B
03:21:15
              total        used        free      shared  buff/cache   available
Mem:            62G        522M         55G        168M        6.8G         61G
Swap:            0B          0B          0B
03:21:20
              total        used        free      shared  buff/cache   available
Mem:            62G        524M         55G        168M        6.8G         61G
Swap:            0B          0B          0B
03:21:25
              total        used        free      shared  buff/cache   available
Mem:            62G        524M         55G        168M        6.8G         61G
Swap:            0B          0B          0B
03:21:30
              total        used        free      shared  buff/cache   available
Mem:            62G        527M         55G        168M        6.8G         61G
Swap:            0B          0B          0B
03:21:36
              total        used        free      shared  buff/cache   available
Mem:            62G        528M         55G        168M        6.8G         61G
Swap:            0B          0B          0B
03:21:41
              total        used        free      shared  buff/cache   available
Mem:            62G        527M         55G        168M        6.8G         61G
Swap:            0B          0B          0B
03:21:46
              total        used        free      shared  buff/cache   available
Mem:            62G        528M         55G        168M        6.8G         61G
Swap:            0B          0B          0B
03:21:51
              total        used        free      shared  buff/cache   available
Mem:            62G        528M         55G        168M        6.8G         61G
Swap:            0B          0B          0B
03:21:56
              total        used        free      shared  buff/cache   available
Mem:            62G        4.7G         51G        168M        6.8G         57G
Swap:            0B          0B          0B
03:22:01
              total        used        free      shared  buff/cache   available
Mem:            62G        653M         55G        168M        6.9G         61G
Swap:            0B          0B          0B
03:22:06
              total        used        free      shared  buff/cache   available
Mem:            62G        1.1G         54G        168M        6.9G         60G
Swap:            0B          0B          0B
03:22:11
              total        used        free      shared  buff/cache   available
Mem:            62G        1.1G         54G        168M        6.9G         60G
Swap:            0B          0B          0B
03:22:16
              total        used        free      shared  buff/cache   available
Mem:            62G        1.1G         54G        168M        6.9G         60G
Swap:            0B          0B          0B
03:22:21
              total        used        free      shared  buff/cache   available
Mem:            62G        1.1G         54G        168M        6.9G         60G
Swap:            0B          0B          0B
03:22:26
              total        used        free      shared  buff/cache   available
Mem:            62G        1.1G         54G        168M        6.9G         60G
Swap:            0B          0B          0B
03:22:31
              total        used        free      shared  buff/cache   available
Mem:            62G        1.1G         54G        168M        6.9G         60G
Swap:            0B          0B          0B
03:22:36
              total        used        free      shared  buff/cache   available
Mem:            62G        582M         55G        168M        6.9G         61G
Swap:            0B          0B          0B
03:22:41
              total        used        free      shared  buff/cache   available
Mem:            62G        525M         55G        168M        6.9G         61G
Swap:            0B          0B          0B
03:22:46
              total        used        free      shared  buff/cache   available
Mem:            62G        526M         55G        168M        6.9G         61G
Swap:            0B          0B          0B
03:22:51
              total        used        free      shared  buff/cache   available
Mem:            62G        528M         55G        168M        6.9G         61G
Swap:            0B          0B          0B
03:22:56
              total        used        free      shared  buff/cache   available
Mem:            62G        528M         55G        168M        6.9G         61G
Swap:            0B          0B          0B
03:23:01
              total        used        free      shared  buff/cache   available
Mem:            62G        528M         55G        168M        6.9G         61G
Swap:            0B          0B          0B
03:23:06
              total        used        free      shared  buff/cache   available
Mem:            62G        527M         55G        168M        6.9G         61G
Swap:            0B          0B          0B
03:23:11
              total        used        free      shared  buff/cache   available
Mem:            62G        527M         55G        168M        6.9G         61G
Swap:            0B          0B          0B
03:23:17
              total        used        free      shared  buff/cache   available
Mem:            62G        528M         55G        168M        6.9G         61G
Swap:            0B          0B          0B
03:23:22
              total        used        free      shared  buff/cache   available
Mem:            62G        3.0G         53G        168M        6.9G         58G
Swap:            0B          0B          0B
03:23:27
              total        used        free      shared  buff/cache   available
Mem:            62G        1.1G         54G        168M        6.8G         60G
Swap:            0B          0B          0B
03:23:32
              total        used        free      shared  buff/cache   available
Mem:            62G        1.1G         55G        168M        6.8G         60G
Swap:            0B          0B          0B
03:23:37
              total        used        free      shared  buff/cache   available
Mem:            62G        1.1G         55G        168M        6.8G         60G
Swap:            0B          0B          0B
03:23:42
              total        used        free      shared  buff/cache   available
Mem:            62G        1.1G         55G        168M        6.8G         60G
Swap:            0B          0B          0B
03:23:47
              total        used        free      shared  buff/cache   available
Mem:            62G        1.1G         55G        168M        6.8G         60G
Swap:            0B          0B          0B
03:23:52
              total        used        free      shared  buff/cache   available
Mem:            62G        1.1G         55G        168M        6.8G         60G
Swap:            0B          0B          0B
03:23:57
              total        used        free      shared  buff/cache   available
Mem:            62G        991M         55G        168M        6.9G         60G
Swap:            0B          0B          0B
03:24:02
              total        used        free      shared  buff/cache   available
Mem:            62G        524M         55G        168M        6.9G         61G
Swap:            0B          0B          0B
03:24:07
              total        used        free      shared  buff/cache   available
Mem:            62G        525M         55G        168M        6.9G         61G
Swap:            0B          0B          0B
03:24:12
              total        used        free      shared  buff/cache   available
Mem:            62G        525M         55G        168M        6.9G         61G
Swap:            0B          0B          0B
03:24:17
              total        used        free      shared  buff/cache   available
Mem:            62G        525M         55G        168M        6.9G         61G
Swap:            0B          0B          0B
03:24:22
              total        used        free      shared  buff/cache   available
Mem:            62G        525M         55G        168M        6.9G         61G
Swap:            0B          0B          0B
03:24:27
              total        used        free      shared  buff/cache   available
Mem:            62G        527M         55G        168M        6.9G         61G
Swap:            0B          0B          0B
03:24:32
              total        used        free      shared  buff/cache   available
Mem:            62G        527M         55G        168M        6.9G         61G
Swap:            0B          0B          0B
03:24:37
              total        used        free      shared  buff/cache   available
Mem:            62G        527M         55G        168M        6.9G         61G
Swap:            0B          0B          0B
03:24:42
              total        used        free      shared  buff/cache   available
Mem:            62G        4.1G         51G        168M        6.9G         57G
Swap:            0B          0B          0B
03:24:47
              total        used        free      shared  buff/cache   available
Mem:            62G        4.4G         51G        168M        7.0G         57G
Swap:            0B          0B          0B
03:24:52
              total        used        free      shared  buff/cache   available
Mem:            62G        1.1G         54G        168M        7.0G         60G
Swap:            0B          0B          0B
03:24:57
              total        used        free      shared  buff/cache   available
Mem:            62G        1.1G         54G        168M        7.0G         60G
Swap:            0B          0B          0B
03:25:03
              total        used        free      shared  buff/cache   available
Mem:            62G        1.1G         54G        168M        7.0G         60G
Swap:            0B          0B          0B
03:25:08
              total        used        free      shared  buff/cache   available
Mem:            62G        1.1G         54G        168M        7.0G         60G
Swap:            0B          0B          0B
03:25:13
              total        used        free      shared  buff/cache   available
Mem:            62G        1.1G         54G        168M        7.0G         60G
Swap:            0B          0B          0B
03:25:18
              total        used        free      shared  buff/cache   available
Mem:            62G        1.1G         54G        168M        7.0G         60G
Swap:            0B          0B          0B
03:25:23
              total        used        free      shared  buff/cache   available
Mem:            62G        1.1G         54G        168M        7.0G         60G
Swap:            0B          0B          0B
03:25:28
              total        used        free      shared  buff/cache   available
Mem:            62G        525M         55G        168M        7.0G         61G
Swap:            0B          0B          0B
03:25:33
              total        used        free      shared  buff/cache   available
Mem:            62G        526M         55G        168M        7.0G         61G
Swap:            0B          0B          0B
03:25:38
              total        used        free      shared  buff/cache   available
Mem:            62G        526M         55G        168M        7.0G         61G
Swap:            0B          0B          0B
03:25:43
              total        used        free      shared  buff/cache   available
Mem:            62G        526M         55G        168M        7.0G         61G
Swap:            0B          0B          0B
03:25:48
              total        used        free      shared  buff/cache   available
Mem:            62G        526M         55G        168M        7.0G         61G
Swap:            0B          0B          0B
03:25:53
              total        used        free      shared  buff/cache   available
Mem:            62G        529M         55G        168M        7.0G         61G
Swap:            0B          0B          0B
03:25:58
              total        used        free      shared  buff/cache   available
Mem:            62G        529M         55G        168M        7.0G         61G
Swap:            0B          0B          0B
03:26:03
              total        used        free      shared  buff/cache   available
Mem:            62G        529M         55G        168M        7.0G         61G
Swap:            0B          0B          0B
03:26:08
              total        used        free      shared  buff/cache   available
Mem:            62G        5.1G         50G        168M        7.0G         56G
Swap:            0B          0B          0B
03:26:13
              total        used        free      shared  buff/cache   available
Mem:            62G        427M         55G        168M        6.9G         61G
Swap:            0B          0B          0B
03:26:18
              total        used        free      shared  buff/cache   available
Mem:            62G        1.1G         54G        168M        6.9G         60G
Swap:            0B          0B          0B
03:26:23
              total        used        free      shared  buff/cache   available
Mem:            62G        1.1G         54G        168M        6.9G         60G
Swap:            0B          0B          0B
03:26:28
              total        used        free      shared  buff/cache   available
Mem:            62G        1.1G         54G        168M        6.9G         60G
Swap:            0B          0B          0B
03:26:33
              total        used        free      shared  buff/cache   available
Mem:            62G        1.1G         54G        168M        6.9G         60G
Swap:            0B          0B          0B
03:26:38
              total        used        free      shared  buff/cache   available
Mem:            62G        1.1G         54G        168M        6.9G         60G
Swap:            0B          0B          0B
03:26:44
              total        used        free      shared  buff/cache   available
Mem:            62G        1.1G         54G        168M        6.9G         60G
Swap:            0B          0B          0B
03:26:49
              total        used        free      shared  buff/cache   available
Mem:            62G        1.1G         54G        168M        6.9G         60G
Swap:            0B          0B          0B
03:26:54
              total        used        free      shared  buff/cache   available
Mem:            62G        528M         55G        168M        7.0G         61G
Swap:            0B          0B          0B
03:26:59
              total        used        free      shared  buff/cache   available
Mem:            62G        529M         55G        168M        7.0G         61G
Swap:            0B          0B          0B
03:27:04
              total        used        free      shared  buff/cache   available
Mem:            62G        529M         55G        168M        7.0G         61G
Swap:            0B          0B          0B
03:27:09
              total        used        free      shared  buff/cache   available
Mem:            62G        529M         55G        168M        7.0G         61G
Swap:            0B          0B          0B
03:27:14
              total        used        free      shared  buff/cache   available
Mem:            62G        529M         55G        168M        7.0G         61G
Swap:            0B          0B          0B
03:27:19
              total        used        free      shared  buff/cache   available
Mem:            62G        529M         55G        168M        7.0G         61G
Swap:            0B          0B          0B
03:27:24
              total        used        free      shared  buff/cache   available
Mem:            62G        529M         55G        168M        7.0G         61G
Swap:            0B          0B          0B
03:27:29
              total        used        free      shared  buff/cache   available
Mem:            62G        529M         55G        168M        7.0G         61G
Swap:            0B          0B          0B
03:27:34
              total        used        free      shared  buff/cache   available
Mem:            62G        3.2G         52G        168M        7.0G         58G
Swap:            0B          0B          0B
03:27:39
              total        used        free      shared  buff/cache   available
Mem:            62G        1.1G         54G        168M        7.1G         60G
Swap:            0B          0B          0B
03:27:44
              total        used        free      shared  buff/cache   available
Mem:            62G        1.1G         54G        168M        7.1G         60G
Swap:            0B          0B          0B
03:27:49
              total        used        free      shared  buff/cache   available
Mem:            62G        1.1G         54G        168M        7.1G         60G
Swap:            0B          0B          0B
03:27:54
              total        used        free      shared  buff/cache   available
Mem:            62G        1.1G         54G        168M        7.1G         60G
Swap:            0B          0B          0B
03:27:59
              total        used        free      shared  buff/cache   available
Mem:            62G        1.1G         54G        168M        7.1G         60G
Swap:            0B          0B          0B
03:28:04
              total        used        free      shared  buff/cache   available
Mem:            62G        765M         55G        168M        7.1G         61G
Swap:            0B          0B          0B
03:28:09
              total        used        free      shared  buff/cache   available
Mem:            62G        1.1G         54G        168M        7.1G         60G
Swap:            0B          0B          0B
03:28:15
              total        used        free      shared  buff/cache   available
Mem:            62G        527M         55G        168M        7.1G         61G
Swap:            0B          0B          0B
03:28:20
              total        used        free      shared  buff/cache   available
Mem:            62G        528M         55G        168M        7.1G         61G
Swap:            0B          0B          0B
03:28:25
              total        used        free      shared  buff/cache   available
Mem:            62G        529M         55G        168M        7.1G         61G
Swap:            0B          0B          0B
03:28:30
              total        used        free      shared  buff/cache   available
Mem:            62G        528M         55G        168M        7.1G         61G
Swap:            0B          0B          0B
03:28:35
              total        used        free      shared  buff/cache   available
Mem:            62G        528M         55G        168M        7.1G         61G
Swap:            0B          0B          0B
03:28:40
              total        used        free      shared  buff/cache   available
Mem:            62G        529M         55G        168M        7.1G         61G
Swap:            0B          0B          0B
03:28:45
              total        used        free      shared  buff/cache   available
Mem:            62G        530M         55G        168M        7.1G         61G
Swap:            0B          0B          0B
03:28:50
              total        used        free      shared  buff/cache   available
Mem:            62G        530M         55G        168M        7.1G         61G
Swap:            0B          0B          0B
03:28:55
              total        used        free      shared  buff/cache   available
Mem:            62G        4.4G         51G        168M        7.1G         57G
Swap:            0B          0B          0B
03:29:00
              total        used        free      shared  buff/cache   available
Mem:            62G        4.8G         50G        168M        7.2G         57G
Swap:            0B          0B          0B
03:29:05
              total        used        free      shared  buff/cache   available
Mem:            62G        1.1G         54G        168M        7.0G         60G
Swap:            0B          0B          0B
03:29:10
              total        used        free      shared  buff/cache   available
Mem:            62G        1.1G         54G        168M        7.0G         60G
Swap:            0B          0B          0B
03:29:15
              total        used        free      shared  buff/cache   available
Mem:            62G        1.1G         54G        168M        7.0G         60G
Swap:            0B          0B          0B
03:29:20
              total        used        free      shared  buff/cache   available
Mem:            62G        699M         55G        168M        7.0G         61G
Swap:            0B          0B          0B
03:29:25
              total        used        free      shared  buff/cache   available
Mem:            62G        1.1G         54G        168M        7.0G         60G
Swap:            0B          0B          0B
03:29:30
              total        used        free      shared  buff/cache   available
Mem:            62G        995M         54G        168M        7.1G         60G
Swap:            0B          0B          0B
03:29:35
              total        used        free      shared  buff/cache   available
Mem:            62G        996M         54G        168M        7.1G         60G
Swap:            0B          0B          0B
03:29:40
              total        used        free      shared  buff/cache   available
Mem:            62G        529M         55G        168M        7.1G         61G
Swap:            0B          0B          0B
03:29:46
              total        used        free      shared  buff/cache   available
Mem:            62G        530M         55G        168M        7.1G         61G
Swap:            0B          0B          0B
03:29:51
              total        used        free      shared  buff/cache   available
Mem:            62G        530M         55G        168M        7.1G         61G
Swap:            0B          0B          0B
03:29:56
              total        used        free      shared  buff/cache   available
Mem:            62G        530M         55G        168M        7.1G         61G
Swap:            0B          0B          0B
03:30:01
              total        used        free      shared  buff/cache   available
Mem:            62G        530M         55G        168M        7.1G         61G
Swap:            0B          0B          0B
03:30:06
              total        used        free      shared  buff/cache   available
Mem:            62G        530M         55G        168M        7.1G         61G
Swap:            0B          0B          0B
03:30:11
              total        used        free      shared  buff/cache   available
Mem:            62G        530M         55G        168M        7.1G         61G
Swap:            0B          0B          0B
03:30:16
              total        used        free      shared  buff/cache   available
Mem:            62G        530M         55G        168M        7.1G         61G
Swap:            0B          0B          0B
03:30:21
              total        used        free      shared  buff/cache   available
Mem:            62G        5.2G         50G        168M        7.1G         56G
Swap:            0B          0B          0B
03:30:26
              total        used        free      shared  buff/cache   available
Mem:            62G        429M         55G        168M        7.2G         61G
Swap:            0B          0B          0B
03:30:31
              total        used        free      shared  buff/cache   available
Mem:            62G        891M         54G        168M        7.2G         61G
Swap:            0B          0B          0B
03:30:36
              total        used        free      shared  buff/cache   available
Mem:            62G        1.1G         54G        168M        7.2G         60G
Swap:            0B          0B          0B
03:30:41
              total        used        free      shared  buff/cache   available
Mem:            62G        1.1G         54G        168M        7.2G         60G
Swap:            0B          0B          0B
03:30:46
              total        used        free      shared  buff/cache   available
Mem:            62G        1.1G         54G        168M        7.2G         60G
Swap:            0B          0B          0B
03:30:51
              total        used        free      shared  buff/cache   available
Mem:            62G        1.1G         54G        168M        7.2G         60G
Swap:            0B          0B          0B
03:30:56
              total        used        free      shared  buff/cache   available
Mem:            62G        1.1G         54G        168M        7.2G         60G
Swap:            0B          0B          0B
03:31:01
              total        used        free      shared  buff/cache   available
Mem:            62G        566M         55G        168M        7.2G         61G
Swap:            0B          0B          0B
03:31:06
              total        used        free      shared  buff/cache   available
Mem:            62G        527M         55G        168M        7.2G         61G
Swap:            0B          0B          0B
03:31:11
              total        used        free      shared  buff/cache   available
Mem:            62G        528M         55G        168M        7.2G         61G
Swap:            0B          0B          0B
03:31:16
              total        used        free      shared  buff/cache   available
Mem:            62G        528M         55G        168M        7.2G         61G
Swap:            0B          0B          0B
03:31:21
              total        used        free      shared  buff/cache   available
Mem:            62G        528M         55G        168M        7.2G         61G
Swap:            0B          0B          0B
03:31:26
              total        used        free      shared  buff/cache   available
Mem:            62G        529M         55G        168M        7.2G         61G
Swap:            0B          0B          0B
03:31:31
              total        used        free      shared  buff/cache   available
Mem:            62G        529M         55G        168M        7.2G         61G
Swap:            0B          0B          0B
03:31:37
              total        used        free      shared  buff/cache   available
Mem:            62G        529M         55G        168M        7.2G         61G
Swap:            0B          0B          0B
03:31:42
              total        used        free      shared  buff/cache   available
Mem:            62G        529M         55G        168M        7.2G         61G
Swap:            0B          0B          0B
03:31:47
              total        used        free      shared  buff/cache   available
Mem:            62G        3.0G         52G        168M        7.2G         58G
Swap:            0B          0B          0B
03:31:52
              total        used        free      shared  buff/cache   available
Mem:            62G        1.1G         54G        168M        7.1G         60G
Swap:            0B          0B          0B
03:31:57
              total        used        free      shared  buff/cache   available
Mem:            62G        1.1G         54G        168M        7.1G         60G
Swap:            0B          0B          0B
03:32:02
              total        used        free      shared  buff/cache   available
Mem:            62G        1.1G         54G        168M        7.1G         60G
Swap:            0B          0B          0B
03:32:07
              total        used        free      shared  buff/cache   available
Mem:            62G        1.1G         54G        168M        7.1G         60G
Swap:            0B          0B          0B
03:32:12
              total        used        free      shared  buff/cache   available
Mem:            62G        1.1G         54G        168M        7.1G         60G
Swap:            0B          0B          0B
03:32:17
              total        used        free      shared  buff/cache   available
Mem:            62G        1.1G         54G        168M        7.1G         60G
Swap:            0B          0B          0B
03:32:22
              total        used        free      shared  buff/cache   available
Mem:            62G        994M         54G        168M        7.2G         60G
Swap:            0B          0B          0B
03:32:27
              total        used        free      shared  buff/cache   available
Mem:            62G        527M         55G        168M        7.2G         61G
Swap:            0B          0B          0B
03:32:32
              total        used        free      shared  buff/cache   available
Mem:            62G        527M         55G        168M        7.2G         61G
Swap:            0B          0B          0B
03:32:37
              total        used        free      shared  buff/cache   available
Mem:            62G        528M         55G        168M        7.2G         61G
Swap:            0B          0B          0B
03:32:42
              total        used        free      shared  buff/cache   available
Mem:            62G        528M         55G        168M        7.2G         61G
Swap:            0B          0B          0B
03:32:47
              total        used        free      shared  buff/cache   available
Mem:            62G        528M         55G        168M        7.2G         61G
Swap:            0B          0B          0B
03:32:52
              total        used        free      shared  buff/cache   available
Mem:            62G        530M         55G        168M        7.2G         61G
Swap:            0B          0B          0B
03:32:57
              total        used        free      shared  buff/cache   available
Mem:            62G        530M         55G        168M        7.2G         61G
Swap:            0B          0B          0B
03:33:02
              total        used        free      shared  buff/cache   available
Mem:            62G        530M         55G        168M        7.2G         61G
Swap:            0B          0B          0B
03:33:07
              total        used        free      shared  buff/cache   available
Mem:            62G        4.0G         51G        168M        7.2G         57G
Swap:            0B          0B          0B
03:33:13
              total        used        free      shared  buff/cache   available
Mem:            62G        3.3G         52G        168M        7.3G         58G
Swap:            0B          0B          0B
03:33:18
              total        used        free      shared  buff/cache   available
Mem:            62G        1.1G         54G        168M        7.3G         60G
Swap:            0B          0B          0B
03:33:23
              total        used        free      shared  buff/cache   available
Mem:            62G        1.1G         54G        168M        7.3G         60G
Swap:            0B          0B          0B
03:33:28
              total        used        free      shared  buff/cache   available
Mem:            62G        1.1G         54G        168M        7.3G         60G
Swap:            0B          0B          0B
03:33:33
              total        used        free      shared  buff/cache   available
Mem:            62G        1.1G         54G        168M        7.3G         60G
Swap:            0B          0B          0B
03:33:38
              total        used        free      shared  buff/cache   available
Mem:            62G        1.1G         54G        168M        7.3G         60G
Swap:            0B          0B          0B
03:33:43
              total        used        free      shared  buff/cache   available
Mem:            62G        1.1G         54G        168M        7.3G         60G
Swap:            0B          0B          0B
03:33:48
              total        used        free      shared  buff/cache   available
Mem:            62G        1.1G         54G        168M        7.3G         60G
Swap:            0B          0B          0B
03:33:53
              total        used        free      shared  buff/cache   available
Mem:            62G        527M         55G        168M        7.3G         61G
Swap:            0B          0B          0B
03:33:58
              total        used        free      shared  buff/cache   available
Mem:            62G        528M         55G        168M        7.3G         61G
Swap:            0B          0B          0B
03:34:03
              total        used        free      shared  buff/cache   available
Mem:            62G        529M         55G        168M        7.3G         61G
Swap:            0B          0B          0B
03:34:08
              total        used        free      shared  buff/cache   available
Mem:            62G        529M         55G        168M        7.3G         61G
Swap:            0B          0B          0B
03:34:13
              total        used        free      shared  buff/cache   available
Mem:            62G        529M         55G        168M        7.3G         61G
Swap:            0B          0B          0B
03:34:18
              total        used        free      shared  buff/cache   available
Mem:            62G        529M         55G        168M        7.3G         61G
Swap:            0B          0B          0B
03:34:23
              total        used        free      shared  buff/cache   available
Mem:            62G        529M         55G        168M        7.3G         61G
Swap:            0B          0B          0B
03:34:28
              total        used        free      shared  buff/cache   available
Mem:            62G        529M         55G        168M        7.3G         61G
Swap:            0B          0B          0B
03:34:33
              total        used        free      shared  buff/cache   available
Mem:            62G        5.0G         50G        168M        7.3G         56G
Swap:            0B          0B          0B
03:34:38
              total        used        free      shared  buff/cache   available
Mem:            62G        427M         55G        168M        7.2G         61G
Swap:            0B          0B          0B
03:34:43
              total        used        free      shared  buff/cache   available
Mem:            62G        1.1G         54G        168M        7.2G         60G
Swap:            0B          0B          0B
03:34:48
              total        used        free      shared  buff/cache   available
Mem:            62G        748M         54G        168M        7.2G         61G
Swap:            0B          0B          0B
03:34:53
              total        used        free      shared  buff/cache   available
Mem:            62G        1.1G         54G        168M        7.2G         60G
Swap:            0B          0B          0B
03:34:59
              total        used        free      shared  buff/cache   available
Mem:            62G        1.1G         54G        168M        7.2G         60G
Swap:            0B          0B          0B
03:35:04
              total        used        free      shared  buff/cache   available
Mem:            62G        1.1G         54G        168M        7.2G         60G
Swap:            0B          0B          0B
03:35:09
              total        used        free      shared  buff/cache   available
Mem:            62G        994M         54G        168M        7.3G         60G
Swap:            0B          0B          0B
03:35:14
              total        used        free      shared  buff/cache   available
Mem:            62G        995M         54G        168M        7.3G         60G
Swap:            0B          0B          0B
03:35:19
              total        used        free      shared  buff/cache   available
Mem:            62G        527M         55G        168M        7.3G         61G
Swap:            0B          0B          0B
03:35:24
              total        used        free      shared  buff/cache   available
Mem:            62G        529M         55G        168M        7.3G         61G
Swap:            0B          0B          0B
03:35:29
              total        used        free      shared  buff/cache   available
Mem:            62G        528M         55G        168M        7.3G         61G
Swap:            0B          0B          0B
03:35:34
              total        used        free      shared  buff/cache   available
Mem:            62G        528M         55G        168M        7.3G         61G
Swap:            0B          0B          0B
03:35:39
              total        used        free      shared  buff/cache   available
Mem:            62G        529M         55G        168M        7.3G         61G
Swap:            0B          0B          0B
03:35:44
              total        used        free      shared  buff/cache   available
Mem:            62G        529M         55G        168M        7.3G         61G
Swap:            0B          0B          0B
03:35:49
              total        used        free      shared  buff/cache   available
Mem:            62G        529M         55G        168M        7.3G         61G
Swap:            0B          0B          0B
03:35:54
              total        used        free      shared  buff/cache   available
Mem:            62G        529M         55G        168M        7.3G         61G
Swap:            0B          0B          0B
03:35:59
              total        used        free      shared  buff/cache   available
Mem:            62G        4.2G         51G        168M        7.3G         57G
Swap:            0B          0B          0B
03:36:04
              total        used        free      shared  buff/cache   available
Mem:            62G        1.1G         54G        168M        7.4G         60G
Swap:            0B          0B          0B
03:36:09
              total        used        free      shared  buff/cache   available
Mem:            62G        1.1G         54G        168M        7.4G         60G
Swap:            0B          0B          0B
03:36:14
              total        used        free      shared  buff/cache   available
Mem:            62G        1.1G         54G        168M        7.4G         60G
Swap:            0B          0B          0B
03:36:19
              total        used        free      shared  buff/cache   available
Mem:            62G        1.1G         54G        168M        7.4G         60G
Swap:            0B          0B          0B
03:36:24
              total        used        free      shared  buff/cache   available
Mem:            62G        1.1G         54G        168M        7.4G         60G
Swap:            0B          0B          0B
03:36:30
              total        used        free      shared  buff/cache   available
Mem:            62G        1.1G         54G        168M        7.4G         60G
Swap:            0B          0B          0B
03:36:35
              total        used        free      shared  buff/cache   available
Mem:            62G        1.1G         54G        168M        7.4G         60G
Swap:            0B          0B          0B
03:36:40
              total        used        free      shared  buff/cache   available
Mem:            62G        526M         54G        168M        7.4G         61G
Swap:            0B          0B          0B
03:36:45
              total        used        free      shared  buff/cache   available
Mem:            62G        527M         54G        168M        7.4G         61G
Swap:            0B          0B          0B
03:36:50
              total        used        free      shared  buff/cache   available
Mem:            62G        527M         54G        168M        7.4G         61G
Swap:            0B          0B          0B
03:36:55
              total        used        free      shared  buff/cache   available
Mem:            62G        528M         54G        168M        7.4G         61G
Swap:            0B          0B          0B
03:37:00
              total        used        free      shared  buff/cache   available
Mem:            62G        528M         54G        168M        7.4G         61G
Swap:            0B          0B          0B
03:37:05
              total        used        free      shared  buff/cache   available
Mem:            62G        529M         54G        168M        7.4G         61G
Swap:            0B          0B          0B
03:37:10
              total        used        free      shared  buff/cache   available
Mem:            62G        529M         54G        168M        7.4G         61G
Swap:            0B          0B          0B
03:37:15
              total        used        free      shared  buff/cache   available
Mem:            62G        528M         54G        168M        7.4G         61G
Swap:            0B          0B          0B
03:37:20
              total        used        free      shared  buff/cache   available
Mem:            62G        4.6G         50G        168M        7.4G         57G
Swap:            0B          0B          0B
03:37:25
              total        used        free      shared  buff/cache   available
Mem:            62G        2.8G         52G        168M        7.5G         59G
Swap:            0B          0B          0B
03:37:30
              total        used        free      shared  buff/cache   available
Mem:            62G        1.1G         54G        168M        7.3G         60G
Swap:            0B          0B          0B
03:37:35
              total        used        free      shared  buff/cache   available
Mem:            62G        1.1G         54G        168M        7.3G         60G
Swap:            0B          0B          0B
03:37:40
              total        used        free      shared  buff/cache   available
Mem:            62G        1.1G         54G        168M        7.3G         60G
Swap:            0B          0B          0B
03:37:45
              total        used        free      shared  buff/cache   available
Mem:            62G        973M         54G        168M        7.3G         60G
Swap:            0B          0B          0B
03:37:50
              total        used        free      shared  buff/cache   available
Mem:            62G        1.1G         54G        168M        7.3G         60G
Swap:            0B          0B          0B
03:37:55
              total        used        free      shared  buff/cache   available
Mem:            62G        996M         54G        168M        7.4G         60G
Swap:            0B          0B          0B
03:38:00
              total        used        free      shared  buff/cache   available
Mem:            62G        997M         54G        168M        7.4G         60G
Swap:            0B          0B          0B
03:38:06
              total        used        free      shared  buff/cache   available
Mem:            62G        529M         55G        168M        7.4G         61G
Swap:            0B          0B          0B
03:38:11
              total        used        free      shared  buff/cache   available
Mem:            62G        531M         55G        168M        7.4G         61G
Swap:            0B          0B          0B
03:38:16
              total        used        free      shared  buff/cache   available
Mem:            62G        531M         55G        168M        7.4G         61G
Swap:            0B          0B          0B
03:38:21
              total        used        free      shared  buff/cache   available
Mem:            62G        531M         55G        168M        7.4G         61G
Swap:            0B          0B          0B
03:38:26
              total        used        free      shared  buff/cache   available
Mem:            62G        531M         55G        168M        7.4G         61G
Swap:            0B          0B          0B
03:38:31
              total        used        free      shared  buff/cache   available
Mem:            62G        531M         55G        168M        7.4G         61G
Swap:            0B          0B          0B
03:38:36
              total        used        free      shared  buff/cache   available
Mem:            62G        532M         55G        168M        7.4G         61G
Swap:            0B          0B          0B
03:38:41
              total        used        free      shared  buff/cache   available
Mem:            62G        531M         55G        168M        7.4G         61G
Swap:            0B          0B          0B
03:38:46
              total        used        free      shared  buff/cache   available
Mem:            62G        4.9G         50G        168M        7.4G         57G
Swap:            0B          0B          0B
03:38:51
              total        used        free      shared  buff/cache   available
Mem:            62G        432M         55G        168M        7.5G         61G
Swap:            0B          0B          0B
03:38:56
              total        used        free      shared  buff/cache   available
Mem:            62G        904M         54G        168M        7.5G         61G
Swap:            0B          0B          0B
03:39:01
              total        used        free      shared  buff/cache   available
Mem:            62G        1.1G         54G        168M        7.5G         60G
Swap:            0B          0B          0B
03:39:06
              total        used        free      shared  buff/cache   available
Mem:            62G        1.1G         54G        168M        7.5G         60G
Swap:            0B          0B          0B
03:39:11
              total        used        free      shared  buff/cache   available
Mem:            62G        1.1G         54G        168M        7.5G         60G
Swap:            0B          0B          0B
03:39:16
              total        used        free      shared  buff/cache   available
Mem:            62G        1.1G         54G        168M        7.5G         60G
Swap:            0B          0B          0B
03:39:21
              total        used        free      shared  buff/cache   available
Mem:            62G        1.1G         54G        168M        7.5G         60G
Swap:            0B          0B          0B
03:39:26
              total        used        free      shared  buff/cache   available
Mem:            62G        566M         54G        168M        7.5G         61G
Swap:            0B          0B          0B
03:39:31
              total        used        free      shared  buff/cache   available
Mem:            62G        530M         54G        168M        7.5G         61G
Swap:            0B          0B          0B
03:39:36
              total        used        free      shared  buff/cache   available
Mem:            62G        530M         54G        168M        7.5G         61G
Swap:            0B          0B          0B
03:39:41
              total        used        free      shared  buff/cache   available
Mem:            62G        530M         54G        168M        7.5G         61G
Swap:            0B          0B          0B
03:39:46
              total        used        free      shared  buff/cache   available
Mem:            62G        530M         54G        168M        7.5G         61G
Swap:            0B          0B          0B
03:39:51
              total        used        free      shared  buff/cache   available
Mem:            62G        531M         54G        168M        7.5G         61G
Swap:            0B          0B          0B
03:39:57
              total        used        free      shared  buff/cache   available
Mem:            62G        532M         54G        168M        7.5G         61G
Swap:            0B          0B          0B
03:40:02
              total        used        free      shared  buff/cache   available
Mem:            62G        532M         54G        168M        7.5G         61G
Swap:            0B          0B          0B
03:40:07
              total        used        free      shared  buff/cache   available
Mem:            62G        632M         54G        168M        7.5G         61G
Swap:            0B          0B          0B
03:40:12
              total        used        free      shared  buff/cache   available
Mem:            62G        1.1G         54G        168M        7.5G         60G
Swap:            0B          0B          0B
03:40:17
              total        used        free      shared  buff/cache   available
Mem:            62G        1.1G         54G        168M        7.4G         60G
Swap:            0B          0B          0B
03:40:22
              total        used        free      shared  buff/cache   available
Mem:            62G        1.1G         54G        168M        7.4G         60G
Swap:            0B          0B          0B
03:40:27
              total        used        free      shared  buff/cache   available
Mem:            62G        1.1G         54G        168M        7.4G         60G
Swap:            0B          0B          0B
03:40:32
              total        used        free      shared  buff/cache   available
Mem:            62G        1.1G         54G        168M        7.4G         60G
Swap:            0B          0B          0B
03:40:37
              total        used        free      shared  buff/cache   available
Mem:            62G        1.1G         54G        168M        7.4G         60G
Swap:            0B          0B          0B
03:40:42
              total        used        free      shared  buff/cache   available
Mem:            62G        674M         54G        168M        7.5G         61G
Swap:            0B          0B          0B
03:40:47
              total        used        free      shared  buff/cache   available
Mem:            62G        996M         54G        168M        7.5G         60G
Swap:            0B          0B          0B
03:40:52
              total        used        free      shared  buff/cache   available
Mem:            62G        529M         54G        168M        7.5G         61G
Swap:            0B          0B          0B
03:40:57
              total        used        free      shared  buff/cache   available
Mem:            62G        530M         54G        168M        7.5G         61G
Swap:            0B          0B          0B
03:41:02
              total        used        free      shared  buff/cache   available
Mem:            62G        530M         54G        168M        7.5G         61G
Swap:            0B          0B          0B
03:41:07
              total        used        free      shared  buff/cache   available
Mem:            62G        530M         54G        168M        7.5G         61G
Swap:            0B          0B          0B
03:41:12
              total        used        free      shared  buff/cache   available
Mem:            62G        530M         54G        168M        7.5G         61G
Swap:            0B          0B          0B
03:41:17
              total        used        free      shared  buff/cache   available
Mem:            62G        532M         54G        168M        7.5G         61G
Swap:            0B          0B          0B
03:41:22
              total        used        free      shared  buff/cache   available
Mem:            62G        532M         54G        168M        7.5G         61G
Swap:            0B          0B          0B
03:41:27
              total        used        free      shared  buff/cache   available
Mem:            62G        531M         54G        168M        7.5G         61G
Swap:            0B          0B          0B
03:41:33
              total        used        free      shared  buff/cache   available
Mem:            62G        4.6G         50G        168M        7.5G         57G
Swap:            0B          0B          0B
03:41:38
              total        used        free      shared  buff/cache   available
Mem:            62G        1.8G         53G        168M        7.6G         60G
Swap:            0B          0B          0B
03:41:43
              total        used        free      shared  buff/cache   available
Mem:            62G        1.1G         54G        168M        7.6G         60G
Swap:            0B          0B          0B
03:41:48
              total        used        free      shared  buff/cache   available
Mem:            62G        1.1G         54G        168M        7.6G         60G
Swap:            0B          0B          0B
03:41:53
              total        used        free      shared  buff/cache   available
Mem:            62G        1.1G         54G        168M        7.6G         60G
Swap:            0B          0B          0B
03:41:58
              total        used        free      shared  buff/cache   available
Mem:            62G        1.1G         54G        168M        7.6G         60G
Swap:            0B          0B          0B
03:42:03
              total        used        free      shared  buff/cache   available
Mem:            62G        1.1G         54G        168M        7.6G         60G
Swap:            0B          0B          0B
03:42:08
              total        used        free      shared  buff/cache   available
Mem:            62G        1.1G         54G        168M        7.6G         60G
Swap:            0B          0B          0B
03:42:13
              total        used        free      shared  buff/cache   available
Mem:            62G        1.1G         54G        168M        7.6G         60G
Swap:            0B          0B          0B
03:42:18
              total        used        free      shared  buff/cache   available
Mem:            62G        529M         54G        168M        7.6G         61G
Swap:            0B          0B          0B
03:42:23
              total        used        free      shared  buff/cache   available
Mem:            62G        531M         54G        168M        7.6G         61G
Swap:            0B          0B          0B
03:42:28
              total        used        free      shared  buff/cache   available
Mem:            62G        531M         54G        168M        7.6G         61G
Swap:            0B          0B          0B
03:42:33
              total        used        free      shared  buff/cache   available
Mem:            62G        531M         54G        168M        7.6G         61G
Swap:            0B          0B          0B
03:42:38
              total        used        free      shared  buff/cache   available
Mem:            62G        531M         54G        168M        7.6G         61G
Swap:            0B          0B          0B
03:42:43
              total        used        free      shared  buff/cache   available
Mem:            62G        531M         54G        168M        7.6G         61G
Swap:            0B          0B          0B
03:42:48
              total        used        free      shared  buff/cache   available
Mem:            62G        532M         54G        168M        7.6G         61G
Swap:            0B          0B          0B
03:42:53
              total        used        free      shared  buff/cache   available
Mem:            62G        531M         54G        168M        7.6G         61G
Swap:            0B          0B          0B
03:42:58
              total        used        free      shared  buff/cache   available
Mem:            62G        5.0G         50G        168M        7.6G         56G
Swap:            0B          0B          0B
03:43:03
              total        used        free      shared  buff/cache   available
Mem:            62G        438M         54G        168M        7.5G         61G
Swap:            0B          0B          0B
03:43:09
              total        used        free      shared  buff/cache   available
Mem:            62G        844M         54G        168M        7.5G         61G
Swap:            0B          0B          0B
03:43:14
              total        used        free      shared  buff/cache   available
Mem:            62G        1.0G         54G        168M        7.5G         60G
Swap:            0B          0B          0B
03:43:19
              total        used        free      shared  buff/cache   available
Mem:            62G        1.1G         54G        168M        7.5G         60G
Swap:            0B          0B          0B
03:43:24
              total        used        free      shared  buff/cache   available
Mem:            62G        1.0G         54G        168M        7.5G         60G
Swap:            0B          0B          0B
03:43:29
              total        used        free      shared  buff/cache   available
Mem:            62G        1.0G         54G        168M        7.5G         60G
Swap:            0B          0B          0B
03:43:34
              total        used        free      shared  buff/cache   available
Mem:            62G        1.0G         54G        168M        7.6G         60G
Swap:            0B          0B          0B
03:43:39
              total        used        free      shared  buff/cache   available
Mem:            62G        1.0G         54G        168M        7.6G         60G
Swap:            0B          0B          0B
03:43:44
              total        used        free      shared  buff/cache   available
Mem:            62G        530M         54G        168M        7.6G         61G
Swap:            0B          0B          0B
03:43:49
              total        used        free      shared  buff/cache   available
Mem:            62G        531M         54G        168M        7.6G         61G
Swap:            0B          0B          0B
03:43:54
              total        used        free      shared  buff/cache   available
Mem:            62G        531M         54G        168M        7.6G         61G
Swap:            0B          0B          0B
03:43:59
              total        used        free      shared  buff/cache   available
Mem:            62G        531M         54G        168M        7.6G         61G
Swap:            0B          0B          0B
03:44:04
              total        used        free      shared  buff/cache   available
Mem:            62G        531M         54G        168M        7.6G         61G
Swap:            0B          0B          0B
03:44:09
              total        used        free      shared  buff/cache   available
Mem:            62G        531M         54G        168M        7.6G         61G
Swap:            0B          0B          0B
03:44:14
              total        used        free      shared  buff/cache   available
Mem:            62G        531M         54G        168M        7.6G         61G
Swap:            0B          0B          0B
03:44:19
              total        used        free      shared  buff/cache   available
Mem:            62G        531M         54G        168M        7.6G         61G
Swap:            0B          0B          0B
03:44:24
              total        used        free      shared  buff/cache   available
Mem:            62G        2.3G         53G        168M        7.6G         59G
Swap:            0B          0B          0B
03:44:29
              total        used        free      shared  buff/cache   available
Mem:            62G        1.1G         54G        168M        7.7G         60G
Swap:            0B          0B          0B
03:44:34
              total        used        free      shared  buff/cache   available
Mem:            62G        1.1G         54G        168M        7.7G         60G
Swap:            0B          0B          0B
03:44:39
              total        used        free      shared  buff/cache   available
Mem:            62G        1.1G         54G        168M        7.7G         60G
Swap:            0B          0B          0B
03:44:44
              total        used        free      shared  buff/cache   available
Mem:            62G        1.1G         54G        168M        7.7G         60G
Swap:            0B          0B          0B
03:44:50
              total        used        free      shared  buff/cache   available
Mem:            62G        1.1G         54G        168M        7.7G         60G
Swap:            0B          0B          0B
03:44:55
              total        used        free      shared  buff/cache   available
Mem:            62G        1.1G         54G        168M        7.7G         60G
Swap:            0B          0B          0B
03:45:00
              total        used        free      shared  buff/cache   available
Mem:            62G        1.1G         54G        168M        7.7G         60G
Swap:            0B          0B          0B
03:45:05
              total        used        free      shared  buff/cache   available
Mem:            62G        528M         54G        168M        7.7G         61G
Swap:            0B          0B          0B
03:45:10
              total        used        free      shared  buff/cache   available
Mem:            62G        529M         54G        168M        7.7G         61G
Swap:            0B          0B          0B
03:45:15
              total        used        free      shared  buff/cache   available
Mem:            62G        530M         54G        168M        7.7G         61G
Swap:            0B          0B          0B
03:45:20
              total        used        free      shared  buff/cache   available
Mem:            62G        529M         54G        168M        7.7G         61G
Swap:            0B          0B          0B
03:45:25
              total        used        free      shared  buff/cache   available
Mem:            62G        529M         54G        168M        7.7G         61G
Swap:            0B          0B          0B
03:45:30
              total        used        free      shared  buff/cache   available
Mem:            62G        531M         54G        168M        7.7G         61G
Swap:            0B          0B          0B
03:45:35
              total        used        free      shared  buff/cache   available
Mem:            62G        531M         54G        168M        7.7G         61G
Swap:            0B          0B          0B
03:45:40
              total        used        free      shared  buff/cache   available
Mem:            62G        531M         54G        168M        7.7G         61G
Swap:            0B          0B          0B
03:45:45
              total        used        free      shared  buff/cache   available
Mem:            62G        5.1G         50G        168M        7.7G         56G
Swap:            0B          0B          0B
03:45:50
              total        used        free      shared  buff/cache   available
Mem:            62G        795M         54G        168M        7.8G         61G
Swap:            0B          0B          0B
03:45:55
              total        used        free      shared  buff/cache   available
Mem:            62G        1.1G         54G        168M        7.6G         60G
Swap:            0B          0B          0B
03:46:00
              total        used        free      shared  buff/cache   available
Mem:            62G        1.1G         54G        168M        7.6G         60G
Swap:            0B          0B          0B
03:46:05
              total        used        free      shared  buff/cache   available
Mem:            62G        965M         54G        168M        7.6G         60G
Swap:            0B          0B          0B
03:46:10
              total        used        free      shared  buff/cache   available
Mem:            62G        1.1G         54G        168M        7.6G         60G
Swap:            0B          0B          0B
03:46:15
              total        used        free      shared  buff/cache   available
Mem:            62G        1.1G         54G        168M        7.6G         60G
Swap:            0B          0B          0B
03:46:20
              total        used        free      shared  buff/cache   available
Mem:            62G        995M         54G        168M        7.6G         60G
Swap:            0B          0B          0B
03:46:25
              total        used        free      shared  buff/cache   available
Mem:            62G        996M         54G        168M        7.6G         60G
Swap:            0B          0B          0B
03:46:31
              total        used        free      shared  buff/cache   available
Mem:            62G        529M         54G        168M        7.7G         61G
Swap:            0B          0B          0B
03:46:36
              total        used        free      shared  buff/cache   available
Mem:            62G        531M         54G        168M        7.7G         61G
Swap:            0B          0B          0B
03:46:41
              total        used        free      shared  buff/cache   available
Mem:            62G        531M         54G        168M        7.7G         61G
Swap:            0B          0B          0B
03:46:46
              total        used        free      shared  buff/cache   available
Mem:            62G        531M         54G        168M        7.7G         61G
Swap:            0B          0B          0B
03:46:51
              total        used        free      shared  buff/cache   available
Mem:            62G        531M         54G        168M        7.7G         61G
Swap:            0B          0B          0B
03:46:56
              total        used        free      shared  buff/cache   available
Mem:            62G        532M         54G        168M        7.7G         61G
Swap:            0B          0B          0B
03:47:01
              total        used        free      shared  buff/cache   available
Mem:            62G        531M         54G        168M        7.7G         61G
Swap:            0B          0B          0B
03:47:06
              total        used        free      shared  buff/cache   available
Mem:            62G        531M         54G        168M        7.7G         61G
Swap:            0B          0B          0B
03:47:11
              total        used        free      shared  buff/cache   available
Mem:            62G        4.4G         50G        168M        7.7G         57G
Swap:            0B          0B          0B
03:47:16
              total        used        free      shared  buff/cache   available
Mem:            62G        1.1G         54G        168M        7.8G         60G
Swap:            0B          0B          0B
03:47:21
              total        used        free      shared  buff/cache   available
Mem:            62G        1.1G         54G        168M        7.8G         60G
Swap:            0B          0B          0B
03:47:26
              total        used        free      shared  buff/cache   available
Mem:            62G        1.1G         54G        168M        7.8G         60G
Swap:            0B          0B          0B
03:47:31
              total        used        free      shared  buff/cache   available
Mem:            62G        1.1G         54G        168M        7.8G         60G
Swap:            0B          0B          0B
03:47:36
              total        used        free      shared  buff/cache   available
Mem:            62G        1.1G         54G        168M        7.8G         60G
Swap:            0B          0B          0B
03:47:41
              total        used        free      shared  buff/cache   available
Mem:            62G        848M         54G        168M        7.8G         61G
Swap:            0B          0B          0B
03:47:46
              total        used        free      shared  buff/cache   available
Mem:            62G        1.1G         54G        168M        7.8G         60G
Swap:            0B          0B          0B
03:47:51
              total        used        free      shared  buff/cache   available
Mem:            62G        528M         54G        168M        7.8G         61G
Swap:            0B          0B          0B
03:47:56
              total        used        free      shared  buff/cache   available
Mem:            62G        529M         54G        168M        7.8G         61G
Swap:            0B          0B          0B
03:48:01
              total        used        free      shared  buff/cache   available
Mem:            62G        529M         54G        168M        7.8G         61G
Swap:            0B          0B          0B
03:48:07
              total        used        free      shared  buff/cache   available
Mem:            62G        529M         54G        168M        7.8G         61G
Swap:            0B          0B          0B
03:48:12
              total        used        free      shared  buff/cache   available
Mem:            62G        529M         54G        168M        7.8G         61G
Swap:            0B          0B          0B
03:48:17
              total        used        free      shared  buff/cache   available
Mem:            62G        529M         54G        168M        7.8G         61G
Swap:            0B          0B          0B
03:48:22
              total        used        free      shared  buff/cache   available
Mem:            62G        529M         54G        168M        7.8G         61G
Swap:            0B          0B          0B
03:48:27
              total        used        free      shared  buff/cache   available
Mem:            62G        529M         54G        168M        7.8G         61G
Swap:            0B          0B          0B
03:48:32
              total        used        free      shared  buff/cache   available
Mem:            62G        4.2G         50G        168M        7.8G         57G
Swap:            0B          0B          0B
03:48:37
              total        used        free      shared  buff/cache   available
Mem:            62G        5.0G         50G        168M        7.9G         56G
Swap:            0B          0B          0B
03:48:42
              total        used        free      shared  buff/cache   available
Mem:            62G        1.1G         54G        168M        7.7G         60G
Swap:            0B          0B          0B
03:48:47
              total        used        free      shared  buff/cache   available
Mem:            62G        1.1G         54G        168M        7.7G         60G
Swap:            0B          0B          0B
03:48:52
              total        used        free      shared  buff/cache   available
Mem:            62G        1.1G         54G        168M        7.7G         60G
Swap:            0B          0B          0B
03:48:57
              total        used        free      shared  buff/cache   available
Mem:            62G        1.1G         54G        168M        7.7G         60G
Swap:            0B          0B          0B
03:49:02
              total        used        free      shared  buff/cache   available
Mem:            62G        1.1G         54G        168M        7.7G         60G
Swap:            0B          0B          0B
03:49:07
              total        used        free      shared  buff/cache   available
Mem:            62G        994M         54G        168M        7.7G         60G
Swap:            0B          0B          0B
03:49:12
              total        used        free      shared  buff/cache   available
Mem:            62G        995M         54G        168M        7.7G         60G
Swap:            0B          0B          0B
03:49:17
              total        used        free      shared  buff/cache   available
Mem:            62G        527M         54G        168M        7.8G         61G
Swap:            0B          0B          0B
03:49:22
              total        used        free      shared  buff/cache   available
Mem:            62G        527M         54G        168M        7.8G         61G
Swap:            0B          0B          0B
03:49:27
              total        used        free      shared  buff/cache   available
Mem:            62G        528M         54G        168M        7.8G         61G
Swap:            0B          0B          0B
03:49:32
              total        used        free      shared  buff/cache   available
Mem:            62G        528M         54G        168M        7.8G         61G
Swap:            0B          0B          0B
03:49:37
              total        used        free      shared  buff/cache   available
Mem:            62G        528M         54G        168M        7.8G         61G
Swap:            0B          0B          0B
03:49:42
              total        used        free      shared  buff/cache   available
Mem:            62G        532M         54G        168M        7.8G         61G
Swap:            0B          0B          0B
03:49:47
              total        used        free      shared  buff/cache   available
Mem:            62G        533M         54G        168M        7.8G         61G
Swap:            0B          0B          0B
03:49:53
              total        used        free      shared  buff/cache   available
Mem:            62G        533M         54G        168M        7.8G         61G
Swap:            0B          0B          0B
03:49:58
              total        used        free      shared  buff/cache   available
Mem:            62G        5.2G         49G        168M        7.8G         56G
Swap:            0B          0B          0B
03:50:03
              total        used        free      shared  buff/cache   available
Mem:            62G        869M         54G        168M        7.9G         61G
Swap:            0B          0B          0B
03:50:08
              total        used        free      shared  buff/cache   available
Mem:            62G        1.1G         53G        168M        7.9G         60G
Swap:            0B          0B          0B
03:50:13
              total        used        free      shared  buff/cache   available
Mem:            62G        1.1G         54G        168M        7.9G         60G
Swap:            0B          0B          0B
03:50:18
              total        used        free      shared  buff/cache   available
Mem:            62G        1.1G         54G        168M        7.9G         60G
Swap:            0B          0B          0B
03:50:23
              total        used        free      shared  buff/cache   available
Mem:            62G        1.1G         53G        168M        7.9G         60G
Swap:            0B          0B          0B
03:50:28
              total        used        free      shared  buff/cache   available
Mem:            62G        1.1G         54G        168M        7.9G         60G
Swap:            0B          0B          0B
03:50:33
              total        used        free      shared  buff/cache   available
Mem:            62G        997M         54G        168M        7.9G         60G
Swap:            0B          0B          0B
03:50:38
              total        used        free      shared  buff/cache   available
Mem:            62G        998M         54G        168M        7.9G         60G
Swap:            0B          0B          0B
03:50:43
              total        used        free      shared  buff/cache   available
Mem:            62G        531M         54G        168M        7.9G         61G
Swap:            0B          0B          0B
03:50:48
              total        used        free      shared  buff/cache   available
Mem:            62G        532M         54G        168M        7.9G         61G
Swap:            0B          0B          0B
03:50:53
              total        used        free      shared  buff/cache   available
Mem:            62G        532M         54G        168M        7.9G         61G
Swap:            0B          0B          0B
03:50:58
              total        used        free      shared  buff/cache   available
Mem:            62G        532M         54G        168M        7.9G         61G
Swap:            0B          0B          0B
03:51:03
              total        used        free      shared  buff/cache   available
Mem:            62G        532M         54G        168M        7.9G         61G
Swap:            0B          0B          0B
03:51:08
              total        used        free      shared  buff/cache   available
Mem:            62G        532M         54G        168M        7.9G         61G
Swap:            0B          0B          0B
03:51:13
              total        used        free      shared  buff/cache   available
Mem:            62G        532M         54G        168M        7.9G         61G
Swap:            0B          0B          0B
03:51:18
              total        used        free      shared  buff/cache   available
Mem:            62G        532M         54G        168M        7.9G         61G
Swap:            0B          0B          0B
03:51:23
              total        used        free      shared  buff/cache   available
Mem:            62G        3.5G         51G        168M        7.9G         58G
Swap:            0B          0B          0B
03:51:28
              total        used        free      shared  buff/cache   available
Mem:            62G        1.1G         54G        168M        7.8G         60G
Swap:            0B          0B          0B
03:51:34
              total        used        free      shared  buff/cache   available
Mem:            62G        1.1G         54G        168M        7.8G         60G
Swap:            0B          0B          0B
03:51:39
              total        used        free      shared  buff/cache   available
Mem:            62G        1.1G         54G        168M        7.8G         60G
Swap:            0B          0B          0B
03:51:44
              total        used        free      shared  buff/cache   available
Mem:            62G        1.1G         54G        168M        7.8G         60G
Swap:            0B          0B          0B
03:51:49
              total        used        free      shared  buff/cache   available
Mem:            62G        1.1G         54G        168M        7.8G         60G
Swap:            0B          0B          0B
03:51:54
              total        used        free      shared  buff/cache   available
Mem:            62G        1.1G         54G        168M        7.8G         60G
Swap:            0B          0B          0B
03:51:59
              total        used        free      shared  buff/cache   available
Mem:            62G        997M         54G        168M        7.8G         60G
Swap:            0B          0B          0B
03:52:04
              total        used        free      shared  buff/cache   available
Mem:            62G        529M         54G        168M        7.9G         61G
Swap:            0B          0B          0B
03:52:09
              total        used        free      shared  buff/cache   available
Mem:            62G        530M         54G        168M        7.9G         61G
Swap:            0B          0B          0B
03:52:14
              total        used        free      shared  buff/cache   available
Mem:            62G        531M         54G        168M        7.9G         61G
Swap:            0B          0B          0B
03:52:19
              total        used        free      shared  buff/cache   available
Mem:            62G        531M         54G        168M        7.9G         61G
Swap:            0B          0B          0B
03:52:24
              total        used        free      shared  buff/cache   available
Mem:            62G        531M         54G        168M        7.9G         61G
Swap:            0B          0B          0B
03:52:29
              total        used        free      shared  buff/cache   available
Mem:            62G        531M         54G        168M        7.9G         61G
Swap:            0B          0B          0B
03:52:34
              total        used        free      shared  buff/cache   available
Mem:            62G        531M         54G        168M        7.9G         61G
Swap:            0B          0B          0B
03:52:39
              total        used        free      shared  buff/cache   available
Mem:            62G        531M         54G        168M        7.9G         61G
Swap:            0B          0B          0B
03:52:44
              total        used        free      shared  buff/cache   available
Mem:            62G        4.2G         50G        168M        7.9G         57G
Swap:            0B          0B          0B
03:52:49
              total        used        free      shared  buff/cache   available
Mem:            62G        4.7G         50G        168M        8.0G         57G
Swap:            0B          0B          0B
03:52:54
              total        used        free      shared  buff/cache   available
Mem:            62G        1.1G         53G        168M        8.0G         60G
Swap:            0B          0B          0B
03:52:59
              total        used        free      shared  buff/cache   available
Mem:            62G        1.1G         53G        168M        8.0G         60G
Swap:            0B          0B          0B
03:53:04
              total        used        free      shared  buff/cache   available
Mem:            62G        1.0G         53G        168M        8.0G         60G
Swap:            0B          0B          0B
03:53:09
              total        used        free      shared  buff/cache   available
Mem:            62G        1.1G         53G        168M        8.0G         60G
Swap:            0B          0B          0B
03:53:15
              total        used        free      shared  buff/cache   available
Mem:            62G        1.1G         53G        168M        8.0G         60G
Swap:            0B          0B          0B
03:53:20
              total        used        free      shared  buff/cache   available
Mem:            62G        1.1G         53G        168M        8.0G         60G
Swap:            0B          0B          0B
03:53:25
              total        used        free      shared  buff/cache   available
Mem:            62G        1.1G         53G        168M        8.0G         60G
Swap:            0B          0B          0B
03:53:30
              total        used        free      shared  buff/cache   available
Mem:            62G        528M         54G        168M        8.0G         61G
Swap:            0B          0B          0B
03:53:35
              total        used        free      shared  buff/cache   available
Mem:            62G        529M         54G        168M        8.0G         61G
Swap:            0B          0B          0B
03:53:40
              total        used        free      shared  buff/cache   available
Mem:            62G        530M         54G        168M        8.0G         61G
Swap:            0B          0B          0B
03:53:45
              total        used        free      shared  buff/cache   available
Mem:            62G        530M         54G        168M        8.0G         61G
Swap:            0B          0B          0B
03:53:50
              total        used        free      shared  buff/cache   available
Mem:            62G        530M         54G        168M        8.0G         61G
Swap:            0B          0B          0B
03:53:55
              total        used        free      shared  buff/cache   available
Mem:            62G        532M         54G        168M        8.0G         61G
Swap:            0B          0B          0B
03:54:00
              total        used        free      shared  buff/cache   available
Mem:            62G        532M         54G        168M        8.0G         61G
Swap:            0B          0B          0B
03:54:05
              total        used        free      shared  buff/cache   available
Mem:            62G        532M         54G        168M        8.0G         61G
Swap:            0B          0B          0B
03:54:10
              total        used        free      shared  buff/cache   available
Mem:            62G        5.1G         49G        168M        8.0G         56G
Swap:            0B          0B          0B
03:54:15
              total        used        free      shared  buff/cache   available
Mem:            62G        427M         54G        168M        7.9G         61G
Swap:            0B          0B          0B
03:54:20
              total        used        free      shared  buff/cache   available
Mem:            62G        1.1G         53G        168M        7.9G         60G
Swap:            0B          0B          0B
03:54:25
              total        used        free      shared  buff/cache   available
Mem:            62G        1.1G         53G        168M        7.9G         60G
Swap:            0B          0B          0B
03:54:30
              total        used        free      shared  buff/cache   available
Mem:            62G        1.1G         53G        168M        7.9G         60G
Swap:            0B          0B          0B
03:54:35
              total        used        free      shared  buff/cache   available
Mem:            62G        1.1G         53G        168M        7.9G         60G
Swap:            0B          0B          0B
03:54:40
              total        used        free      shared  buff/cache   available
Mem:            62G        1.1G         53G        168M        7.9G         60G
Swap:            0B          0B          0B
03:54:45
              total        used        free      shared  buff/cache   available
Mem:            62G        996M         54G        168M        7.9G         60G
Swap:            0B          0B          0B
03:54:50
              total        used        free      shared  buff/cache   available
Mem:            62G        998M         53G        168M        7.9G         60G
Swap:            0B          0B          0B
03:54:56
              total        used        free      shared  buff/cache   available
Mem:            62G        531M         54G        168M        8.0G         61G
Swap:            0B          0B          0B
03:55:01
              total        used        free      shared  buff/cache   available
