02:03:44
              total        used        free      shared  buff/cache   available
Mem:           125G        830M        124G        8.7M        733M        123G
Swap:            0B          0B          0B
02:03:49
              total        used        free      shared  buff/cache   available
Mem:           125G        1.0G        124G        8.7M        733M        123G
Swap:            0B          0B          0B
02:03:54
              total        used        free      shared  buff/cache   available
Mem:           125G        1.0G        124G        8.7M        734M        123G
Swap:            0B          0B          0B
02:03:59
              total        used        free      shared  buff/cache   available
Mem:           125G        1.0G        124G        8.7M        738M        123G
Swap:            0B          0B          0B
02:04:04
              total        used        free      shared  buff/cache   available
Mem:           125G        1.1G        124G        8.7M        757M        123G
Swap:            0B          0B          0B
02:04:09
              total        used        free      shared  buff/cache   available
Mem:           125G        472M        124G        8.7M        768M        124G
Swap:            0B          0B          0B
02:04:14
              total        used        free      shared  buff/cache   available
Mem:           125G        691M        124G        8.7M        768M        124G
Swap:            0B          0B          0B
02:04:19
              total        used        free      shared  buff/cache   available
Mem:           125G        738M        124G        8.7M        770M        124G
Swap:            0B          0B          0B
02:04:24
              total        used        free      shared  buff/cache   available
Mem:           125G        425M        124G        8.7M        970M        124G
Swap:            0B          0B          0B
02:04:29
              total        used        free      shared  buff/cache   available
Mem:           125G        1.2G        123G        8.7M        972M        123G
Swap:            0B          0B          0B
02:04:34
              total        used        free      shared  buff/cache   available
Mem:           125G        1.2G        123G        8.7M        972M        123G
Swap:            0B          0B          0B
02:04:39
              total        used        free      shared  buff/cache   available
Mem:           125G        1.2G        123G        8.7M        972M        123G
Swap:            0B          0B          0B
02:04:44
              total        used        free      shared  buff/cache   available
Mem:           125G        1.2G        123G        8.7M        973M        123G
Swap:            0B          0B          0B
02:04:49
              total        used        free      shared  buff/cache   available
Mem:           125G        1.1G        123G        8.7M        973M        123G
Swap:            0B          0B          0B
02:04:54
              total        used        free      shared  buff/cache   available
Mem:           125G        1.2G        123G        8.7M        973M        123G
Swap:            0B          0B          0B
02:04:59
              total        used        free      shared  buff/cache   available
Mem:           125G        1.2G        123G        8.7M        973M        123G
Swap:            0B          0B          0B
02:05:05
              total        used        free      shared  buff/cache   available
Mem:           125G        1.2G        123G        8.7M        973M        123G
Swap:            0B          0B          0B
02:05:10
              total        used        free      shared  buff/cache   available
Mem:           125G        1.2G        123G        8.7M        973M        123G
Swap:            0B          0B          0B
02:05:15
              total        used        free      shared  buff/cache   available
Mem:           125G        1.2G        123G        8.7M        973M        123G
Swap:            0B          0B          0B
02:05:20
              total        used        free      shared  buff/cache   available
Mem:           125G        1.2G        123G        8.7M        973M        123G
Swap:            0B          0B          0B
02:05:25
              total        used        free      shared  buff/cache   available
Mem:           125G        1.2G        123G        8.7M        973M        123G
Swap:            0B          0B          0B
02:05:30
              total        used        free      shared  buff/cache   available
Mem:           125G        1.2G        123G        8.7M        973M        123G
Swap:            0B          0B          0B
02:05:35
              total        used        free      shared  buff/cache   available
Mem:           125G        1.1G        123G        8.7M        973M        123G
Swap:            0B          0B          0B
02:05:40
              total        used        free      shared  buff/cache   available
Mem:           125G        718M        124G        8.7M        1.0G        124G
Swap:            0B          0B          0B
02:05:45
              total        used        free      shared  buff/cache   available
Mem:           125G        625M        124G        8.7M        1.0G        124G
Swap:            0B          0B          0B
02:05:50
              total        used        free      shared  buff/cache   available
Mem:           125G        626M        124G        8.7M        1.0G        124G
Swap:            0B          0B          0B
02:05:55
              total        used        free      shared  buff/cache   available
Mem:           125G        626M        124G        8.7M        1.0G        124G
Swap:            0B          0B          0B
02:06:00
              total        used        free      shared  buff/cache   available
Mem:           125G        626M        124G        8.7M        1.0G        124G
Swap:            0B          0B          0B
02:06:05
              total        used        free      shared  buff/cache   available
Mem:           125G        626M        124G        8.7M        1.0G        124G
Swap:            0B          0B          0B
02:06:10
              total        used        free      shared  buff/cache   available
Mem:           125G        626M        124G        8.7M        1.0G        124G
Swap:            0B          0B          0B
02:06:15
              total        used        free      shared  buff/cache   available
Mem:           125G        626M        124G        8.7M        1.0G        124G
Swap:            0B          0B          0B
02:06:20
              total        used        free      shared  buff/cache   available
Mem:           125G        626M        124G        8.7M        1.0G        124G
Swap:            0B          0B          0B
02:06:25
              total        used        free      shared  buff/cache   available
Mem:           125G        626M        124G        8.7M        1.0G        124G
Swap:            0B          0B          0B
02:06:30
              total        used        free      shared  buff/cache   available
Mem:           125G        625M        124G        8.7M        1.0G        124G
Swap:            0B          0B          0B
02:06:35
              total        used        free      shared  buff/cache   available
Mem:           125G        627M        124G        8.7M        1.0G        124G
Swap:            0B          0B          0B
02:06:40
              total        used        free      shared  buff/cache   available
Mem:           125G        626M        124G        8.7M        1.0G        124G
Swap:            0B          0B          0B
02:06:46
              total        used        free      shared  buff/cache   available
Mem:           125G        626M        124G        8.7M        1.0G        124G
Swap:            0B          0B          0B
02:06:51
              total        used        free      shared  buff/cache   available
Mem:           125G        627M        124G        8.7M        1.0G        124G
Swap:            0B          0B          0B
02:06:56
              total        used        free      shared  buff/cache   available
Mem:           125G        627M        124G        8.7M        1.0G        124G
Swap:            0B          0B          0B
02:07:01
              total        used        free      shared  buff/cache   available
Mem:           125G        627M        124G        8.7M        1.0G        124G
Swap:            0B          0B          0B
02:07:06
              total        used        free      shared  buff/cache   available
Mem:           125G        1.8G        123G        8.7M        1.0G        122G
Swap:            0B          0B          0B
02:07:11
              total        used        free      shared  buff/cache   available
Mem:           125G        6.1G        118G        8.7M        1.0G        118G
Swap:            0B          0B          0B
02:07:16
              total        used        free      shared  buff/cache   available
Mem:           125G        6.7G        118G        8.7M        1.0G        118G
Swap:            0B          0B          0B
02:07:21
              total        used        free      shared  buff/cache   available
Mem:           125G        682M        124G        8.7M        1.2G        124G
Swap:            0B          0B          0B
02:07:26
              total        used        free      shared  buff/cache   available
Mem:           125G        1.2G        123G        8.7M        1.2G        123G
Swap:            0B          0B          0B
02:07:31
              total        used        free      shared  buff/cache   available
Mem:           125G        1.2G        123G        8.7M        1.2G        123G
Swap:            0B          0B          0B
02:07:36
              total        used        free      shared  buff/cache   available
Mem:           125G        1.2G        123G        8.7M        1.2G        123G
Swap:            0B          0B          0B
02:07:41
              total        used        free      shared  buff/cache   available
Mem:           125G        1.2G        123G        8.7M        1.2G        123G
Swap:            0B          0B          0B
02:07:46
              total        used        free      shared  buff/cache   available
Mem:           125G        1.2G        123G        8.7M        1.2G        123G
Swap:            0B          0B          0B
02:07:51
              total        used        free      shared  buff/cache   available
Mem:           125G        1.2G        123G        8.7M        1.2G        123G
Swap:            0B          0B          0B
02:07:56
              total        used        free      shared  buff/cache   available
Mem:           125G        1.1G        123G        8.7M        1.2G        123G
Swap:            0B          0B          0B
02:08:01
              total        used        free      shared  buff/cache   available
Mem:           125G        1.2G        123G        8.7M        1.2G        123G
Swap:            0B          0B          0B
02:08:06
              total        used        free      shared  buff/cache   available
Mem:           125G        1.2G        123G        8.7M        1.2G        123G
Swap:            0B          0B          0B
02:08:11
              total        used        free      shared  buff/cache   available
Mem:           125G        1.2G        123G        8.7M        1.2G        123G
Swap:            0B          0B          0B
02:08:17
              total        used        free      shared  buff/cache   available
Mem:           125G        1.2G        123G        8.7M        1.2G        123G
Swap:            0B          0B          0B
02:08:22
              total        used        free      shared  buff/cache   available
Mem:           125G        1.2G        123G        8.7M        1.2G        123G
Swap:            0B          0B          0B
02:08:27
              total        used        free      shared  buff/cache   available
Mem:           125G        1.2G        123G        8.7M        1.2G        123G
Swap:            0B          0B          0B
02:08:32
              total        used        free      shared  buff/cache   available
Mem:           125G        1.1G        123G        8.7M        1.2G        123G
Swap:            0B          0B          0B
02:08:37
              total        used        free      shared  buff/cache   available
Mem:           125G        566M        124G        8.7M        1.3G        124G
Swap:            0B          0B          0B
02:08:42
              total        used        free      shared  buff/cache   available
Mem:           125G        625M        123G        8.7M        1.3G        124G
Swap:            0B          0B          0B
02:08:47
              total        used        free      shared  buff/cache   available
Mem:           125G        625M        123G        8.7M        1.3G        124G
Swap:            0B          0B          0B
02:08:52
              total        used        free      shared  buff/cache   available
Mem:           125G        625M        123G        8.7M        1.3G        124G
Swap:            0B          0B          0B
02:08:57
              total        used        free      shared  buff/cache   available
Mem:           125G        625M        123G        8.7M        1.3G        124G
Swap:            0B          0B          0B
02:09:02
              total        used        free      shared  buff/cache   available
Mem:           125G        625M        123G        8.7M        1.3G        124G
Swap:            0B          0B          0B
02:09:07
              total        used        free      shared  buff/cache   available
Mem:           125G        625M        123G        8.7M        1.3G        124G
Swap:            0B          0B          0B
02:09:12
              total        used        free      shared  buff/cache   available
Mem:           125G        626M        123G        8.7M        1.3G        124G
Swap:            0B          0B          0B
02:09:17
              total        used        free      shared  buff/cache   available
Mem:           125G        626M        123G        8.7M        1.3G        124G
Swap:            0B          0B          0B
02:09:22
              total        used        free      shared  buff/cache   available
Mem:           125G        626M        123G        8.7M        1.3G        124G
Swap:            0B          0B          0B
02:09:27
              total        used        free      shared  buff/cache   available
Mem:           125G        626M        123G        8.7M        1.3G        124G
Swap:            0B          0B          0B
02:09:32
              total        used        free      shared  buff/cache   available
Mem:           125G        626M        123G        8.7M        1.3G        124G
Swap:            0B          0B          0B
02:09:37
              total        used        free      shared  buff/cache   available
Mem:           125G        626M        123G        8.7M        1.3G        124G
Swap:            0B          0B          0B
02:09:42
              total        used        free      shared  buff/cache   available
Mem:           125G        626M        123G        8.7M        1.3G        124G
Swap:            0B          0B          0B
02:09:47
              total        used        free      shared  buff/cache   available
Mem:           125G        626M        123G        8.7M        1.3G        124G
Swap:            0B          0B          0B
02:09:52
              total        used        free      shared  buff/cache   available
Mem:           125G        626M        123G        8.7M        1.3G        124G
Swap:            0B          0B          0B
02:09:57
              total        used        free      shared  buff/cache   available
Mem:           125G        627M        123G        8.7M        1.3G        124G
Swap:            0B          0B          0B
02:10:03
              total        used        free      shared  buff/cache   available
Mem:           125G        627M        123G        8.7M        1.3G        124G
Swap:            0B          0B          0B
02:10:08
              total        used        free      shared  buff/cache   available
Mem:           125G        7.7G        116G        8.7M        1.3G        117G
Swap:            0B          0B          0B
02:10:13
              total        used        free      shared  buff/cache   available
Mem:           125G        6.8G        117G        8.7M        1.5G        117G
Swap:            0B          0B          0B
02:10:18
              total        used        free      shared  buff/cache   available
Mem:           125G        423M        124G        8.7M        1.1G        124G
Swap:            0B          0B          0B
02:10:23
              total        used        free      shared  buff/cache   available
Mem:           125G        1.2G        123G        8.7M        1.1G        123G
Swap:            0B          0B          0B
02:10:28
              total        used        free      shared  buff/cache   available
Mem:           125G        1.2G        123G        8.7M        1.1G        123G
Swap:            0B          0B          0B
02:10:33
              total        used        free      shared  buff/cache   available
Mem:           125G        1.2G        123G        8.7M        1.1G        123G
Swap:            0B          0B          0B
02:10:38
              total        used        free      shared  buff/cache   available
Mem:           125G        1.1G        123G        8.7M        1.1G        123G
Swap:            0B          0B          0B
02:10:43
              total        used        free      shared  buff/cache   available
Mem:           125G        1.2G        123G        8.7M        1.1G        123G
Swap:            0B          0B          0B
02:10:48
              total        used        free      shared  buff/cache   available
Mem:           125G        1.2G        123G        8.7M        1.1G        123G
Swap:            0B          0B          0B
02:10:53
              total        used        free      shared  buff/cache   available
Mem:           125G        1.2G        123G        8.7M        1.1G        123G
Swap:            0B          0B          0B
02:10:58
              total        used        free      shared  buff/cache   available
Mem:           125G        1.2G        123G        8.7M        1.1G        123G
Swap:            0B          0B          0B
02:11:03
              total        used        free      shared  buff/cache   available
Mem:           125G        1.2G        123G        8.7M        1.1G        123G
Swap:            0B          0B          0B
02:11:08
              total        used        free      shared  buff/cache   available
Mem:           125G        1.2G        123G        8.7M        1.1G        123G
Swap:            0B          0B          0B
02:11:13
              total        used        free      shared  buff/cache   available
Mem:           125G        1.2G        123G        8.7M        1.1G        123G
Swap:            0B          0B          0B
02:11:18
              total        used        free      shared  buff/cache   available
Mem:           125G        1.0G        123G        8.7M        1.1G        123G
Swap:            0B          0B          0B
02:11:23
              total        used        free      shared  buff/cache   available
Mem:           125G        1.2G        123G        8.7M        1.1G        123G
Swap:            0B          0B          0B
02:11:28
              total        used        free      shared  buff/cache   available
Mem:           125G        1.2G        123G        8.7M        1.1G        123G
Swap:            0B          0B          0B
02:11:33
              total        used        free      shared  buff/cache   available
Mem:           125G        424M        124G        8.7M        1.2G        124G
Swap:            0B          0B          0B
02:11:38
              total        used        free      shared  buff/cache   available
Mem:           125G        625M        124G        8.7M        1.2G        124G
Swap:            0B          0B          0B
02:11:43
              total        used        free      shared  buff/cache   available
Mem:           125G        626M        124G        8.7M        1.2G        124G
Swap:            0B          0B          0B
02:11:48
              total        used        free      shared  buff/cache   available
Mem:           125G        626M        124G        8.7M        1.2G        124G
Swap:            0B          0B          0B
02:11:54
              total        used        free      shared  buff/cache   available
Mem:           125G        626M        124G        8.7M        1.2G        124G
Swap:            0B          0B          0B
02:11:59
              total        used        free      shared  buff/cache   available
Mem:           125G        626M        124G        8.7M        1.2G        124G
Swap:            0B          0B          0B
02:12:04
              total        used        free      shared  buff/cache   available
Mem:           125G        626M        124G        8.7M        1.2G        124G
Swap:            0B          0B          0B
02:12:09
              total        used        free      shared  buff/cache   available
Mem:           125G        626M        124G        8.7M        1.2G        124G
Swap:            0B          0B          0B
02:12:14
              total        used        free      shared  buff/cache   available
Mem:           125G        626M        124G        8.7M        1.2G        124G
Swap:            0B          0B          0B
02:12:19
              total        used        free      shared  buff/cache   available
Mem:           125G        626M        124G        8.7M        1.2G        124G
Swap:            0B          0B          0B
02:12:24
              total        used        free      shared  buff/cache   available
Mem:           125G        626M        124G        8.7M        1.2G        124G
Swap:            0B          0B          0B
02:12:29
              total        used        free      shared  buff/cache   available
Mem:           125G        626M        124G        8.7M        1.2G        124G
Swap:            0B          0B          0B
02:12:34
              total        used        free      shared  buff/cache   available
Mem:           125G        627M        124G        8.7M        1.2G        124G
Swap:            0B          0B          0B
02:12:39
              total        used        free      shared  buff/cache   available
Mem:           125G        627M        124G        8.7M        1.2G        124G
Swap:            0B          0B          0B
02:12:44
              total        used        free      shared  buff/cache   available
Mem:           125G        628M        124G        8.7M        1.2G        124G
Swap:            0B          0B          0B
02:12:49
              total        used        free      shared  buff/cache   available
Mem:           125G        621M        124G        8.7M        1.2G        124G
Swap:            0B          0B          0B
02:12:54
              total        used        free      shared  buff/cache   available
Mem:           125G        621M        124G        8.7M        1.2G        124G
Swap:            0B          0B          0B
02:12:59
              total        used        free      shared  buff/cache   available
Mem:           125G        7.3G        117G        8.7M        1.2G        117G
Swap:            0B          0B          0B
02:13:04
              total        used        free      shared  buff/cache   available
Mem:           125G        855M        123G        8.7M        1.2G        123G
Swap:            0B          0B          0B
02:13:09
              total        used        free      shared  buff/cache   available
Mem:           125G        530M        123G        8.7M        1.4G        124G
Swap:            0B          0B          0B
02:13:14
              total        used        free      shared  buff/cache   available
Mem:           125G        1.2G        123G        8.7M        1.4G        123G
Swap:            0B          0B          0B
02:13:19
              total        used        free      shared  buff/cache   available
Mem:           125G        964M        123G        8.7M        1.4G        123G
Swap:            0B          0B          0B
02:13:24
              total        used        free      shared  buff/cache   available
Mem:           125G        1.1G        123G        8.7M        1.4G        123G
Swap:            0B          0B          0B
02:13:29
              total        used        free      shared  buff/cache   available
Mem:           125G        1.2G        123G        8.7M        1.4G        123G
Swap:            0B          0B          0B
02:13:34
              total        used        free      shared  buff/cache   available
Mem:           125G        1.2G        123G        8.7M        1.4G        123G
Swap:            0B          0B          0B
02:13:39
              total        used        free      shared  buff/cache   available
Mem:           125G        1.2G        123G        8.7M        1.4G        123G
Swap:            0B          0B          0B
02:13:45
              total        used        free      shared  buff/cache   available
Mem:           125G        1.2G        123G        8.7M        1.4G        123G
Swap:            0B          0B          0B
02:13:50
              total        used        free      shared  buff/cache   available
Mem:           125G        1.2G        123G        8.7M        1.4G        123G
Swap:            0B          0B          0B
02:13:55
              total        used        free      shared  buff/cache   available
Mem:           125G        1.2G        123G        8.7M        1.4G        123G
Swap:            0B          0B          0B
02:14:00
              total        used        free      shared  buff/cache   available
Mem:           125G        1.2G        123G        8.7M        1.4G        123G
Swap:            0B          0B          0B
02:14:05
              total        used        free      shared  buff/cache   available
Mem:           125G        1.2G        123G        8.7M        1.4G        123G
Swap:            0B          0B          0B
02:14:10
              total        used        free      shared  buff/cache   available
Mem:           125G        1.1G        123G        8.7M        1.4G        123G
Swap:            0B          0B          0B
02:14:15
              total        used        free      shared  buff/cache   available
Mem:           125G        1.0G        123G        8.7M        1.4G        123G
Swap:            0B          0B          0B
02:14:20
              total        used        free      shared  buff/cache   available
Mem:           125G        1.2G        123G        8.7M        1.4G        123G
Swap:            0B          0B          0B
02:14:25
              total        used        free      shared  buff/cache   available
Mem:           125G        760M        123G        8.7M        1.5G        124G
Swap:            0B          0B          0B
02:14:30
              total        used        free      shared  buff/cache   available
Mem:           125G        618M        123G        8.7M        1.5G        124G
Swap:            0B          0B          0B
02:14:35
              total        used        free      shared  buff/cache   available
Mem:           125G        618M        123G        8.7M        1.5G        124G
Swap:            0B          0B          0B
02:14:40
              total        used        free      shared  buff/cache   available
Mem:           125G        619M        123G        8.7M        1.5G        124G
Swap:            0B          0B          0B
02:14:45
              total        used        free      shared  buff/cache   available
Mem:           125G        619M        123G        8.7M        1.5G        124G
Swap:            0B          0B          0B
02:14:50
              total        used        free      shared  buff/cache   available
Mem:           125G        619M        123G        8.7M        1.5G        124G
Swap:            0B          0B          0B
02:14:55
              total        used        free      shared  buff/cache   available
Mem:           125G        619M        123G        8.7M        1.5G        124G
Swap:            0B          0B          0B
02:15:00
              total        used        free      shared  buff/cache   available
Mem:           125G        619M        123G        8.7M        1.5G        124G
Swap:            0B          0B          0B
02:15:05
              total        used        free      shared  buff/cache   available
Mem:           125G        618M        123G        8.7M        1.5G        124G
Swap:            0B          0B          0B
02:15:10
              total        used        free      shared  buff/cache   available
Mem:           125G        618M        123G        8.7M        1.5G        124G
Swap:            0B          0B          0B
02:15:16
              total        used        free      shared  buff/cache   available
Mem:           125G        619M        123G        8.7M        1.5G        124G
Swap:            0B          0B          0B
02:15:21
              total        used        free      shared  buff/cache   available
Mem:           125G        619M        123G        8.7M        1.5G        124G
Swap:            0B          0B          0B
02:15:26
              total        used        free      shared  buff/cache   available
Mem:           125G        619M        123G        8.7M        1.5G        124G
Swap:            0B          0B          0B
02:15:31
              total        used        free      shared  buff/cache   available
Mem:           125G        619M        123G        8.7M        1.5G        124G
Swap:            0B          0B          0B
02:15:36
              total        used        free      shared  buff/cache   available
Mem:           125G        621M        123G        8.7M        1.5G        124G
Swap:            0B          0B          0B
02:15:41
              total        used        free      shared  buff/cache   available
Mem:           125G        621M        123G        8.7M        1.5G        124G
Swap:            0B          0B          0B
02:15:46
              total        used        free      shared  buff/cache   available
Mem:           125G        620M        123G        8.7M        1.5G        124G
Swap:            0B          0B          0B
02:15:51
              total        used        free      shared  buff/cache   available
Mem:           125G        620M        123G        8.7M        1.5G        124G
Swap:            0B          0B          0B
02:15:56
              total        used        free      shared  buff/cache   available
Mem:           125G        620M        123G        8.7M        1.5G        124G
Swap:            0B          0B          0B
02:16:01
              total        used        free      shared  buff/cache   available
Mem:           125G        620M        123G        8.7M        1.5G        124G
Swap:            0B          0B          0B
02:16:06
              total        used        free      shared  buff/cache   available
Mem:           125G        7.4G        116G        8.7M        1.5G        117G
Swap:            0B          0B          0B
02:16:11
              total        used        free      shared  buff/cache   available
Mem:           125G        2.9G        121G        8.7M        1.5G        121G
Swap:            0B          0B          0B
02:16:16
              total        used        free      shared  buff/cache   available
Mem:           125G        675M        123G        8.7M        1.7G        124G
Swap:            0B          0B          0B
02:16:21
              total        used        free      shared  buff/cache   available
Mem:           125G        1.2G        123G        8.7M        1.3G        123G
Swap:            0B          0B          0B
02:16:26
              total        used        free      shared  buff/cache   available
Mem:           125G        1.2G        123G        8.7M        1.3G        123G
Swap:            0B          0B          0B
02:16:31
              total        used        free      shared  buff/cache   available
Mem:           125G        1.2G        123G        8.7M        1.3G        123G
Swap:            0B          0B          0B
02:16:36
              total        used        free      shared  buff/cache   available
Mem:           125G        1.2G        123G        8.7M        1.3G        123G
Swap:            0B          0B          0B
02:16:41
              total        used        free      shared  buff/cache   available
Mem:           125G        1.2G        123G        8.7M        1.3G        123G
Swap:            0B          0B          0B
02:16:46
              total        used        free      shared  buff/cache   available
Mem:           125G        1.2G        123G        8.7M        1.3G        123G
Swap:            0B          0B          0B
02:16:52
              total        used        free      shared  buff/cache   available
Mem:           125G        1.2G        123G        8.7M        1.3G        123G
Swap:            0B          0B          0B
02:16:57
              total        used        free      shared  buff/cache   available
Mem:           125G        1.1G        123G        8.7M        1.3G        123G
Swap:            0B          0B          0B
02:17:02
              total        used        free      shared  buff/cache   available
Mem:           125G        1.2G        123G        8.7M        1.3G        123G
Swap:            0B          0B          0B
02:17:07
              total        used        free      shared  buff/cache   available
Mem:           125G        1.2G        123G        8.7M        1.3G        123G
Swap:            0B          0B          0B
02:17:12
              total        used        free      shared  buff/cache   available
Mem:           125G        1.2G        123G        8.7M        1.3G        123G
Swap:            0B          0B          0B
02:17:17
              total        used        free      shared  buff/cache   available
Mem:           125G        1.2G        123G        8.7M        1.3G        123G
Swap:            0B          0B          0B
02:17:22
              total        used        free      shared  buff/cache   available
Mem:           125G        1.2G        123G        8.7M        1.3G        123G
Swap:            0B          0B          0B
02:17:27
              total        used        free      shared  buff/cache   available
Mem:           125G        1.2G        123G        8.7M        1.3G        123G
Swap:            0B          0B          0B
02:17:32
              total        used        free      shared  buff/cache   available
Mem:           125G        1.2G        123G        8.7M        1.3G        123G
Swap:            0B          0B          0B
02:17:37
              total        used        free      shared  buff/cache   available
Mem:           125G        618M        123G        8.7M        1.4G        124G
Swap:            0B          0B          0B
02:17:42
              total        used        free      shared  buff/cache   available
Mem:           125G        618M        123G        8.7M        1.4G        124G
Swap:            0B          0B          0B
02:17:47
              total        used        free      shared  buff/cache   available
Mem:           125G        619M        123G        8.7M        1.4G        124G
Swap:            0B          0B          0B
02:17:52
              total        used        free      shared  buff/cache   available
Mem:           125G        618M        123G        8.7M        1.4G        124G
Swap:            0B          0B          0B
02:17:57
              total        used        free      shared  buff/cache   available
Mem:           125G        618M        123G        8.7M        1.4G        124G
Swap:            0B          0B          0B
02:18:02
              total        used        free      shared  buff/cache   available
Mem:           125G        618M        123G        8.7M        1.4G        124G
Swap:            0B          0B          0B
02:18:07
              total        used        free      shared  buff/cache   available
Mem:           125G        619M        123G        8.7M        1.4G        124G
Swap:            0B          0B          0B
02:18:12
              total        used        free      shared  buff/cache   available
Mem:           125G        618M        123G        8.7M        1.4G        124G
Swap:            0B          0B          0B
02:18:17
              total        used        free      shared  buff/cache   available
Mem:           125G        620M        123G        8.7M        1.4G        124G
Swap:            0B          0B          0B
02:18:22
              total        used        free      shared  buff/cache   available
Mem:           125G        620M        123G        8.7M        1.4G        124G
Swap:            0B          0B          0B
02:18:28
              total        used        free      shared  buff/cache   available
Mem:           125G        620M        123G        8.7M        1.4G        124G
Swap:            0B          0B          0B
02:18:33
              total        used        free      shared  buff/cache   available
Mem:           125G        620M        123G        8.7M        1.4G        124G
Swap:            0B          0B          0B
02:18:38
              total        used        free      shared  buff/cache   available
Mem:           125G        621M        123G        8.7M        1.4G        124G
Swap:            0B          0B          0B
02:18:43
              total        used        free      shared  buff/cache   available
Mem:           125G        621M        123G        8.7M        1.4G        124G
Swap:            0B          0B          0B
02:18:48
              total        used        free      shared  buff/cache   available
Mem:           125G        621M        123G        8.7M        1.4G        124G
Swap:            0B          0B          0B
02:18:53
              total        used        free      shared  buff/cache   available
Mem:           125G        620M        123G        8.7M        1.4G        124G
Swap:            0B          0B          0B
02:18:58
              total        used        free      shared  buff/cache   available
Mem:           125G        2.5G        121G        8.7M        1.4G        122G
Swap:            0B          0B          0B
02:19:03
              total        used        free      shared  buff/cache   available
Mem:           125G        7.6G        116G        8.7M        1.4G        117G
Swap:            0B          0B          0B
02:19:08
              total        used        free      shared  buff/cache   available
Mem:           125G        675M        123G        8.7M        1.6G        124G
Swap:            0B          0B          0B
02:19:13
              total        used        free      shared  buff/cache   available
Mem:           125G        1.2G        123G        8.7M        1.6G        123G
Swap:            0B          0B          0B
02:19:18
              total        used        free      shared  buff/cache   available
Mem:           125G        1.2G        123G        8.7M        1.6G        123G
Swap:            0B          0B          0B
02:19:23
              total        used        free      shared  buff/cache   available
Mem:           125G        1.2G        123G        8.7M        1.6G        123G
Swap:            0B          0B          0B
02:19:28
              total        used        free      shared  buff/cache   available
Mem:           125G        1.2G        123G        8.7M        1.6G        123G
Swap:            0B          0B          0B
02:19:33
              total        used        free      shared  buff/cache   available
Mem:           125G        1.2G        123G        8.7M        1.6G        123G
Swap:            0B          0B          0B
02:19:38
              total        used        free      shared  buff/cache   available
Mem:           125G        1.0G        123G        8.7M        1.6G        123G
Swap:            0B          0B          0B
02:19:43
              total        used        free      shared  buff/cache   available
Mem:           125G        1.1G        123G        8.7M        1.6G        123G
Swap:            0B          0B          0B
02:19:48
              total        used        free      shared  buff/cache   available
Mem:           125G        1.2G        123G        8.7M        1.6G        123G
Swap:            0B          0B          0B
02:19:53
              total        used        free      shared  buff/cache   available
Mem:           125G        1.2G        123G        8.7M        1.6G        123G
Swap:            0B          0B          0B
02:19:59
              total        used        free      shared  buff/cache   available
Mem:           125G        1.2G        123G        8.7M        1.6G        123G
Swap:            0B          0B          0B
02:20:04
              total        used        free      shared  buff/cache   available
Mem:           125G        1.2G        123G        8.7M        1.6G        123G
Swap:            0B          0B          0B
02:20:09
              total        used        free      shared  buff/cache   available
Mem:           125G        1.2G        123G        8.7M        1.6G        123G
Swap:            0B          0B          0B
02:20:14
              total        used        free      shared  buff/cache   available
Mem:           125G        1.2G        123G        8.7M        1.6G        123G
Swap:            0B          0B          0B
02:20:19
              total        used        free      shared  buff/cache   available
Mem:           125G        1.2G        123G        8.7M        1.6G        123G
Swap:            0B          0B          0B
02:20:24
              total        used        free      shared  buff/cache   available
Mem:           125G        1.2G        123G        8.7M        1.6G        123G
Swap:            0B          0B          0B
02:20:29
              total        used        free      shared  buff/cache   available
Mem:           125G        617M        123G        8.7M        1.7G        124G
Swap:            0B          0B          0B
02:20:34
              total        used        free      shared  buff/cache   available
Mem:           125G        618M        123G        8.7M        1.7G        124G
Swap:            0B          0B          0B
02:20:39
              total        used        free      shared  buff/cache   available
Mem:           125G        620M        123G        8.7M        1.7G        124G
Swap:            0B          0B          0B
02:20:44
              total        used        free      shared  buff/cache   available
Mem:           125G        620M        123G        8.7M        1.7G        124G
Swap:            0B          0B          0B
02:20:49
              total        used        free      shared  buff/cache   available
Mem:           125G        620M        123G        8.7M        1.7G        124G
Swap:            0B          0B          0B
02:20:54
              total        used        free      shared  buff/cache   available
Mem:           125G        620M        123G        8.7M        1.7G        124G
Swap:            0B          0B          0B
02:20:59
              total        used        free      shared  buff/cache   available
Mem:           125G        620M        123G        8.7M        1.7G        124G
Swap:            0B          0B          0B
02:21:04
              total        used        free      shared  buff/cache   available
Mem:           125G        621M        123G        8.7M        1.7G        124G
Swap:            0B          0B          0B
02:21:09
              total        used        free      shared  buff/cache   available
Mem:           125G        621M        123G        8.7M        1.7G        124G
Swap:            0B          0B          0B
02:21:14
              total        used        free      shared  buff/cache   available
Mem:           125G        621M        123G        8.7M        1.7G        124G
Swap:            0B          0B          0B
02:21:19
              total        used        free      shared  buff/cache   available
Mem:           125G        621M        123G        8.7M        1.7G        124G
Swap:            0B          0B          0B
02:21:24
              total        used        free      shared  buff/cache   available
Mem:           125G        621M        123G        8.7M        1.7G        124G
Swap:            0B          0B          0B
02:21:30
              total        used        free      shared  buff/cache   available
Mem:           125G        621M        123G        8.7M        1.7G        124G
Swap:            0B          0B          0B
02:21:35
              total        used        free      shared  buff/cache   available
Mem:           125G        621M        123G        8.7M        1.7G        124G
Swap:            0B          0B          0B
02:21:40
              total        used        free      shared  buff/cache   available
Mem:           125G        621M        123G        8.7M        1.7G        124G
Swap:            0B          0B          0B
02:21:45
              total        used        free      shared  buff/cache   available
Mem:           125G        620M        123G        8.7M        1.7G        124G
Swap:            0B          0B          0B
02:21:50
              total        used        free      shared  buff/cache   available
Mem:           125G        620M        123G        8.7M        1.7G        124G
Swap:            0B          0B          0B
02:21:55
              total        used        free      shared  buff/cache   available
Mem:           125G        6.8G        117G        8.7M        1.7G        117G
Swap:            0B          0B          0B
02:22:00
              total        used        free      shared  buff/cache   available
Mem:           125G        4.9G        119G        8.7M        1.7G        119G
Swap:            0B          0B          0B
02:22:05
              total        used        free      shared  buff/cache   available
Mem:           125G        417M        123G        8.7M        1.5G        124G
Swap:            0B          0B          0B
02:22:10
              total        used        free      shared  buff/cache   available
Mem:           125G        1.2G        123G        8.7M        1.5G        123G
Swap:            0B          0B          0B
02:22:15
              total        used        free      shared  buff/cache   available
Mem:           125G        1.2G        123G        8.7M        1.5G        123G
Swap:            0B          0B          0B
02:22:20
              total        used        free      shared  buff/cache   available
Mem:           125G        1.2G        123G        8.7M        1.5G        123G
Swap:            0B          0B          0B
02:22:25
              total        used        free      shared  buff/cache   available
Mem:           125G        1.2G        123G        8.7M        1.5G        123G
Swap:            0B          0B          0B
02:22:30
              total        used        free      shared  buff/cache   available
Mem:           125G        1.2G        123G        8.7M        1.5G        123G
Swap:            0B          0B          0B
02:22:35
              total        used        free      shared  buff/cache   available
Mem:           125G        1.1G        123G        8.7M        1.5G        123G
Swap:            0B          0B          0B
02:22:40
              total        used        free      shared  buff/cache   available
Mem:           125G        1.1G        123G        8.7M        1.5G        123G
Swap:            0B          0B          0B
02:22:45
              total        used        free      shared  buff/cache   available
Mem:           125G        1.2G        123G        8.7M        1.5G        123G
Swap:            0B          0B          0B
02:22:50
              total        used        free      shared  buff/cache   available
Mem:           125G        1.2G        123G        8.7M        1.5G        123G
Swap:            0B          0B          0B
02:22:55
              total        used        free      shared  buff/cache   available
Mem:           125G        1.2G        123G        8.7M        1.5G        123G
Swap:            0B          0B          0B
02:23:01
              total        used        free      shared  buff/cache   available
Mem:           125G        1.2G        123G        8.7M        1.5G        123G
Swap:            0B          0B          0B
02:23:06
              total        used        free      shared  buff/cache   available
Mem:           125G        1.2G        123G        8.7M        1.5G        123G
Swap:            0B          0B          0B
02:23:11
              total        used        free      shared  buff/cache   available
Mem:           125G        1.2G        123G        8.7M        1.5G        123G
Swap:            0B          0B          0B
02:23:16
              total        used        free      shared  buff/cache   available
Mem:           125G        1.2G        123G        8.7M        1.5G        123G
Swap:            0B          0B          0B
02:23:21
              total        used        free      shared  buff/cache   available
Mem:           125G        862M        123G        8.7M        1.5G        123G
Swap:            0B          0B          0B
02:23:26
              total        used        free      shared  buff/cache   available
Mem:           125G        618M        123G        8.7M        1.6G        124G
Swap:            0B          0B          0B
02:23:31
              total        used        free      shared  buff/cache   available
Mem:           125G        619M        123G        8.7M        1.6G        124G
Swap:            0B          0B          0B
02:23:36
              total        used        free      shared  buff/cache   available
Mem:           125G        619M        123G        8.7M        1.6G        124G
Swap:            0B          0B          0B
02:23:41
              total        used        free      shared  buff/cache   available
Mem:           125G        619M        123G        8.7M        1.6G        124G
Swap:            0B          0B          0B
02:23:46
              total        used        free      shared  buff/cache   available
Mem:           125G        620M        123G        8.7M        1.6G        124G
Swap:            0B          0B          0B
02:23:51
              total        used        free      shared  buff/cache   available
Mem:           125G        620M        123G        8.7M        1.6G        124G
Swap:            0B          0B          0B
02:23:56
              total        used        free      shared  buff/cache   available
Mem:           125G        620M        123G        8.7M        1.6G        124G
Swap:            0B          0B          0B
02:24:01
              total        used        free      shared  buff/cache   available
Mem:           125G        620M        123G        8.7M        1.6G        124G
Swap:            0B          0B          0B
02:24:06
              total        used        free      shared  buff/cache   available
Mem:           125G        620M        123G        8.7M        1.6G        124G
Swap:            0B          0B          0B
02:24:11
              total        used        free      shared  buff/cache   available
Mem:           125G        620M        123G        8.7M        1.6G        124G
Swap:            0B          0B          0B
02:24:16
              total        used        free      shared  buff/cache   available
Mem:           125G        619M        123G        8.7M        1.6G        124G
Swap:            0B          0B          0B
02:24:21
              total        used        free      shared  buff/cache   available
Mem:           125G        620M        123G        8.7M        1.6G        124G
Swap:            0B          0B          0B
02:24:26
              total        used        free      shared  buff/cache   available
Mem:           125G        619M        123G        8.7M        1.6G        124G
Swap:            0B          0B          0B
02:24:31
              total        used        free      shared  buff/cache   available
Mem:           125G        619M        123G        8.7M        1.6G        124G
Swap:            0B          0B          0B
02:24:36
              total        used        free      shared  buff/cache   available
Mem:           125G        620M        123G        8.7M        1.6G        124G
Swap:            0B          0B          0B
02:24:42
              total        used        free      shared  buff/cache   available
Mem:           125G        620M        123G        8.7M        1.6G        124G
Swap:            0B          0B          0B
02:24:47
              total        used        free      shared  buff/cache   available
Mem:           125G        1.8G        122G        8.7M        1.6G        122G
Swap:            0B          0B          0B
02:24:52
              total        used        free      shared  buff/cache   available
Mem:           125G        7.6G        116G        8.7M        1.6G        117G
Swap:            0B          0B          0B
02:24:57
              total        used        free      shared  buff/cache   available
Mem:           125G        5.2G        118G        8.7M        1.8G        119G
Swap:            0B          0B          0B
02:25:02
              total        used        free      shared  buff/cache   available
Mem:           125G        1.2G        122G        8.7M        1.8G        123G
Swap:            0B          0B          0B
02:25:07
              total        used        free      shared  buff/cache   available
Mem:           125G        1.2G        122G        8.7M        1.8G        123G
Swap:            0B          0B          0B
02:25:12
              total        used        free      shared  buff/cache   available
Mem:           125G        1.2G        122G        8.7M        1.8G        123G
Swap:            0B          0B          0B
02:25:17
              total        used        free      shared  buff/cache   available
Mem:           125G        1.2G        122G        8.7M        1.8G        123G
Swap:            0B          0B          0B
02:25:22
              total        used        free      shared  buff/cache   available
Mem:           125G        1.2G        122G        8.7M        1.8G        123G
Swap:            0B          0B          0B
02:25:27
              total        used        free      shared  buff/cache   available
Mem:           125G        1.2G        122G        8.7M        1.8G        123G
Swap:            0B          0B          0B
02:25:32
              total        used        free      shared  buff/cache   available
Mem:           125G        1.2G        122G        8.7M        1.8G        123G
Swap:            0B          0B          0B
02:25:37
              total        used        free      shared  buff/cache   available
Mem:           125G        1.2G        122G        8.7M        1.8G        123G
Swap:            0B          0B          0B
02:25:42
              total        used        free      shared  buff/cache   available
Mem:           125G        1.2G        122G        8.7M        1.8G        123G
Swap:            0B          0B          0B
02:25:47
              total        used        free      shared  buff/cache   available
Mem:           125G        1.2G        122G        8.7M        1.8G        123G
Swap:            0B          0B          0B
02:25:52
              total        used        free      shared  buff/cache   available
Mem:           125G        1.2G        122G        8.7M        1.8G        123G
Swap:            0B          0B          0B
02:25:57
              total        used        free      shared  buff/cache   available
Mem:           125G        1.2G        122G        8.7M        1.8G        123G
Swap:            0B          0B          0B
02:26:02
              total        used        free      shared  buff/cache   available
Mem:           125G        1.2G        122G        8.7M        1.8G        123G
Swap:            0B          0B          0B
02:26:07
              total        used        free      shared  buff/cache   available
Mem:           125G        1.2G        122G        8.7M        1.8G        123G
Swap:            0B          0B          0B
02:26:13
              total        used        free      shared  buff/cache   available
Mem:           125G        1.2G        122G        8.7M        1.8G        123G
Swap:            0B          0B          0B
02:26:18
              total        used        free      shared  buff/cache   available
Mem:           125G        1.2G        122G        8.7M        1.8G        123G
Swap:            0B          0B          0B
02:26:23
              total        used        free      shared  buff/cache   available
Mem:           125G        410M        123G        8.7M        1.9G        124G
Swap:            0B          0B          0B
02:26:28
              total        used        free      shared  buff/cache   available
Mem:           125G        618M        123G        8.7M        1.9G        124G
Swap:            0B          0B          0B
02:26:33
              total        used        free      shared  buff/cache   available
Mem:           125G        618M        123G        8.7M        1.9G        124G
Swap:            0B          0B          0B
02:26:38
              total        used        free      shared  buff/cache   available
Mem:           125G        619M        123G        8.7M        1.9G        124G
Swap:            0B          0B          0B
02:26:43
              total        used        free      shared  buff/cache   available
Mem:           125G        619M        123G        8.7M        1.9G        124G
Swap:            0B          0B          0B
02:26:48
              total        used        free      shared  buff/cache   available
Mem:           125G        619M        123G        8.7M        1.9G        124G
Swap:            0B          0B          0B
02:26:53
              total        used        free      shared  buff/cache   available
Mem:           125G        619M        123G        8.7M        1.9G        124G
Swap:            0B          0B          0B
02:26:58
              total        used        free      shared  buff/cache   available
Mem:           125G        619M        123G        8.7M        1.9G        124G
Swap:            0B          0B          0B
02:27:03
              total        used        free      shared  buff/cache   available
Mem:           125G        619M        123G        8.7M        1.9G        124G
Swap:            0B          0B          0B
02:27:08
              total        used        free      shared  buff/cache   available
Mem:           125G        619M        123G        8.7M        1.9G        124G
Swap:            0B          0B          0B
02:27:13
              total        used        free      shared  buff/cache   available
Mem:           125G        619M        123G        8.7M        1.9G        124G
Swap:            0B          0B          0B
02:27:18
              total        used        free      shared  buff/cache   available
Mem:           125G        619M        123G        8.7M        1.9G        124G
Swap:            0B          0B          0B
02:27:23
              total        used        free      shared  buff/cache   available
Mem:           125G        619M        123G        8.7M        1.9G        124G
Swap:            0B          0B          0B
02:27:28
              total        used        free      shared  buff/cache   available
Mem:           125G        619M        123G        8.7M        1.9G        124G
Swap:            0B          0B          0B
02:27:33
              total        used        free      shared  buff/cache   available
Mem:           125G        619M        123G        8.7M        1.9G        124G
Swap:            0B          0B          0B
02:27:38
              total        used        free      shared  buff/cache   available
Mem:           125G        619M        123G        8.7M        1.9G        124G
Swap:            0B          0B          0B
02:27:43
              total        used        free      shared  buff/cache   available
Mem:           125G        619M        123G        8.7M        1.9G        124G
Swap:            0B          0B          0B
02:27:48
              total        used        free      shared  buff/cache   available
Mem:           125G        1.6G        122G        8.7M        1.9G        123G
Swap:            0B          0B          0B
02:27:54
              total        used        free      shared  buff/cache   available
Mem:           125G        8.0G        115G        8.7M        1.9G        116G
Swap:            0B          0B          0B
02:27:59
              total        used        free      shared  buff/cache   available
Mem:           125G        5.6G        118G        8.7M        2.1G        119G
Swap:            0B          0B          0B
02:28:04
              total        used        free      shared  buff/cache   available
Mem:           125G        605M        123G        8.7M        1.7G        124G
Swap:            0B          0B          0B
02:28:09
              total        used        free      shared  buff/cache   available
Mem:           125G        1.2G        122G        8.7M        1.7G        123G
Swap:            0B          0B          0B
02:28:14
              total        used        free      shared  buff/cache   available
Mem:           125G        1.2G        122G        8.7M        1.7G        123G
Swap:            0B          0B          0B
02:28:19
              total        used        free      shared  buff/cache   available
Mem:           125G        1.2G        122G        8.7M        1.7G        123G
Swap:            0B          0B          0B
02:28:24
              total        used        free      shared  buff/cache   available
Mem:           125G        1.1G        123G        8.7M        1.7G        123G
Swap:            0B          0B          0B
02:28:29
              total        used        free      shared  buff/cache   available
Mem:           125G        1.1G        123G        8.7M        1.7G        123G
Swap:            0B          0B          0B
02:28:34
              total        used        free      shared  buff/cache   available
Mem:           125G        1.2G        122G        8.7M        1.7G        123G
Swap:            0B          0B          0B
02:28:39
              total        used        free      shared  buff/cache   available
Mem:           125G        1.2G        122G        8.7M        1.7G        123G
Swap:            0B          0B          0B
02:28:44
              total        used        free      shared  buff/cache   available
Mem:           125G        1.2G        122G        8.7M        1.7G        123G
Swap:            0B          0B          0B
02:28:49
              total        used        free      shared  buff/cache   available
Mem:           125G        1.2G        122G        8.7M        1.7G        123G
Swap:            0B          0B          0B
02:28:54
              total        used        free      shared  buff/cache   available
Mem:           125G        1.2G        122G        8.7M        1.7G        123G
Swap:            0B          0B          0B
02:28:59
              total        used        free      shared  buff/cache   available
Mem:           125G        1.2G        122G        8.7M        1.7G        123G
Swap:            0B          0B          0B
02:29:04
              total        used        free      shared  buff/cache   available
Mem:           125G        1.2G        122G        8.7M        1.7G        123G
Swap:            0B          0B          0B
02:29:09
              total        used        free      shared  buff/cache   available
Mem:           125G        947M        123G        8.7M        1.7G        123G
Swap:            0B          0B          0B
02:29:14
              total        used        free      shared  buff/cache   available
Mem:           125G        1.2G        122G        8.7M        1.7G        123G
Swap:            0B          0B          0B
02:29:19
              total        used        free      shared  buff/cache   available
Mem:           125G        548M        123G        8.7M        1.8G        124G
Swap:            0B          0B          0B
02:29:24
              total        used        free      shared  buff/cache   available
Mem:           125G        618M        123G        8.7M        1.8G        124G
Swap:            0B          0B          0B
02:29:29
              total        used        free      shared  buff/cache   available
Mem:           125G        619M        123G        8.7M        1.8G        124G
Swap:            0B          0B          0B
02:29:34
              total        used        free      shared  buff/cache   available
Mem:           125G        619M        123G        8.7M        1.8G        124G
Swap:            0B          0B          0B
02:29:40
              total        used        free      shared  buff/cache   available
Mem:           125G        620M        123G        8.7M        1.8G        124G
Swap:            0B          0B          0B
02:29:45
              total        used        free      shared  buff/cache   available
Mem:           125G        620M        123G        8.7M        1.8G        124G
Swap:            0B          0B          0B
02:29:50
              total        used        free      shared  buff/cache   available
Mem:           125G        620M        123G        8.7M        1.8G        124G
Swap:            0B          0B          0B
02:29:55
              total        used        free      shared  buff/cache   available
Mem:           125G        620M        123G        8.7M        1.8G        124G
Swap:            0B          0B          0B
02:30:00
              total        used        free      shared  buff/cache   available
Mem:           125G        620M        123G        8.7M        1.8G        124G
Swap:            0B          0B          0B
02:30:05
              total        used        free      shared  buff/cache   available
Mem:           125G        620M        123G        8.7M        1.8G        124G
Swap:            0B          0B          0B
02:30:10
              total        used        free      shared  buff/cache   available
Mem:           125G        620M        123G        8.7M        1.8G        124G
Swap:            0B          0B          0B
02:30:15
              total        used        free      shared  buff/cache   available
Mem:           125G        620M        123G        8.7M        1.8G        124G
Swap:            0B          0B          0B
02:30:20
              total        used        free      shared  buff/cache   available
Mem:           125G        620M        123G        8.7M        1.8G        124G
Swap:            0B          0B          0B
02:30:25
              total        used        free      shared  buff/cache   available
Mem:           125G        620M        123G        8.7M        1.8G        124G
Swap:            0B          0B          0B
02:30:30
              total        used        free      shared  buff/cache   available
Mem:           125G        620M        123G        8.7M        1.8G        124G
Swap:            0B          0B          0B
02:30:35
              total        used        free      shared  buff/cache   available
Mem:           125G        620M        123G        8.7M        1.8G        124G
Swap:            0B          0B          0B
02:30:40
              total        used        free      shared  buff/cache   available
Mem:           125G        620M        123G        8.7M        1.8G        124G
Swap:            0B          0B          0B
02:30:45
              total        used        free      shared  buff/cache   available
Mem:           125G        4.8G        119G        8.7M        1.8G        119G
Swap:            0B          0B          0B
02:30:50
              total        used        free      shared  buff/cache   available
Mem:           125G        7.5G        116G        8.7M        1.8G        117G
Swap:            0B          0B          0B
02:30:55
              total        used        free      shared  buff/cache   available
Mem:           125G        5.2G        118G        8.7M        2.0G        119G
Swap:            0B          0B          0B
02:31:00
              total        used        free      shared  buff/cache   available
Mem:           125G        683M        123G        8.7M        2.0G        124G
Swap:            0B          0B          0B
02:31:05
              total        used        free      shared  buff/cache   available
Mem:           125G        1.2G        122G        8.7M        2.0G        123G
Swap:            0B          0B          0B
02:31:10
              total        used        free      shared  buff/cache   available
Mem:           125G        916M        122G        8.7M        2.0G        123G
Swap:            0B          0B          0B
02:31:15
              total        used        free      shared  buff/cache   available
Mem:           125G        1.2G        122G        8.7M        2.0G        123G
Swap:            0B          0B          0B
02:31:20
              total        used        free      shared  buff/cache   available
Mem:           125G        1.2G        122G        8.7M        2.0G        123G
Swap:            0B          0B          0B
02:31:26
              total        used        free      shared  buff/cache   available
Mem:           125G        1.2G        122G        8.7M        2.0G        123G
Swap:            0B          0B          0B
02:31:31
              total        used        free      shared  buff/cache   available
Mem:           125G        1.2G        122G        8.7M        2.0G        123G
Swap:            0B          0B          0B
02:31:36
              total        used        free      shared  buff/cache   available
Mem:           125G        1.2G        122G        8.7M        2.0G        123G
Swap:            0B          0B          0B
02:31:41
              total        used        free      shared  buff/cache   available
Mem:           125G        1.2G        122G        8.7M        2.0G        123G
Swap:            0B          0B          0B
02:31:46
              total        used        free      shared  buff/cache   available
Mem:           125G        1.2G        122G        8.7M        2.0G        123G
Swap:            0B          0B          0B
02:31:51
              total        used        free      shared  buff/cache   available
Mem:           125G        1.0G        122G        8.7M        2.0G        123G
Swap:            0B          0B          0B
02:31:56
              total        used        free      shared  buff/cache   available
Mem:           125G        1.2G        122G        8.7M        2.0G        123G
Swap:            0B          0B          0B
02:32:01
              total        used        free      shared  buff/cache   available
Mem:           125G        1.2G        122G        8.7M        2.0G        123G
Swap:            0B          0B          0B
02:32:06
              total        used        free      shared  buff/cache   available
Mem:           125G        1.2G        122G        8.7M        2.0G        123G
Swap:            0B          0B          0B
02:32:11
              total        used        free      shared  buff/cache   available
Mem:           125G        1.2G        122G        8.7M        2.0G        123G
Swap:            0B          0B          0B
02:32:16
              total        used        free      shared  buff/cache   available
Mem:           125G        616M        123G        8.7M        2.1G        124G
Swap:            0B          0B          0B
02:32:21
              total        used        free      shared  buff/cache   available
Mem:           125G        617M        123G        8.7M        2.1G        124G
Swap:            0B          0B          0B
02:32:26
              total        used        free      shared  buff/cache   available
Mem:           125G        618M        123G        8.7M        2.1G        124G
Swap:            0B          0B          0B
02:32:31
              total        used        free      shared  buff/cache   available
Mem:           125G        618M        123G        8.7M        2.1G        124G
Swap:            0B          0B          0B
02:32:36
              total        used        free      shared  buff/cache   available
Mem:           125G        618M        123G        8.7M        2.1G        124G
Swap:            0B          0B          0B
02:32:41
              total        used        free      shared  buff/cache   available
Mem:           125G        618M        123G        8.7M        2.1G        124G
Swap:            0B          0B          0B
02:32:46
              total        used        free      shared  buff/cache   available
Mem:           125G        618M        123G        8.7M        2.1G        124G
Swap:            0B          0B          0B
02:32:51
              total        used        free      shared  buff/cache   available
Mem:           125G        618M        123G        8.7M        2.1G        124G
Swap:            0B          0B          0B
02:32:56
              total        used        free      shared  buff/cache   available
Mem:           125G        617M        123G        8.7M        2.1G        124G
Swap:            0B          0B          0B
02:33:02
              total        used        free      shared  buff/cache   available
Mem:           125G        617M        123G        8.7M        2.1G        124G
Swap:            0B          0B          0B
02:33:07
              total        used        free      shared  buff/cache   available
Mem:           125G        617M        123G        8.7M        2.1G        124G
Swap:            0B          0B          0B
02:33:12
              total        used        free      shared  buff/cache   available
Mem:           125G        617M        123G        8.7M        2.1G        124G
Swap:            0B          0B          0B
02:33:17
              total        used        free      shared  buff/cache   available
Mem:           125G        617M        123G        8.7M        2.1G        124G
Swap:            0B          0B          0B
02:33:22
              total        used        free      shared  buff/cache   available
Mem:           125G        617M        123G        8.7M        2.1G        124G
Swap:            0B          0B          0B
02:33:27
              total        used        free      shared  buff/cache   available
Mem:           125G        617M        123G        8.7M        2.1G        124G
Swap:            0B          0B          0B
02:33:32
              total        used        free      shared  buff/cache   available
Mem:           125G        618M        123G        8.7M        2.1G        124G
Swap:            0B          0B          0B
02:33:37
              total        used        free      shared  buff/cache   available
Mem:           125G        619M        123G        8.7M        2.1G        124G
Swap:            0B          0B          0B
02:33:42
              total        used        free      shared  buff/cache   available
Mem:           125G        8.0G        115G        8.7M        2.1G        116G
Swap:            0B          0B          0B
02:33:47
              total        used        free      shared  buff/cache   available
Mem:           125G        5.7G        117G        8.7M        2.3G        119G
Swap:            0B          0B          0B
02:33:52
              total        used        free      shared  buff/cache   available
Mem:           125G        576M        123G        8.7M        1.9G        124G
Swap:            0B          0B          0B
02:33:57
              total        used        free      shared  buff/cache   available
Mem:           125G        884M        123G        8.7M        1.9G        123G
Swap:            0B          0B          0B
02:34:02
              total        used        free      shared  buff/cache   available
Mem:           125G        1.2G        122G        8.7M        1.9G        123G
Swap:            0B          0B          0B
02:34:07
              total        used        free      shared  buff/cache   available
Mem:           125G        1.2G        122G        8.7M        1.9G        123G
Swap:            0B          0B          0B
02:34:12
              total        used        free      shared  buff/cache   available
Mem:           125G        1.2G        122G        8.7M        1.9G        123G
Swap:            0B          0B          0B
02:34:17
              total        used        free      shared  buff/cache   available
Mem:           125G        1.2G        122G        8.7M        1.9G        123G
Swap:            0B          0B          0B
02:34:22
              total        used        free      shared  buff/cache   available
Mem:           125G        1.2G        122G        8.7M        1.9G        123G
Swap:            0B          0B          0B
02:34:27
              total        used        free      shared  buff/cache   available
Mem:           125G        1.2G        122G        8.7M        1.9G        123G
Swap:            0B          0B          0B
02:34:32
              total        used        free      shared  buff/cache   available
Mem:           125G        1.2G        122G        8.7M        1.9G        123G
Swap:            0B          0B          0B
02:34:37
              total        used        free      shared  buff/cache   available
Mem:           125G        1.0G        122G        8.7M        1.9G        123G
Swap:            0B          0B          0B
02:34:43
              total        used        free      shared  buff/cache   available
Mem:           125G        1.2G        122G        8.7M        1.9G        123G
Swap:            0B          0B          0B
02:34:48
              total        used        free      shared  buff/cache   available
Mem:           125G        1.2G        122G        8.7M        1.9G        123G
Swap:            0B          0B          0B
02:34:53
              total        used        free      shared  buff/cache   available
Mem:           125G        1.2G        122G        8.7M        1.9G        123G
Swap:            0B          0B          0B
02:34:58
              total        used        free      shared  buff/cache   available
Mem:           125G        1.2G        122G        8.7M        1.9G        123G
Swap:            0B          0B          0B
02:35:03
              total        used        free      shared  buff/cache   available
Mem:           125G        1.2G        122G        8.7M        1.9G        123G
Swap:            0B          0B          0B
02:35:08
              total        used        free      shared  buff/cache   available
Mem:           125G        618M        123G        8.7M        2.0G        124G
Swap:            0B          0B          0B
02:35:13
              total        used        free      shared  buff/cache   available
Mem:           125G        618M        123G        8.7M        2.0G        124G
Swap:            0B          0B          0B
02:35:18
              total        used        free      shared  buff/cache   available
Mem:           125G        618M        123G        8.7M        2.0G        124G
Swap:            0B          0B          0B
02:35:23
              total        used        free      shared  buff/cache   available
Mem:           125G        618M        123G        8.7M        2.0G        124G
Swap:            0B          0B          0B
02:35:28
              total        used        free      shared  buff/cache   available
Mem:           125G        618M        123G        8.7M        2.0G        124G
Swap:            0B          0B          0B
02:35:33
              total        used        free      shared  buff/cache   available
Mem:           125G        618M        123G        8.7M        2.0G        124G
Swap:            0B          0B          0B
02:35:38
              total        used        free      shared  buff/cache   available
Mem:           125G        618M        123G        8.7M        2.0G        124G
Swap:            0B          0B          0B
02:35:43
              total        used        free      shared  buff/cache   available
Mem:           125G        618M        123G        8.7M        2.0G        124G
Swap:            0B          0B          0B
02:35:48
              total        used        free      shared  buff/cache   available
Mem:           125G        618M        123G        8.7M        2.0G        124G
Swap:            0B          0B          0B
02:35:53
              total        used        free      shared  buff/cache   available
Mem:           125G        618M        123G        8.7M        2.0G        124G
Swap:            0B          0B          0B
02:35:58
              total        used        free      shared  buff/cache   available
Mem:           125G        619M        123G        8.7M        2.0G        124G
Swap:            0B          0B          0B
02:36:03
              total        used        free      shared  buff/cache   available
Mem:           125G        619M        123G        8.7M        2.0G        124G
Swap:            0B          0B          0B
02:36:08
              total        used        free      shared  buff/cache   available
Mem:           125G        619M        123G        8.7M        2.0G        124G
Swap:            0B          0B          0B
02:36:13
              total        used        free      shared  buff/cache   available
Mem:           125G        619M        123G        8.7M        2.0G        124G
Swap:            0B          0B          0B
02:36:19
              total        used        free      shared  buff/cache   available
Mem:           125G        619M        123G        8.7M        2.0G        124G
Swap:            0B          0B          0B
02:36:24
              total        used        free      shared  buff/cache   available
Mem:           125G        619M        123G        8.7M        2.0G        124G
Swap:            0B          0B          0B
02:36:29
              total        used        free      shared  buff/cache   available
Mem:           125G        619M        123G        8.7M        2.0G        124G
Swap:            0B          0B          0B
02:36:34
              total        used        free      shared  buff/cache   available
Mem:           125G        7.3G        116G        8.7M        2.0G        117G
Swap:            0B          0B          0B
02:36:39
              total        used        free      shared  buff/cache   available
Mem:           125G        848M        122G        8.7M        2.2G        123G
Swap:            0B          0B          0B
02:36:44
              total        used        free      shared  buff/cache   available
Mem:           125G        793M        122G        8.7M        2.2G        123G
Swap:            0B          0B          0B
02:36:49
              total        used        free      shared  buff/cache   available
Mem:           125G        1.2G        122G        8.7M        2.2G        123G
Swap:            0B          0B          0B
02:36:54
              total        used        free      shared  buff/cache   available
Mem:           125G        1.2G        122G        8.7M        2.2G        123G
Swap:            0B          0B          0B
02:36:59
              total        used        free      shared  buff/cache   available
Mem:           125G        1.2G        122G        8.7M        2.2G        123G
Swap:            0B          0B          0B
02:37:04
              total        used        free      shared  buff/cache   available
Mem:           125G        1.2G        122G        8.7M        2.2G        123G
Swap:            0B          0B          0B
02:37:09
              total        used        free      shared  buff/cache   available
Mem:           125G        1.2G        122G        8.7M        2.2G        123G
Swap:            0B          0B          0B
02:37:14
              total        used        free      shared  buff/cache   available
Mem:           125G        1.2G        122G        8.7M        2.2G        123G
Swap:            0B          0B          0B
02:37:19
              total        used        free      shared  buff/cache   available
Mem:           125G        1.2G        122G        8.7M        2.2G        123G
Swap:            0B          0B          0B
02:37:24
              total        used        free      shared  buff/cache   available
Mem:           125G        994M        122G        8.7M        2.2G        123G
Swap:            0B          0B          0B
02:37:29
              total        used        free      shared  buff/cache   available
Mem:           125G        1.2G        122G        8.7M        2.2G        123G
Swap:            0B          0B          0B
02:37:34
              total        used        free      shared  buff/cache   available
Mem:           125G        1.2G        122G        8.7M        2.2G        123G
Swap:            0B          0B          0B
02:37:39
              total        used        free      shared  buff/cache   available
Mem:           125G        1.2G        122G        8.7M        2.2G        123G
Swap:            0B          0B          0B
02:37:44
              total        used        free      shared  buff/cache   available
Mem:           125G        1.2G        122G        8.7M        2.2G        123G
Swap:            0B          0B          0B
02:37:49
              total        used        free      shared  buff/cache   available
Mem:           125G        1.2G        122G        8.7M        2.2G        123G
Swap:            0B          0B          0B
02:37:54
              total        used        free      shared  buff/cache   available
Mem:           125G        1.2G        122G        8.7M        2.2G        123G
Swap:            0B          0B          0B
02:37:59
              total        used        free      shared  buff/cache   available
Mem:           125G        618M        122G        8.7M        2.3G        124G
Swap:            0B          0B          0B
02:38:04
              total        used        free      shared  buff/cache   available
Mem:           125G        618M        122G        8.7M        2.3G        124G
Swap:            0B          0B          0B
02:38:10
              total        used        free      shared  buff/cache   available
Mem:           125G        618M        122G        8.7M        2.3G        124G
Swap:            0B          0B          0B
02:38:15
              total        used        free      shared  buff/cache   available
Mem:           125G        618M        122G        8.7M        2.3G        124G
Swap:            0B          0B          0B
02:38:20
              total        used        free      shared  buff/cache   available
Mem:           125G        618M        122G        8.7M        2.3G        124G
Swap:            0B          0B          0B
02:38:25
              total        used        free      shared  buff/cache   available
Mem:           125G        619M        122G        8.7M        2.3G        124G
Swap:            0B          0B          0B
02:38:30
              total        used        free      shared  buff/cache   available
Mem:           125G        619M        122G        8.7M        2.3G        124G
Swap:            0B          0B          0B
02:38:35
              total        used        free      shared  buff/cache   available
Mem:           125G        619M        122G        8.7M        2.3G        124G
Swap:            0B          0B          0B
02:38:40
              total        used        free      shared  buff/cache   available
Mem:           125G        619M        122G        8.7M        2.3G        124G
Swap:            0B          0B          0B
02:38:45
              total        used        free      shared  buff/cache   available
Mem:           125G        619M        122G        8.7M        2.3G        124G
Swap:            0B          0B          0B
02:38:50
              total        used        free      shared  buff/cache   available
Mem:           125G        619M        122G        8.7M        2.3G        124G
Swap:            0B          0B          0B
02:38:55
              total        used        free      shared  buff/cache   available
Mem:           125G        619M        122G        8.7M        2.3G        124G
Swap:            0B          0B          0B
02:39:00
              total        used        free      shared  buff/cache   available
Mem:           125G        619M        122G        8.7M        2.3G        124G
Swap:            0B          0B          0B
02:39:05
              total        used        free      shared  buff/cache   available
Mem:           125G        620M        122G        8.7M        2.3G        124G
Swap:            0B          0B          0B
02:39:10
              total        used        free      shared  buff/cache   available
Mem:           125G        620M        122G        8.7M        2.3G        124G
Swap:            0B          0B          0B
02:39:15
              total        used        free      shared  buff/cache   available
Mem:           125G        620M        122G        8.7M        2.3G        124G
Swap:            0B          0B          0B
02:39:20
              total        used        free      shared  buff/cache   available
Mem:           125G        6.0G        117G        8.7M        2.3G        118G
Swap:            0B          0B          0B
02:39:25
              total        used        free      shared  buff/cache   available
Mem:           125G        7.8G        115G        8.7M        2.3G        116G
Swap:            0B          0B          0B
02:39:30
              total        used        free      shared  buff/cache   available
Mem:           125G        674M        122G        8.7M        2.5G        124G
Swap:            0B          0B          0B
02:39:35
              total        used        free      shared  buff/cache   available
Mem:           125G        1.2G        122G        8.7M        2.1G        123G
Swap:            0B          0B          0B
02:39:40
              total        used        free      shared  buff/cache   available
Mem:           125G        1.2G        122G        8.7M        2.1G        123G
Swap:            0B          0B          0B
02:39:46
              total        used        free      shared  buff/cache   available
Mem:           125G        1.2G        122G        8.7M        2.1G        123G
Swap:            0B          0B          0B
02:39:51
              total        used        free      shared  buff/cache   available
Mem:           125G        1.2G        122G        8.7M        2.1G        123G
Swap:            0B          0B          0B
02:39:56
              total        used        free      shared  buff/cache   available
Mem:           125G        1.2G        122G        8.7M        2.1G        123G
Swap:            0B          0B          0B
02:40:01
              total        used        free      shared  buff/cache   available
Mem:           125G        961M        122G        8.7M        2.1G        123G
Swap:            0B          0B          0B
02:40:06
              total        used        free      shared  buff/cache   available
Mem:           125G        1.2G        122G        8.7M        2.1G        123G
Swap:            0B          0B          0B
02:40:11
              total        used        free      shared  buff/cache   available
Mem:           125G        1.2G        122G        8.7M        2.1G        123G
Swap:            0B          0B          0B
02:40:16
              total        used        free      shared  buff/cache   available
Mem:           125G        1.2G        122G        8.7M        2.1G        123G
Swap:            0B          0B          0B
02:40:21
              total        used        free      shared  buff/cache   available
Mem:           125G        1.2G        122G        8.7M        2.1G        123G
Swap:            0B          0B          0B
02:40:26
              total        used        free      shared  buff/cache   available
Mem:           125G        1.2G        122G        8.7M        2.1G        123G
Swap:            0B          0B          0B
02:40:31
              total        used        free      shared  buff/cache   available
Mem:           125G        1.2G        122G        8.7M        2.1G        123G
Swap:            0B          0B          0B
02:40:36
              total        used        free      shared  buff/cache   available
Mem:           125G        1.2G        122G        8.7M        2.1G        123G
Swap:            0B          0B          0B
02:40:41
              total        used        free      shared  buff/cache   available
Mem:           125G        991M        122G        8.7M        2.1G        123G
Swap:            0B          0B          0B
02:40:46
              total        used        free      shared  buff/cache   available
Mem:           125G        549M        123G        8.7M        2.2G        124G
Swap:            0B          0B          0B
02:40:51
              total        used        free      shared  buff/cache   available
Mem:           125G        617M        123G        8.7M        2.2G        124G
Swap:            0B          0B          0B
02:40:56
              total        used        free      shared  buff/cache   available
Mem:           125G        617M        123G        8.7M        2.2G        124G
Swap:            0B          0B          0B
02:41:01
              total        used        free      shared  buff/cache   available
Mem:           125G        618M        123G        8.7M        2.2G        124G
Swap:            0B          0B          0B
02:41:06
              total        used        free      shared  buff/cache   available
Mem:           125G        618M        123G        8.7M        2.2G        124G
Swap:            0B          0B          0B
02:41:11
              total        used        free      shared  buff/cache   available
Mem:           125G        619M        123G        8.7M        2.2G        124G
Swap:            0B          0B          0B
02:41:16
              total        used        free      shared  buff/cache   available
Mem:           125G        619M        123G        8.7M        2.2G        124G
Swap:            0B          0B          0B
02:41:21
              total        used        free      shared  buff/cache   available
Mem:           125G        619M        123G        8.7M        2.2G        124G
Swap:            0B          0B          0B
02:41:27
              total        used        free      shared  buff/cache   available
Mem:           125G        619M        123G        8.7M        2.2G        124G
Swap:            0B          0B          0B
02:41:32
              total        used        free      shared  buff/cache   available
Mem:           125G        618M        123G        8.7M        2.2G        124G
Swap:            0B          0B          0B
02:41:37
              total        used        free      shared  buff/cache   available
Mem:           125G        619M        123G        8.7M        2.2G        124G
Swap:            0B          0B          0B
02:41:42
              total        used        free      shared  buff/cache   available
Mem:           125G        619M        123G        8.7M        2.2G        124G
Swap:            0B          0B          0B
02:41:47
              total        used        free      shared  buff/cache   available
Mem:           125G        619M        123G        8.7M        2.2G        124G
Swap:            0B          0B          0B
02:41:52
              total        used        free      shared  buff/cache   available
Mem:           125G        620M        123G        8.7M        2.2G        124G
Swap:            0B          0B          0B
02:41:57
              total        used        free      shared  buff/cache   available
Mem:           125G        620M        123G        8.7M        2.2G        124G
Swap:            0B          0B          0B
02:42:02
              total        used        free      shared  buff/cache   available
Mem:           125G        620M        123G        8.7M        2.2G        124G
Swap:            0B          0B          0B
02:42:07
              total        used        free      shared  buff/cache   available
Mem:           125G        619M        123G        8.7M        2.2G        124G
Swap:            0B          0B          0B
02:42:12
              total        used        free      shared  buff/cache   available
Mem:           125G        6.2G        117G        8.7M        2.2G        118G
Swap:            0B          0B          0B
02:42:17
              total        used        free      shared  buff/cache   available
Mem:           125G        7.7G        115G        8.7M        2.2G        117G
Swap:            0B          0B          0B
02:42:22
              total        used        free      shared  buff/cache   available
Mem:           125G        674M        122G        8.7M        2.4G        124G
Swap:            0B          0B          0B
02:42:27
              total        used        free      shared  buff/cache   available
Mem:           125G        1.2G        122G        8.7M        2.4G        123G
Swap:            0B          0B          0B
02:42:32
              total        used        free      shared  buff/cache   available
Mem:           125G        1.1G        122G        8.7M        2.4G        123G
Swap:            0B          0B          0B
02:42:37
              total        used        free      shared  buff/cache   available
Mem:           125G        1.2G        122G        8.7M        2.4G        123G
Swap:            0B          0B          0B
02:42:42
              total        used        free      shared  buff/cache   available
Mem:           125G        1.2G        122G        8.7M        2.4G        123G
Swap:            0B          0B          0B
02:42:47
              total        used        free      shared  buff/cache   available
Mem:           125G        1.2G        122G        8.7M        2.4G        123G
Swap:            0B          0B          0B
02:42:52
              total        used        free      shared  buff/cache   available
Mem:           125G        1.2G        122G        8.7M        2.4G        123G
Swap:            0B          0B          0B
02:42:57
              total        used        free      shared  buff/cache   available
Mem:           125G        1.2G        122G        8.7M        2.4G        123G
Swap:            0B          0B          0B
02:43:03
              total        used        free      shared  buff/cache   available
Mem:           125G        1.2G        122G        8.7M        2.4G        123G
Swap:            0B          0B          0B
02:43:08
              total        used        free      shared  buff/cache   available
Mem:           125G        1.2G        122G        8.7M        2.4G        123G
Swap:            0B          0B          0B
02:43:13
              total        used        free      shared  buff/cache   available
